Component: ARM Compiler 5.06 update 4 (build 422) Tool: armlink [4d35d2]

==============================================================================

Section Cross References

    asptemp.o(i.APP_ASP_SapHandler) refers to asptemp.o(i.__ARM_common_switch8) for __ARM_common_switch8
    asptemp.o(i.APP_ASP_SapHandler) refers to asptemp.o(i.Asp_XcvrWriteReq) for Asp_XcvrWriteReq
    asptemp.o(i.APP_ASP_SapHandler) refers to asptemp.o(i.Asp_XcvrReadReq) for Asp_XcvrReadReq
    asptemp.o(i.APP_ASP_SapHandler) refers to asptemp.o(i.Asp_SetFADState) for Asp_SetFADState
    asptemp.o(i.APP_ASP_SapHandler) refers to asptemp.o(i.Asp_SetFADThreshold) for Asp_SetFADThreshold
    asptemp.o(i.APP_ASP_SapHandler) refers to asptemp.o(i.Asp_SetANTXState) for Asp_SetANTXState
    asptemp.o(i.APP_ASP_SapHandler) refers to asptemp.o(i.Asp_GetANTXState) for Asp_GetANTXState
    asptemp.o(i.APP_ASP_SapHandler) refers to asptemp.o(i.Asp_SetPowerLevel) for Asp_SetPowerLevel
    asptemp.o(i.APP_ASP_SapHandler) refers to asptemp.o(i.Asp_GetPowerLevel) for Asp_GetPowerLevel
    asptemp.o(i.APP_ASP_SapHandler) refers to asptemp.o(i.ASP_TelecSetFreq) for ASP_TelecSetFreq
    asptemp.o(i.APP_ASP_SapHandler) refers to asptemp.o(i.ASP_TelecSendRawData) for ASP_TelecSendRawData
    asptemp.o(i.APP_ASP_SapHandler) refers to asptemp.o(i.ASP_TelecTest) for ASP_TelecTest
    asptemp.o(i.APP_ASP_SapHandler) refers to asptemp.o(i.Asp_SetLQIMode) for Asp_SetLQIMode
    asptemp.o(i.APP_ASP_SapHandler) refers to asptemp.o(i.Asp_GetRSSILevel) for Asp_GetRSSILevel
    asptemp.o(i.ASP_TelecSendRawData) refers to phyplmedata.o(i.PhyAbort) for PhyAbort
    asptemp.o(i.ASP_TelecSendRawData) refers to phystatemachine.o(i.Phy_SetSequenceTiming) for Phy_SetSequenceTiming
    asptemp.o(i.ASP_TelecSendRawData) refers to phyplmedata.o(i.PhyPdDataRequest) for PhyPdDataRequest
    asptemp.o(i.ASP_TelecSendRawData) refers to sx123xdrv.o(i.XCVRDrv_IRQ_DIO0_Disable) for XCVRDrv_IRQ_DIO0_Disable
    asptemp.o(i.ASP_TelecSendRawData) refers to sx123xdrv.o(i.XCVRDrv_ReadRegister) for XCVRDrv_ReadRegister
    asptemp.o(i.ASP_TelecSetFreq) refers to phyplmedata.o(i.PhyAbort) for PhyAbort
    asptemp.o(i.ASP_TelecSetFreq) refers to phypib.o(i.PhyPib_SetCurrentChannel) for PhyPib_SetCurrentChannel
    asptemp.o(i.ASP_TelecTest) refers to asptemp.o(i.__ARM_common_switch8) for __ARM_common_switch8
    asptemp.o(i.ASP_TelecTest) refers to phyplmedata.o(i.PhyAbort) for PhyAbort
    asptemp.o(i.ASP_TelecTest) refers to phyextended.o(i.Phy_SetOperationMode) for Phy_SetOperationMode
    asptemp.o(i.ASP_TelecTest) refers to phyisr.o(i.PhySetState) for PhySetState
    asptemp.o(i.ASP_TelecTest) refers to sx123xdrv.o(i.XCVRDrv_WriteRegister) for XCVRDrv_WriteRegister
    asptemp.o(i.ASP_TelecTest) refers to phyextended.o(i.Phy_SetDataMode) for Phy_SetDataMode
    asptemp.o(i.ASP_TelecTest) refers to sx123xdrv.o(i.XCVRDrv_ConfigureDIOPins) for XCVRDrv_ConfigureDIOPins
    asptemp.o(i.ASP_TelecTest) refers to asptemp.o(i.Asp_EnableXCVRInterrupts) for Asp_EnableXCVRInterrupts
    asptemp.o(i.ASP_TelecTest) refers to sx123xdrv.o(i.XCVRDrv_ReadRegister) for XCVRDrv_ReadRegister
    asptemp.o(i.ASP_TelecTest) refers to asptemp.o(i.Asp_DisableXCVRInterrupts) for Asp_DisableXCVRInterrupts
    asptemp.o(i.ASP_TelecTest) refers to asptemp.o(.data) for u8Freq_DevMsb
    asptemp.o(i.Asp_DisablePABoost) refers to phyplmedata.o(i.PhyAbort) for PhyAbort
    asptemp.o(i.Asp_DisablePABoost) refers to phyextended.o(i.Phy_PABoostCfg) for Phy_PABoostCfg
    asptemp.o(i.Asp_DisableXCVRInterrupts) refers to sx123xdrv.o(i.XCVRDrv_IRQ_DIO0_Disable) for XCVRDrv_IRQ_DIO0_Disable
    asptemp.o(i.Asp_DisableXCVRInterrupts) refers to sx123xdrv.o(i.XCVRDrv_IRQ_DIO1_Disable) for XCVRDrv_IRQ_DIO1_Disable
    asptemp.o(i.Asp_DisableXCVRInterrupts) refers to sx123xdrv.o(i.XCVRDrv_IRQ_DIO4_Disable) for XCVRDrv_IRQ_DIO4_Disable
    asptemp.o(i.Asp_EnablePABoost) refers to phyplmedata.o(i.PhyAbort) for PhyAbort
    asptemp.o(i.Asp_EnablePABoost) refers to phyextended.o(i.Phy_PABoostCfg) for Phy_PABoostCfg
    asptemp.o(i.Asp_EnableXCVRInterrupts) refers to sx123xdrv.o(i.XCVRDrv_IRQ_DIO1_Enable) for XCVRDrv_IRQ_DIO1_Enable
    asptemp.o(i.Asp_EnableXCVRInterrupts) refers to sx123xdrv.o(i.XCVRDrv_IRQ_DIO0_Enable) for XCVRDrv_IRQ_DIO0_Enable
    asptemp.o(i.Asp_EnableXCVRInterrupts) refers to sx123xdrv.o(i.XCVRDrv_IRQ_DIO4_Enable) for XCVRDrv_IRQ_DIO4_Enable
    asptemp.o(i.Asp_GetPowerLevel) refers to sx123xdrv.o(i.XCVRDrv_ReadRegister) for XCVRDrv_ReadRegister
    asptemp.o(i.Asp_GetRSSILevel) refers to phyextended.o(i.Phy_GetRssi) for Phy_GetRssi
    asptemp.o(i.Asp_ListenRequest) refers to phyisr.o(i.PhyPpGetState) for PhyPpGetState
    asptemp.o(i.Asp_ListenRequest) refers to phyextended.o(i.Phy_SetListenResRx) for Phy_SetListenResRx
    asptemp.o(i.Asp_ListenRequest) refers to phyextended.o(i.Phy_SetListenCoefRx) for Phy_SetListenCoefRx
[...]
    _initio                                   - Undefined Weak Reference
    _rand_init                                - Undefined Weak Reference
    _signal_finish                            - Undefined Weak Reference
    _signal_init                              - Undefined Weak Reference
    _terminate_alloc                          - Undefined Weak Reference
    _terminate_user_alloc                     - Undefined Weak Reference
    _terminateio                              - Undefined Weak Reference
    __Vectors_End                            0x000000c0   Data           0  startup_mkw01z4.o(RESET)
    __Vectors_Size                           0x000000c0   Number         0  startup_mkw01z4.o ABSOLUTE
    __main                                   0x000000c1   Thumb Code     8  __main.o(!!!main)
    __scatterload                            0x000000c9   Thumb Code     0  __scatter.o(!!!scatter)
    __scatterload_rt2                        0x000000c9   Thumb Code    52  __scatter.o(!!!scatter)
    __scatterload_rt2_thumb_only             0x000000c9   Thumb Code     0  __scatter.o(!!!scatter)
    __scatterload_null                       0x000000d9   Thumb Code     0  __scatter.o(!!!scatter)
    __scatterload_zeroinit                   0x00000105   Thumb Code    28  __scatter_zi.o(!!handler_zi)
    __rt_lib_init                            0x00000121   Thumb Code     0  libinit.o(.ARM.Collect$$libinit$$00000000)
    __rt_lib_init_alloca_1                   0x00000123   Thumb Code     0  libinit2.o(.ARM.Collect$$libinit$$0000002E)
    __rt_lib_init_argv_1                     0x00000123   Thumb Code     0  libinit2.o(.ARM.Collect$$libinit$$0000002C)
    __rt_lib_init_atexit_1                   0x00000123   Thumb Code     0  libinit2.o(.ARM.Collect$$libinit$$0000001B)
    __rt_lib_init_clock_1                    0x00000123   Thumb Code     0  libinit2.o(.ARM.Collect$$libinit$$00000021)
    __rt_lib_init_cpp_1                      0x00000123   Thumb Code     0  libinit2.o(.ARM.Collect$$libinit$$00000032)
    __rt_lib_init_exceptions_1               0x00000123   Thumb Code     0  libinit2.o(.ARM.Collect$$libinit$$00000030)
    __rt_lib_init_fp_1                       0x00000123   Thumb Code     0  libinit2.o(.ARM.Collect$$libinit$$00000002)
    __rt_lib_init_fp_trap_1                  0x00000123   Thumb Code     0  libinit2.o(.ARM.Collect$$libinit$$0000001F)
    __rt_lib_init_getenv_1                   0x00000123   Thumb Code     0  libinit2.o(.ARM.Collect$$libinit$$00000023)
    __rt_lib_init_heap_1                     0x00000123   Thumb Code     0  libinit2.o(.ARM.Collect$$libinit$$0000000A)
    __rt_lib_init_lc_collate_1               0x00000123   Thumb Code     0  libinit2.o(.ARM.Collect$$libinit$$00000011)
    __rt_lib_init_lc_ctype_1                 0x00000123   Thumb Code     0  libinit2.o(.ARM.Collect$$libinit$$00000013)
    __rt_lib_init_lc_monetary_1              0x00000123   Thumb Code     0  libinit2.o(.ARM.Collect$$libinit$$00000015)
    __rt_lib_init_lc_numeric_1               0x00000123   Thumb Code     0  libinit2.o(.ARM.Collect$$libinit$$00000017)
    __rt_lib_init_lc_time_1                  0x00000123   Thumb Code     0  libinit2.o(.ARM.Collect$$libinit$$00000019)
    __rt_lib_init_preinit_1                  0x00000123   Thumb Code     0  libinit2.o(.ARM.Collect$$libinit$$00000004)
    __rt_lib_init_rand_1                     0x00000123   Thumb Code     0  libinit2.o(.ARM.Collect$$libinit$$0000000E)
    __rt_lib_init_return                     0x00000123   Thumb Code     0  libinit2.o(.ARM.Collect$$libinit$$00000033)
    __rt_lib_init_signal_1                   0x00000123   Thumb Code     0  libinit2.o(.ARM.Collect$$libinit$$0000001D)
    __rt_lib_init_stdio_1                    0x00000123   Thumb Code     0  libinit2.o(.ARM.Collect$$libinit$$00000025)
    __rt_lib_init_user_alloc_1               0x00000123   Thumb Code     0  libinit2.o(.ARM.Collect$$libinit$$0000000C)
    __rt_lib_shutdown                        0x00000125   Thumb Code     0  libshutdown.o(.ARM.Collect$$libshutdown$$00000000)
    __rt_lib_shutdown_cpp_1                  0x00000127   Thumb Code     0  libshutdown2.o(.ARM.Collect$$libshutdown$$00000002)
    __rt_lib_shutdown_fp_trap_1              0x00000127   Thumb Code     0  libshutdown2.o(.ARM.Collect$$libshutdown$$00000007)
    __rt_lib_shutdown_heap_1                 0x00000127   Thumb Code     0  libshutdown2.o(.ARM.Collect$$libshutdown$$0000000F)
    __rt_lib_shutdown_return                 0x00000127   Thumb Code     0  libshutdown2.o(.ARM.Collect$$libshutdown$$00000010)
    __rt_lib_shutdown_signal_1               0x00000127   Thumb Code     0  libshutdown2.o(.ARM.Collect$$libshutdown$$0000000A)
    __rt_lib_shutdown_stdio_1                0x00000127   Thumb Code     0  libshutdown2.o(.ARM.Collect$$libshutdown$$00000004)
    __rt_lib_shutdown_user_alloc_1           0x00000127   Thumb Code     0  libshutdown2.o(.ARM.Collect$$libshutdown$$0000000C)
    __rt_entry                               0x00000129   Thumb Code     0  __rtentry.o(.ARM.Collect$$rtentry$$00000000)
    __rt_entry_presh_1                       0x00000129   Thumb Code     0  __rtentry2.o(.ARM.Collect$$rtentry$$00000002)
    __rt_entry_sh                            0x00000129   Thumb Code     0  __rtentry4.o(.ARM.Collect$$rtentry$$00000004)
    __rt_entry_postsh_1                      0x0000012f   Thumb Code     0  __rtentry2.o(.ARM.Collect$$rtentry$$00000008)
    __rt_entry_li                            0x00000137   Thumb Code     0  __rtentry2.o(.ARM.Collect$$rtentry$$0000000A)
    __rt_entry_main                          0x0000013b   Thumb Code     0  __rtentry2.o(.ARM.Collect$$rtentry$$0000000D)
    __rt_entry_postli_1                      0x0000013b   Thumb Code     0  __rtentry2.o(.ARM.Collect$$rtentry$$0000000C)
    __rt_exit                                0x00000143   Thumb Code     0  rtexit.o(.ARM.Collect$$rtexit$$00000000)
    __rt_exit_ls                             0x00000145   Thumb Code     0  rtexit2.o(.ARM.Collect$$rtexit$$00000003)
    __rt_exit_prels_1                        0x00000145   Thumb Code     0  rtexit2.o(.ARM.Collect$$rtexit$$00000002)
    __rt_exit_exit                           0x00000149   Thumb Code     0  rtexit2.o(.ARM.Collect$$rtexit$$00000004)
    __asm___6_port_c_39a90d8d__prvPortStartFirstTask 0x00000151   Thumb Code    36  port.o(.emb_text)
    ulSetInterruptMaskFromISR                0x00000179   Thumb Code     8  port.o(.emb_text)
    vClearInterruptMaskFromISR               0x00000181   Thumb Code     6  port.o(.emb_text)
    PendSV_Handler                           0x00000187   Thumb Code    62  port.o(.emb_text)
    __aeabi_memcpy4                          0x000001c9   Thumb Code    56  rt_memcpy.o(.emb_text)
    __aeabi_memcpy8                          0x000001c9   Thumb Code     0  rt_memcpy.o(.emb_text)
    init_data_bss                            0x00000201   Thumb Code     2  startup_mkw01z4.o(.text)
    Reset_Handler                            0x00000203   Thumb Code    12  startup_mkw01z4.o(.text)
    NMI_Handler                              0x0000020f   Thumb Code     2  startup_mkw01z4.o(.text)
    HardFault_Handler                        0x00000211   Thumb Code     2  startup_mkw01z4.o(.text)
    ADC0_IRQHandler                          0x00000219   Thumb Code     0  startup_mkw01z4.o(.text)
    CMP0_IRQHandler                          0x00000219   Thumb Code     0  startup_mkw01z4.o(.text)
    DAC0_IRQHandler                          0x00000219   Thumb Code     0  startup_mkw01z4.o(.text)
    DMA0_IRQHandler                          0x00000219   Thumb Code     0  startup_mkw01z4.o(.text)
    DMA1_IRQHandler                          0x00000219   Thumb Code     0  startup_mkw01z4.o(.text)
    DMA2_IRQHandler                          0x00000219   Thumb Code     0  startup_mkw01z4.o(.text)
    DMA3_IRQHandler                          0x00000219   Thumb Code     0  startup_mkw01z4.o(.text)
    DefaultISR                               0x00000219   Thumb Code     0  startup_mkw01z4.o(.text)
    FTFA_IRQHandler                          0x00000219   Thumb Code     0  startup_mkw01z4.o(.text)
    I2C0_IRQHandler                          0x00000219   Thumb Code     0  startup_mkw01z4.o(.text)
    I2C1_IRQHandler                          0x00000219   Thumb Code     0  startup_mkw01z4.o(.text)
    I2S0_IRQHandler                          0x00000219   Thumb Code     0  startup_mkw01z4.o(.text)
    LLWU_IRQHandler                          0x00000219   Thumb Code     0  startup_mkw01z4.o(.text)
    LPTMR0_IRQHandler                        0x00000219   Thumb Code     0  startup_mkw01z4.o(.text)
    LVD_LVW_IRQHandler                       0x00000219   Thumb Code     0  startup_mkw01z4.o(.text)
    MCG_IRQHandler                           0x00000219   Thumb Code     0  startup_mkw01z4.o(.text)
    PIT_IRQHandler                           0x00000219   Thumb Code     0  startup_mkw01z4.o(.text)
    PORTA_IRQHandler                         0x00000219   Thumb Code     0  startup_mkw01z4.o(.text)
    RTC_IRQHandler                           0x00000219   Thumb Code     0  startup_mkw01z4.o(.text)
    RTC_Seconds_IRQHandler                   0x00000219   Thumb Code     0  startup_mkw01z4.o(.text)
    Reserved20_IRQHandler                    0x00000219   Thumb Code     0  startup_mkw01z4.o(.text)
    Reserved40_IRQHandler                    0x00000219   Thumb Code     0  startup_mkw01z4.o(.text)
    Reserved45_IRQHandler                    0x00000219   Thumb Code     0  startup_mkw01z4.o(.text)
    SPI0_IRQHandler                          0x00000219   Thumb Code     0  startup_mkw01z4.o(.text)
    SPI1_IRQHandler                          0x00000219   Thumb Code     0  startup_mkw01z4.o(.text)
    TPM1_IRQHandler                          0x00000219   Thumb Code     0  startup_mkw01z4.o(.text)
    TPM2_IRQHandler                          0x00000219   Thumb Code     0  startup_mkw01z4.o(.text)
    TSI0_IRQHandler                          0x00000219   Thumb Code     0  startup_mkw01z4.o(.text)
    UART0_IRQHandler                         0x00000219   Thumb Code     0  startup_mkw01z4.o(.text)
    UART1_IRQHandler                         0x00000219   Thumb Code     0  startup_mkw01z4.o(.text)
    UART2_IRQHandler                         0x00000219   Thumb Code     0  startup_mkw01z4.o(.text)
    __user_initial_stackheap                 0x0000021d   Thumb Code     0  startup_mkw01z4.o(.text)
    __aeabi_lmul                             0x00000245   Thumb Code    48  llmul.o(.text)
    _ll_mul                                  0x00000245   Thumb Code     0  llmul.o(.text)
    __aeabi_uldivmod                         0x00000275   Thumb Code   258  lludiv.o(.text)
    _ll_udiv                                 0x00000275   Thumb Code     0  lludiv.o(.text)
    __aeabi_assert                           0x00000379   Thumb Code    82  assert.o(.text)
    __assert                                 0x00000379   Thumb Code     0  assert.o(.text)
    __use_two_region_memory                  0x000003f5   Thumb Code     2  heapauxi.o(.text)
    __rt_heap_escrow$2region                 0x000003f7   Thumb Code     2  heapauxi.o(.text)
    __rt_heap_expand$2region                 0x000003f9   Thumb Code     2  heapauxi.o(.text)
    __I$use$semihosting                      0x000003fb   Thumb Code     0  use_no_semi.o(.text)
    __use_no_semihosting_swi                 0x000003fb   Thumb Code     2  use_no_semi.o(.text)
    PhyRxHandleDummyEvent                    0x000003fd   Thumb Code     2  phyisr.o(i.PhyRxHandleDummyEvent)
    __semihosting_library_function           0x000003fd   Thumb Code     0  indicate_semi.o(.text)
    PhyTxHandleDummyEvent                    0x000003ff   Thumb Code     2  phyisr.o(i.PhyTxHandleDummyEvent)
    __aeabi_memcpy                           0x00000411   Thumb Code   130  rt_memcpy.o(.text)
    __rt_memcpy                              0x00000411   Thumb Code     0  rt_memcpy.o(.text)
    __aeabi_memset                           0x00000493   Thumb Code    18  aeabi_memset.o(.text)
    __aeabi_uidiv                            0x000004a5   Thumb Code     0  aeabi_sdiv.o(.text)
    __aeabi_uidivmod                         0x000004a5   Thumb Code    20  aeabi_sdiv.o(.text)
    __aeabi_idiv                             0x000004b9   Thumb Code     0  aeabi_sdiv.o(.text)
    __aeabi_idivmod                          0x000004b9   Thumb Code   326  aeabi_sdiv.o(.text)
    abort                                    0x000005ff   Thumb Code    20  abort.o(.text)
    __assert_puts                            0x00000613   Thumb Code    20  assert_puts.o(.text)
    _memset_w                                0x00000627   Thumb Code    26  rt_memclr.o(.text)
    _memset                                  0x00000641   Thumb Code    30  rt_memclr.o(.text)
    __aeabi_memclr                           0x0000065f   Thumb Code     4  rt_memclr.o(.text)
    __rt_memclr                              0x0000065f   Thumb Code     0  rt_memclr.o(.text)
    __aeabi_memclr4                          0x00000663   Thumb Code     0  rt_memclr.o(.text)
    __aeabi_memclr8                          0x00000663   Thumb Code     0  rt_memclr.o(.text)
    __rt_memclr_w                            0x00000663   Thumb Code     4  rt_memclr.o(.text)
    _ttywrch                                 0x00000667   Thumb Code    12  sys_wrch.o(.text)
    _sys_exit                                0x00000675   Thumb Code     8  sys_exit.o(.text)
    __rt_SIGABRT                             0x00000681   Thumb Code    12  defsig_abrt_outer.o(.text)
    __user_setup_stackheap                   0x0000068d   Thumb Code    62  sys_stackheap_outer.o(.text)
    exit                                     0x000006cb   Thumb Code    16  exit.o(.text)
    __sig_exit                               0x000006db   Thumb Code    12  defsig_exit.o(.text)
    __rt_SIGABRT_inner                       0x000006e9   Thumb Code    14  defsig_abrt_inner.o(.text)
    __user_libspace                          0x00000719   Thumb Code     8  libspace.o(.text)
    __user_perproc_libspace                  0x00000719   Thumb Code     0  libspace.o(.text)
    __default_signal_display                 0x00000721   Thumb Code    52  defsig_general.o(.text)
    __decompress                             0x00000755   Thumb Code     0  __dczerorl.o(.text)
    __decompress0                            0x00000755   Thumb Code    58  __dczerorl.o(.text)
    ASP_TelecSendRawData                     0x0000078f   Thumb Code   152  asptemp.o(i.ASP_TelecSendRawData)
    Asp_EnableXCVRInterrupts                 0x00000827   Thumb Code    22  asptemp.o(i.Asp_EnableXCVRInterrupts)
    CCAPinHandler_Interrupt                  0x0000083d   Thumb Code   318  phyisr.o(i.CCAPinHandler_Interrupt)
    CLOCK_HAL_GetFllClk                      0x000009a5   Thumb Code    68  fsl_mcg_hal.o(i.CLOCK_HAL_GetFllClk)
    CLOCK_HAL_GetFllRefClk                   0x000009ed   Thumb Code    72  fsl_mcg_hal.o(i.CLOCK_HAL_GetFllRefClk)
    CLOCK_HAL_GetInternalRefClk              0x00000a41   Thumb Code    58  fsl_mcg_hal.o(i.CLOCK_HAL_GetInternalRefClk)
    CLOCK_HAL_GetOutClk                      0x00000a95   Thumb Code    78  fsl_mcg_hal.o(i.CLOCK_HAL_GetOutClk)
    CLOCK_HAL_GetPll0Clk                     0x00000b15   Thumb Code    90  fsl_mcg_hal.o(i.CLOCK_HAL_GetPll0Clk)
    CLOCK_HAL_GetPll0RefFreq                 0x00000b6f   Thumb Code    12  fsl_mcg_hal.o(i.CLOCK_HAL_GetPll0RefFreq)
    CLOCK_HAL_TestFllExternalRefFreq         0x00000b93   Thumb Code    84  fsl_mcg_hal.o(i.CLOCK_HAL_TestFllExternalRefFreq)
    CLOCK_HAL_TestFllFreq                    0x00000be9   Thumb Code    50  fsl_mcg_hal.o(i.CLOCK_HAL_TestFllFreq)
    CLOCK_SYS_EnablePortClock                0x00000c29   Thumb Code    32  fsl_clock_mkw01z4.o(i.CLOCK_SYS_EnablePortClock)
    CLOCK_SYS_EnableSpiClock                 0x00000c95   Thumb Code    34  fsl_clock_mkw01z4.o(i.CLOCK_SYS_EnableSpiClock)
    CLOCK_SYS_EnableTpmClock                 0x00000cfd   Thumb Code    32  fsl_clock_mkw01z4.o(i.CLOCK_SYS_EnableTpmClock)
    CLOCK_SYS_GetBusClockFreq                0x00000d65   Thumb Code    24  fsl_clock_mkw01z4.o(i.CLOCK_SYS_GetBusClockFreq)
    CLOCK_SYS_GetSpiFreq                     0x00000d81   Thumb Code    34  fsl_clock_mkw01z4.o(i.CLOCK_SYS_GetSpiFreq)
    CLOCK_SYS_GetSystemClockFreq             0x00000da5   Thumb Code    26  fsl_clock_mkw01z4.o(i.CLOCK_SYS_GetSystemClockFreq)
    FLib_MemCmp                              0x00000dc9   Thumb Code    32  functionlib.o(i.FLib_MemCmp)
    FLib_MemCpy                              0x00000de9   Thumb Code    18  functionlib.o(i.FLib_MemCpy)
    GPIO_DRV_ClearPinIntFlag                 0x00000dfd   Thumb Code    26  fsl_gpio_driver.o(i.GPIO_DRV_ClearPinIntFlag)
    GPIO_DRV_ClearPinOutput                  0x00000e1d   Thumb Code    26  fsl_gpio_driver.o(i.GPIO_DRV_ClearPinOutput)
    GPIO_DRV_ReadPinInput                    0x00000e3d   Thumb Code    26  fsl_gpio_driver.o(i.GPIO_DRV_ReadPinInput)
    GPIO_DRV_SetPinOutput                    0x00000e5d   Thumb Code    26  fsl_gpio_driver.o(i.GPIO_DRV_SetPinOutput)
    GPIO_HAL_SetPinDir                       0x00000f39   Thumb Code    64  fsl_gpio_hal.o(i.GPIO_HAL_SetPinDir)
    ListInit                                 0x00001011   Thumb Code    12  genericlist.o(i.ListInit)
    ListRemoveHead                           0x0000101d   Thumb Code    66  genericlist.o(i.ListRemoveHead)
    ListRemoveHeadMsg                        0x0000105f   Thumb Code    26  messaging.o(i.ListRemoveHeadMsg)
    MEM_BufferAlloc                          0x00001079   Thumb Code    86  memmanager.o(i.MEM_BufferAlloc)
    PHY_EventSet                             0x000010f1   Thumb Code    16  phystatemachine.o(i.PHY_EventSet)
    PORTC_PORTD_IRQHandler                   0x0000111d   Thumb Code    38  phyisr.o(i.PORTC_PORTD_IRQHandler)
    PhyAbort                                 0x000012e9   Thumb Code    52  phyplmedata.o(i.PhyAbort)
    PhyHwInit                                0x0000132d   Thumb Code    20  phypacketprocessor.o(i.PhyHwInit)
    PhyIsIdleRx                              0x00001341   Thumb Code    30  phystatemachine.o(i.PhyIsIdleRx)
    PhyIsrPassRxParams                       0x00001365   Thumb Code     6  phyisr.o(i.PhyIsrPassRxParams)
    PhyPassTxParams                          0x00001371   Thumb Code   112  phyisr.o(i.PhyPassTxParams)
    PhyPdDataRequest                         0x000013ed   Thumb Code   226  phyplmedata.o(i.PhyPdDataRequest)
    PhyPib_EnableAFC                         0x000014d9   Thumb Code    70  phypib.o(i.PhyPib_EnableAFC)
    PhyPib_InitOnStartUp                     0x00001525   Thumb Code    94  phypib.o(i.PhyPib_InitOnStartUp)
    PhyPib_RFUpdateModulationParameters      0x00001591   Thumb Code    94  phypib.o(i.PhyPib_RFUpdateModulationParameters)
    PhyPib_RFUpdatePowerStep                 0x000015f5   Thumb Code    12  phypib.o(i.PhyPib_RFUpdatePowerStep)
    PhyPib_RFUpdatePreambleLength            0x00001605   Thumb Code    12  phypib.o(i.PhyPib_RFUpdatePreambleLength)
    PhyPib_RFUpdateRFfrequency               0x00001615   Thumb Code    60  phypib.o(i.PhyPib_RFUpdateRFfrequency)
    PhyPlmeCcaEdRequest                      0x00001665   Thumb Code   258  phyplmedata.o(i.PhyPlmeCcaEdRequest)
    PhyPlmeRxRequest                         0x00001771   Thumb Code    96  phyplmedata.o(i.PhyPlmeRxRequest)
    PhyPpGetState                            0x000017e1   Thumb Code    18  phyisr.o(i.PhyPpGetState)
    PhyPrepareTx                             0x000017f9   Thumb Code    60  phyplmedata.o(i.PhyPrepareTx)
    PhyRxHandleFifoLevelEvent                0x0000183d   Thumb Code   302  phyisr.o(i.PhyRxHandleFifoLevelEvent)
    PhyRxHandlePHREvent                      0x00001985   Thumb Code   142  phyisr.o(i.PhyRxHandlePHREvent)
    PhyRxHandlePayloadReadyEvent             0x00001a21   Thumb Code   554  phyisr.o(i.PhyRxHandlePayloadReadyEvent)
    PhyRxHandleSyncAddresEvent               0x00001c8d   Thumb Code    58  phyisr.o(i.PhyRxHandleSyncAddresEvent)
    PhySetState                              0x00001cd9   Thumb Code    18  phyisr.o(i.PhySetState)
    PhyTimeDisableEventTimeout               0x00001cf1   Thumb Code    14  phytime.o(i.PhyTimeDisableEventTimeout)
    PhyTimeDisableEventTrigger               0x00001d05   Thumb Code    14  phytime.o(i.PhyTimeDisableEventTrigger)
    PhyTimeDisableRxTimeout                  0x00001d19   Thumb Code    14  phytime.o(i.PhyTimeDisableRxTimeout)
    PhyTimeDisableWaitTimeout                0x00001d2d   Thumb Code    14  phytime.o(i.PhyTimeDisableWaitTimeout)
    PhyTimeEventRxTimeout_Handler            0x00001d41   Thumb Code    34  phytime.o(i.PhyTimeEventRxTimeout_Handler)
    PhyTimeEventTimeout_Handler              0x00001d69   Thumb Code    34  phytime.o(i.PhyTimeEventTimeout_Handler)
    PhyTimeEventTrigger_Handler              0x00001d91   Thumb Code    34  phytime.o(i.PhyTimeEventTrigger_Handler)
    PhyTimeEventWaitTimeout_Handler          0x00001db9   Thumb Code    34  phytime.o(i.PhyTimeEventWaitTimeout_Handler)
    PhyTimeGetEventTimeout                   0x00001de1   Thumb Code     8  phytime.o(i.PhyTimeGetEventTimeout)
    PhyTimeHandleEventRxTimeout              0x00001ded   Thumb Code    34  phyisr.o(i.PhyTimeHandleEventRxTimeout)
    PhyTimeHandleEventTimeout                0x00001e19   Thumb Code    78  phyisr.o(i.PhyTimeHandleEventTimeout)
    PhyTimeHandleEventTrigger                0x00001e81   Thumb Code    56  phyisr.o(i.PhyTimeHandleEventTrigger)
    PhyTimeHandleEventWaitTimeout            0x00001ebd   Thumb Code    18  phyisr.o(i.PhyTimeHandleEventWaitTimeout)
    PhyTimeReadClock                         0x00001ed5   Thumb Code    26  phytime.o(i.PhyTimeReadClock)
    PhyTimeReadClockTicks                    0x00001ef1   Thumb Code   112  phytime.o(i.PhyTimeReadClockTicks)
    PhyTimeSetEventTimeout                   0x00001f69   Thumb Code   120  phytime.o(i.PhyTimeSetEventTimeout)
    PhyTimeSetEventTrigger                   0x00001fe9   Thumb Code   106  phytime.o(i.PhyTimeSetEventTrigger)
    PhyTimeSetRxTimeout                      0x0000205d   Thumb Code   120  phytime.o(i.PhyTimeSetRxTimeout)
    PhyTimerInit                             0x000020dd   Thumb Code   142  phytime.o(i.PhyTimerInit)
    PhyTxHandleFifoLevelEvent                0x00002179   Thumb Code    30  phyisr.o(i.PhyTxHandleFifoLevelEvent)
    PhyTxPacketSentEvent                     0x000021a5   Thumb Code   360  phyisr.o(i.PhyTxPacketSentEvent)
    Phy_ClearFifo                            0x00002329   Thumb Code    26  phyextended.o(i.Phy_ClearFifo)
    Phy_CrcAddByte                           0x00002345   Thumb Code    60  phyisr.o(i.Phy_CrcAddByte)
    Phy_EnableAfcAuto                        0x00002389   Thumb Code    36  phyextended.o(i.Phy_EnableAfcAuto)
    Phy_EnableAfcLowBeta                     0x000023ad   Thumb Code    38  phyextended.o(i.Phy_EnableAfcLowBeta)
    Phy_GetEnergyLevel                       0x00002439   Thumb Code    46  phyisr.o(i.Phy_GetEnergyLevel)
    Phy_GetRssi                              0x0000246d   Thumb Code    16  phyextended.o(i.Phy_GetRssi)
    Phy_IndirectQueueChecksum                0x00002555   Thumb Code    42  phypacketprocessor.o(i.Phy_IndirectQueueChecksum)
    Phy_Init                                 0x00002581   Thumb Code    58  phystatemachine.o(i.Phy_Init)
    Phy_IsrRxFilterDest                      0x000025d1   Thumb Code   274  phyisr.o(i.Phy_IsrRxFilterDest)
    Phy_LqiConvert                           0x000026fd   Thumb Code    36  phyisr.o(i.Phy_LqiConvert)
    Phy_RxFrameFilter                        0x00002729   Thumb Code   456  phyisr.o(i.Phy_RxFrameFilter)
    Phy_RxHandleFilterFail                   0x00002919   Thumb Code    24  phyisr.o(i.Phy_RxHandleFilterFail)
    Phy_RxRestart                            0x00002935   Thumb Code    48  phyisr.o(i.Phy_RxRestart)
    Phy_SetBitrate                           0x00002969   Thumb Code    22  phyextended.o(i.Phy_SetBitrate)
    Phy_SetCarrierFreq                       0x0000297f   Thumb Code    34  phyextended.o(i.Phy_SetCarrierFreq)
    Phy_SetDccFreq                           0x000029a1   Thumb Code    70  phyextended.o(i.Phy_SetDccFreq)
    Phy_SetDccFreqAfc                        0x000029e7   Thumb Code    70  phyextended.o(i.Phy_SetDccFreqAfc)
    Phy_SetFifoThreshold                     0x00002a2d   Thumb Code    32  phyextended.o(i.Phy_SetFifoThreshold)
    Phy_SetFreqDeviation                     0x00002a4d   Thumb Code    22  phyextended.o(i.Phy_SetFreqDeviation)
    Phy_SetLowBetaAfcOffset                  0x00002a63   Thumb Code    14  phyextended.o(i.Phy_SetLowBetaAfcOffset)
    Phy_SetModulationShaping                 0x00002a71   Thumb Code    70  phyextended.o(i.Phy_SetModulationShaping)
    Phy_SetModulationType                    0x00002ab7   Thumb Code    46  phyextended.o(i.Phy_SetModulationType)
    Phy_SetOperationModeFast                 0x00002ae5   Thumb Code    14  phyextended.o(i.Phy_SetOperationModeFast)
    Phy_SetPowerStep                         0x00002af3   Thumb Code    32  phyextended.o(i.Phy_SetPowerStep)
    Phy_SetPreambleSize                      0x00002b13   Thumb Code    22  phyextended.o(i.Phy_SetPreambleSize)
    Phy_SetRssiThreshold                     0x00002b29   Thumb Code    14  phyextended.o(i.Phy_SetRssiThreshold)
    Phy_SetRxFilterBw                        0x00002b37   Thumb Code   136  phyextended.o(i.Phy_SetRxFilterBw)
    Phy_SetRxFilterBwAfc                     0x00002bbf   Thumb Code   136  phyextended.o(i.Phy_SetRxFilterBwAfc)
    Phy_SetSequenceTiming                    0x00002c89   Thumb Code   356  phystatemachine.o(i.Phy_SetSequenceTiming)
    Phy_TimeDivider                          0x00003091   Thumb Code    64  phytime.o(i.Phy_TimeDivider)
    Phy_TimeMultiplicator                    0x000030d5   Thumb Code    80  phytime.o(i.Phy_TimeMultiplicator)
    Phy_XCVRRxWarmupTime                     0x00003129   Thumb Code    30  phyisr.o(i.Phy_XCVRRxWarmupTime)
    Phy_XCVRTxWarmupTime                     0x0000314d   Thumb Code    26  phyisr.o(i.Phy_XCVRTxWarmupTime)
    Radio_Phy_DummyEvent                     0x0000316d   Thumb Code    14  phystatemachine.o(i.Radio_Phy_DummyEvent)
    Radio_Phy_PdDataConfirm                  0x0000317d   Thumb Code    78  phystatemachine.o(i.Radio_Phy_PdDataConfirm)
    Radio_Phy_PdDataIndication               0x000031d1   Thumb Code    16  phystatemachine.o(i.Radio_Phy_PdDataIndication)
    Radio_Phy_PlmeCcaConfirm                 0x000031e1   Thumb Code    22  phystatemachine.o(i.Radio_Phy_PlmeCcaConfirm)
    Radio_Phy_PlmeEdConfirm                  0x000031fd   Thumb Code    22  phystatemachine.o(i.Radio_Phy_PlmeEdConfirm)
    Radio_Phy_TimeRxTimeoutIndication        0x00003219   Thumb Code    16  phystatemachine.o(i.Radio_Phy_TimeRxTimeoutIndication)
    SPI_HAL_Init                             0x00003263   Thumb Code    16  fsl_spi_hal.o(i.SPI_HAL_Init)
    SPI_HAL_SetBaud                          0x00003285   Thumb Code   150  fsl_spi_hal.o(i.SPI_HAL_SetBaud)
    SPI_HAL_WriteDataBlocking                0x0000332d   Thumb Code    44  fsl_spi_hal.o(i.SPI_HAL_WriteDataBlocking)
    SVC_Handler                              0x00003359   Thumb Code     2  port.o(i.SVC_Handler)
    SysTick_Handler                          0x0000335d   Thumb Code    12  freertos_tick_config.o(i.SysTick_Handler)
    SystemCoreClockUpdate                    0x0000336d   Thumb Code   320  system_mkw01z4.o(i.SystemCoreClockUpdate)
    SystemInit                               0x000034c9   Thumb Code    94  system_mkw01z4.o(i.SystemInit)
    TPM0_IRQHandler                          0x00003535   Thumb Code   224  phytime.o(i.TPM0_IRQHandler)
    TPM_DRV_Init                             0x0000361d   Thumb Code   192  fsl_tpm_driver.o(i.TPM_DRV_Init)
    TPM_HAL_Reset                            0x00003a05   Thumb Code    48  fsl_tpm_hal.o(i.TPM_HAL_Reset)
    TPM_HAL_SetClockMode                     0x00003b45   Thumb Code    44  fsl_tpm_hal.o(i.TPM_HAL_SetClockMode)
    XCVRDrv_ConfigureCLKO                    0x00003b71   Thumb Code    30  sx123xdrv.o(i.XCVRDrv_ConfigureCLKO)
    XCVRDrv_ConfigureDIOPins                 0x00003b8f   Thumb Code    44  sx123xdrv.o(i.XCVRDrv_ConfigureDIOPins)
    XCVRDrv_FillFifo                         0x00003bbd   Thumb Code   198  phyisr.o(i.XCVRDrv_FillFifo)
    XCVRDrv_IRQ_DIO0_Clear                   0x00003c95   Thumb Code    10  sx123xdrv.o(i.XCVRDrv_IRQ_DIO0_Clear)
    XCVRDrv_IRQ_DIO0_Detected                0x00003ca5   Thumb Code    14  sx123xdrv.o(i.XCVRDrv_IRQ_DIO0_Detected)
    XCVRDrv_IRQ_DIO0_Disable                 0x00003cb9   Thumb Code    16  sx123xdrv.o(i.XCVRDrv_IRQ_DIO0_Disable)
    XCVRDrv_IRQ_DIO0_Enable                  0x00003ccd   Thumb Code    18  sx123xdrv.o(i.XCVRDrv_IRQ_DIO0_Enable)
    XCVRDrv_IRQ_DIO1_Clear                   0x00003ce5   Thumb Code    12  sx123xdrv.o(i.XCVRDrv_IRQ_DIO1_Clear)
    XCVRDrv_IRQ_DIO1_Detected                0x00003cf1   Thumb Code    14  sx123xdrv.o(i.XCVRDrv_IRQ_DIO1_Detected)
    XCVRDrv_IRQ_DIO1_Disable                 0x00003d05   Thumb Code    16  sx123xdrv.o(i.XCVRDrv_IRQ_DIO1_Disable)
    XCVRDrv_IRQ_DIO1_Enable                  0x00003d19   Thumb Code    18  sx123xdrv.o(i.XCVRDrv_IRQ_DIO1_Enable)
    XCVRDrv_IRQ_DIO4_Clear                   0x00003d31   Thumb Code    10  sx123xdrv.o(i.XCVRDrv_IRQ_DIO4_Clear)
    XCVRDrv_IRQ_DIO4_Detected                0x00003d3d   Thumb Code    14  sx123xdrv.o(i.XCVRDrv_IRQ_DIO4_Detected)
    XCVRDrv_IRQ_DIO4_Disable                 0x00003d51   Thumb Code    16  sx123xdrv.o(i.XCVRDrv_IRQ_DIO4_Disable)
    XCVRDrv_IRQ_DIO4_Enable                  0x00003d65   Thumb Code    18  sx123xdrv.o(i.XCVRDrv_IRQ_DIO4_Enable)
    XCVRDrv_RFdefaultInit                    0x00003d7d   Thumb Code    28  sx123xdrv.o(i.XCVRDrv_RFdefaultInit)
    XCVRDrv_ReadBytesFromFifoLSB             0x00003d9d   Thumb Code    80  sx123xdrv.o(i.XCVRDrv_ReadBytesFromFifoLSB)
    XCVRDrv_ReadFifo                         0x00003ded   Thumb Code    10  sx123xdrv.o(i.XCVRDrv_ReadFifo)
    XCVRDrv_ReadRegister                     0x00003df7   Thumb Code    60  sx123xdrv.o(i.XCVRDrv_ReadRegister)
    XCVRDrv_Reset                            0x00003e35   Thumb Code    74  sx123xdrv.o(i.XCVRDrv_Reset)
    XCVRDrv_WriteBytesToFifoLSB              0x00003e89   Thumb Code    80  sx123xdrv.o(i.XCVRDrv_WriteBytesToFifoLSB)
    XCVRDrv_WriteFifo                        0x00003ed9   Thumb Code    14  sx123xdrv.o(i.XCVRDrv_WriteFifo)
    XCVRDrv_WriteFifoLSB                     0x00003ee7   Thumb Code    60  sx123xdrv.o(i.XCVRDrv_WriteFifoLSB)
    XCVRDrv_WriteRegister                    0x00003f23   Thumb Code    54  sx123xdrv.o(i.XCVRDrv_WriteRegister)
    XCVRHandlerInterrupt                     0x00003f59   Thumb Code    44  phyisr.o(i.XCVRHandlerInterrupt)
    XCVR_Init                                0x00003f91   Thumb Code    38  sx123xdrv.o(i.XCVR_Init)
    __ARM_common_switch8                     0x00003fbd   Thumb Code    28  asptemp.o(i.__ARM_common_switch8)
    _mutex_acquire                           0x00004075   Thumb Code    24  clib_arm.o(i._mutex_acquire)
    _mutex_free                              0x0000408d   Thumb Code    12  clib_arm.o(i._mutex_free)
    _mutex_initialize                        0x00004099   Thumb Code    24  clib_arm.o(i._mutex_initialize)
    _mutex_release                           0x000040b1   Thumb Code    20  clib_arm.o(i._mutex_release)
    _platform_post_stackheap_init            0x000040c5   Thumb Code     8  clib_arm.o(i._platform_post_stackheap_init)
    configure_spi_pins                       0x000040cd   Thumb Code    72  pin_mux.o(i.configure_spi_pins)
    configure_xcvr_pins                      0x00004121   Thumb Code   128  pin_mux.o(i.configure_xcvr_pins)
    main                                     0x000041b1   Thumb Code    26  app.o(i.main)
    osDelay                                  0x000041cd   Thumb Code    50  cmsis_os2.o(i.osDelay)
    osEventFlagsNew                          0x00004205   Thumb Code   100  cmsis_os2.o(i.osEventFlagsNew)
    osEventFlagsSet                          0x0000426d   Thumb Code    86  cmsis_os2.o(i.osEventFlagsSet)
    osEventFlagsWait                         0x000042c9   Thumb Code   166  cmsis_os2.o(i.osEventFlagsWait)
    osKernelGetState                         0x00004375   Thumb Code    80  cmsis_os2.o(i.osKernelGetState)
    osKernelInitialize                       0x000043c9   Thumb Code    64  cmsis_os2.o(i.osKernelInitialize)
    osKernelStart                            0x00004411   Thumb Code    62  cmsis_os2.o(i.osKernelStart)
    osMessageQueueGet                        0x00004455   Thumb Code   120  cmsis_os2.o(i.osMessageQueueGet)
    osMessageQueueNew                        0x000044d1   Thumb Code   158  cmsis_os2.o(i.osMessageQueueNew)
    osMutexAcquire                           0x00004575   Thumb Code   134  cmsis_os2.o(i.osMutexAcquire)
    osMutexDelete                            0x00004601   Thumb Code    58  cmsis_os2.o(i.osMutexDelete)
    osMutexNew                               0x00004641   Thumb Code   186  cmsis_os2.o(i.osMutexNew)
    osMutexRelease                           0x00004701   Thumb Code    96  cmsis_os2.o(i.osMutexRelease)
    osThreadFlagsSet                         0x00004765   Thumb Code   100  cmsis_os2.o(i.osThreadFlagsSet)
    osThreadNew                              0x000047cd   Thumb Code   226  cmsis_os2.o(i.osThreadNew)
    pvPortMalloc                             0x0000518d   Thumb Code   178  heap_5.o(i.pvPortMalloc)
    pvTaskIncrementMutexHeldCount            0x00005255   Thumb Code    28  tasks.o(i.pvTaskIncrementMutexHeldCount)
    pxPortInitialiseStack                    0x00005275   Thumb Code    26  port.o(i.pxPortInitialiseStack)
    signal_func                              0x00005295   Thumb Code    64  thread.o(i.signal_func)
    spi_master_configure_serialization_lsb   0x000052d9   Thumb Code    24  spi.o(i.spi_master_configure_serialization_lsb)
    spi_master_configure_serialization_msb   0x000052f5   Thumb Code    22  spi.o(i.spi_master_configure_serialization_msb)
    spi_master_init                          0x00005311   Thumb Code    92  spi.o(i.spi_master_init)
    spi_master_transfer                      0x00005381   Thumb Code   104  spi.o(i.spi_master_transfer)
    uxListRemove                             0x000053ed   Thumb Code    40  list.o(i.uxListRemove)
    uxTaskResetEventItemValue                0x00005415   Thumb Code    24  tasks.o(i.uxTaskResetEventItemValue)
    vApplicationGetIdleTaskMemory            0x00005431   Thumb Code    14  cmsis_os2.o(i.vApplicationGetIdleTaskMemory)
    vApplicationGetTimerTaskMemory           0x00005449   Thumb Code    14  cmsis_os2.o(i.vApplicationGetTimerTaskMemory)
    vApplicationStackOverflowHook            0x00005461   Thumb Code     2  cmsis_os2.o(i.vApplicationStackOverflowHook)
    vEventGroupSetBitsCallback               0x00005463   Thumb Code    16  event_groups.o(i.vEventGroupSetBitsCallback)
    vListInitialise                          0x00005473   Thumb Code    26  list.o(i.vListInitialise)
    vListInitialiseItem                      0x0000548d   Thumb Code     6  list.o(i.vListInitialiseItem)
    vListInsert                              0x00005493   Thumb Code    54  list.o(i.vListInsert)
    vListInsertEnd                           0x000054c9   Thumb Code    24  list.o(i.vListInsertEnd)
    vPortDefineHeapRegions                   0x000054e1   Thumb Code   160  heap_5.o(i.vPortDefineHeapRegions)
    vPortEnterCritical                       0x00005595   Thumb Code    22  port.o(i.vPortEnterCritical)
    vPortExitCritical                        0x000055b1   Thumb Code    22  port.o(i.vPortExitCritical)
    vPortFree                                0x000055cd   Thumb Code    70  heap_5.o(i.vPortFree)
    vPortYield                               0x0000561d   Thumb Code    18  port.o(i.vPortYield)
    vQueueDelete                             0x00005635   Thumb Code    22  queue.o(i.vQueueDelete)
    vQueueWaitForMessageRestricted           0x0000564b   Thumb Code    76  queue.o(i.vQueueWaitForMessageRestricted)
    vTaskDelay                               0x00005697   Thumb Code    38  tasks.o(i.vTaskDelay)
    vTaskMissedYield                         0x000056bd   Thumb Code     8  tasks.o(i.vTaskMissedYield)
    vTaskPlaceOnEventList                    0x000056c9   Thumb Code    28  tasks.o(i.vTaskPlaceOnEventList)
    vTaskPlaceOnEventListRestricted          0x000056e9   Thumb Code    38  tasks.o(i.vTaskPlaceOnEventListRestricted)
    vTaskPlaceOnUnorderedEventList           0x00005715   Thumb Code    42  tasks.o(i.vTaskPlaceOnUnorderedEventList)
    vTaskPriorityInherit                     0x00005745   Thumb Code   128  tasks.o(i.vTaskPriorityInherit)
    vTaskSetTimeOutState                     0x000057d1   Thumb Code    14  tasks.o(i.vTaskSetTimeOutState)
    vTaskStartScheduler                      0x000057e9   Thumb Code   106  tasks.o(i.vTaskStartScheduler)
    vTaskSuspendAll                          0x00005871   Thumb Code    12  tasks.o(i.vTaskSuspendAll)
    vTaskSwitchContext                       0x00005881   Thumb Code   146  tasks.o(i.vTaskSwitchContext)
    xEventGroupCreate                        0x0000592d   Thumb Code    32  event_groups.o(i.xEventGroupCreate)
    xEventGroupCreateStatic                  0x0000594d   Thumb Code    28  event_groups.o(i.xEventGroupCreateStatic)
    xEventGroupSetBits                       0x00005969   Thumb Code   166  event_groups.o(i.xEventGroupSetBits)
    xEventGroupSetBitsFromISR                0x00005a11   Thumb Code    26  event_groups.o(i.xEventGroupSetBitsFromISR)
    xEventGroupWaitBits                      0x00005a31   Thumb Code   202  event_groups.o(i.xEventGroupWaitBits)
    xPortStartScheduler                      0x00005afd   Thumb Code    48  port.o(i.xPortStartScheduler)
    xPortSysTickHandler                      0x00005b35   Thumb Code    32  port.o(i.xPortSysTickHandler)
    xQueueCreateMutex                        0x00005b59   Thumb Code    30  queue.o(i.xQueueCreateMutex)
    xQueueCreateMutexStatic                  0x00005b77   Thumb Code    38  queue.o(i.xQueueCreateMutexStatic)
    xQueueGenericCreate                      0x00005b9d   Thumb Code    66  queue.o(i.xQueueGenericCreate)
    xQueueGenericCreateStatic                0x00005bdf   Thumb Code    42  queue.o(i.xQueueGenericCreateStatic)
    xQueueGenericReceive                     0x00005c09   Thumb Code   328  queue.o(i.xQueueGenericReceive)
    xQueueGenericReset                       0x00005d51   Thumb Code   120  queue.o(i.xQueueGenericReset)
    xQueueGenericSend                        0x00005dc9   Thumb Code   252  queue.o(i.xQueueGenericSend)
    xQueueGenericSendFromISR                 0x00005ec5   Thumb Code   124  queue.o(i.xQueueGenericSendFromISR)
    xQueueGiveMutexRecursive                 0x00005f41   Thumb Code    50  queue.o(i.xQueueGiveMutexRecursive)
    xQueueReceiveFromISR                     0x00005f73   Thumb Code   120  queue.o(i.xQueueReceiveFromISR)
    xQueueTakeMutexRecursive                 0x00005feb   Thumb Code    56  queue.o(i.xQueueTakeMutexRecursive)
    xTaskCheckForTimeOut                     0x00006025   Thumb Code    86  tasks.o(i.xTaskCheckForTimeOut)
    xTaskCreate                              0x00006085   Thumb Code    98  tasks.o(i.xTaskCreate)
    xTaskCreateStatic                        0x000060e7   Thumb Code    68  tasks.o(i.xTaskCreateStatic)
    xTaskGenericNotify                       0x0000612d   Thumb Code   164  tasks.o(i.xTaskGenericNotify)
    xTaskGenericNotifyFromISR                0x000061dd   Thumb Code   204  tasks.o(i.xTaskGenericNotifyFromISR)
    xTaskGetCurrentTaskHandle                0x000062c1   Thumb Code     6  tasks.o(i.xTaskGetCurrentTaskHandle)
    xTaskGetSchedulerState                   0x000062cd   Thumb Code    28  tasks.o(i.xTaskGetSchedulerState)
    xTaskGetTickCount                        0x000062f1   Thumb Code     6  tasks.o(i.xTaskGetTickCount)
    xTaskIncrementTick                       0x000062fd   Thumb Code   242  tasks.o(i.xTaskIncrementTick)
    xTaskPriorityDisinherit                  0x0000641d   Thumb Code    88  tasks.o(i.xTaskPriorityDisinherit)
    xTaskRemoveFromEventList                 0x0000647d   Thumb Code   102  tasks.o(i.xTaskRemoveFromEventList)
    xTaskRemoveFromUnorderedEventList        0x000064fd   Thumb Code    88  tasks.o(i.xTaskRemoveFromUnorderedEventList)
    xTaskResumeAll                           0x00006565   Thumb Code   192  tasks.o(i.xTaskResumeAll)
    xTimerCreateTimerTask                    0x00006645   Thumb Code    80  timers.o(i.xTimerCreateTimerTask)
    xTimerGenericCommand                     0x000066a9   Thumb Code   100  timers.o(i.xTimerGenericCommand)
    xTimerPendFunctionCallFromISR            0x00006711   Thumb Code    46  timers.o(i.xTimerPendFunctionCallFromISR)
    XCVRDefaultRegisterValues                0x00006744   Data          82  sx123xdrv.o(.constdata)
    gPhyIndirectQueueSize_c                  0x00006796   Data           1  phypacketprocessor.o(.constdata)
    phyPibRFConstants                        0x00006798   Data          48  phypib.o(.constdata)
    gTurnaroundTimeTable                     0x000067c8   Data           2  phypib.o(.constdata)
    gPhyMaxChannelNumber                     0x000067ca   Data           2  phypib.o(.constdata)
    gMacScanChannelMask                      0x000067cc   Data          40  phypib.o(.constdata)
    frmCtrlTable                             0x000067f4   Data          16  phyisr.o(.constdata)
    phyKeyIdModeToAshLengthTable             0x00006804   Data           4  phyisr.o(.constdata)
    lookUpTable                              0x00006808   Data         254  phyisr.o(.constdata)
    g_spiBase                                0x00006908   Data           8  spi.o(.constdata)
    g_gpioBase                               0x00006910   Data          20  fsl_gpio_driver.o(.constdata)
    g_portBase                               0x00006924   Data          20  fsl_gpio_driver.o(.constdata)
    g_portIrqId                              0x00006938   Data           5  fsl_gpio_driver.o(.constdata)
    g_tpmBase                                0x00006980   Data          12  fsl_tpm_driver.o(.constdata)
    g_tpmIrqId                               0x0000698c   Data           3  fsl_tpm_driver.o(.constdata)
    g_tpmChannelCount                        0x00006990   Data          12  fsl_tpm_hal.o(.constdata)
    Region$$Table$$Base                      0x000069e0   Number         0  anon$$obj.o(Region$$Table)
    Region$$Table$$Limit                     0x00006a00   Number         0  anon$$obj.o(Region$$Table)
    tid_Phy_Task                             0x1ffff000   Data           4  phystatemachine.o(.data)
    gPhyEvent                                0x1ffff004   Data           4  phystatemachine.o(.data)
    gPhyTaskHandler                          0x1ffff008   Data           4  phystatemachine.o(.data)
    evt_id                                   0x1ffff00c   Data           4  phystatemachine.o(.data)
    thread_id                                0x1ffff010   Data           4  phystatemachine.o(.data)
    rflags                                   0x1ffff014   Data           4  phystatemachine.o(.data)
    ev                                       0x1ffff018   Data           4  phystatemachine.o(.data)
    ackBuffer                                0x1ffff01c   Data           3  phystatemachine.o(.data)
    gpfPhyTimeNotify                         0x1ffff020   Data           4  phytime.o(.data)
    gpfPendingRxEvent                        0x1ffff074   Data           4  phyisr.o(.data)
    gpfPendingTxEvent                        0x1ffff078   Data           4  phyisr.o(.data)
    tid_Send_Command                         0x1ffff07c   Data           4  thread.o(.data)
    tid_clock                                0x1ffff080   Data           4  thread.o(.data)
    mid_MsgQueue                             0x1ffff084   Data           4  thread.o(.data)
    mSpiLowSpeed                             0x1ffff088   Data           1  spi.o(.data)
    mSpiHighSpeed                            0x1ffff089   Data           1  spi.o(.data)
    g_xtal0ClkFreq                           0x1ffff08c   Data           4  fsl_mcg_hal.o(.data)
    g_xtalRtcClkFreq                         0x1ffff090   Data           4  fsl_mcg_hal.o(.data)
    g_fastInternalRefClkFreq                 0x1ffff094   Data           4  fsl_mcg_hal.o(.data)
    g_slowInternalRefClkFreq                 0x1ffff098   Data           4  fsl_mcg_hal.o(.data)
    poolInfo                                 0x1ffff09c   Data          16  memmanager.o(.data)
    gFreeMessagesCount                       0x1ffff0ac   Data           2  memmanager.o(.data)
    SystemCoreClock                          0x1ffff0c4   Data           4  system_mkw01z4.o(.data)
    pxCurrentTCB                             0x1ffff0e4   Data           4  tasks.o(.data)
    gPhyPib                                  0x1ffff134   Data          28  phypib.o(.bss)
    phyLocal                                 0x1ffff150   Data         104  phystatemachine.o(.bss)
    rxData                                   0x1ffff1b8   Data         254  phystatemachine.o(.bss)
    ackDataReq                               0x1ffff2b8   Data          24  phystatemachine.o(.bss)
    memHeap                                  0x1ffff2d0   Data        3648  memmanager.o(.bss)
    memPools                                 0x20000110   Data          48  memmanager.o(.bss)
    __libspace_start                         0x20002ac4   Data          96  libspace.o(.bss)
    __temporary_stack_top$libspace           0x20002b24   Data           0  libspace.o(.bss)



==============================================================================

Memory Map of the image

  Image Entry point : 0x000000c1

  Load Region LR_IROM1 (Base: 0x00000000, Size: 0x00006b34, Max: 0x00020000, ABSOLUTE, COMPRESSED[0x00006a24])

    Execution Region ER_IROM1 (Base: 0x00000000, Size: 0x00006a00, Max: 0x00020000, ABSOLUTE)

    Base Addr    Size         Type   Attr      Idx    E Section Name        Object

    0x00000000   0x000000c0   Data   RO        12598    RESET               startup_mkw01z4.o
    0x000000c0   0x00000008   Code   RO        13687  * !!!main             c_p.l(__main.o)
    0x000000c8   0x0000003c   Code   RO        13870    !!!scatter          c_p.l(__scatter.o)
    0x00000104   0x0000001c   Code   RO        13872    !!handler_zi        c_p.l(__scatter_zi.o)
    0x00000120   0x00000002   Code   RO        13803    .ARM.Collect$$libinit$$00000000  c_p.l(libinit.o)
    0x00000122   0x00000000   Code   RO        13708    .ARM.Collect$$libinit$$00000002  c_p.l(libinit2.o)
    0x00000122   0x00000000   Code   RO        13710    .ARM.Collect$$libinit$$00000004  c_p.l(libinit2.o)
    0x00000122   0x00000000   Code   RO        13713    .ARM.Collect$$libinit$$0000000A  c_p.l(libinit2.o)
    0x00000122   0x00000000   Code   RO        13715    .ARM.Collect$$libinit$$0000000C  c_p.l(libinit2.o)
    0x00000122   0x00000000   Code   RO        13717    .ARM.Collect$$libinit$$0000000E  c_p.l(libinit2.o)
    0x00000122   0x00000000   Code   RO        13720    .ARM.Collect$$libinit$$00000011  c_p.l(libinit2.o)
    0x00000122   0x00000000   Code   RO        13722    .ARM.Collect$$libinit$$00000013  c_p.l(libinit2.o)
    0x00000122   0x00000000   Code   RO        13724    .ARM.Collect$$libinit$$00000015  c_p.l(libinit2.o)
    0x00000122   0x00000000   Code   RO        13726    .ARM.Collect$$libinit$$00000017  c_p.l(libinit2.o)
    0x00000122   0x00000000   Code   RO        13728    .ARM.Collect$$libinit$$00000019  c_p.l(libinit2.o)
    0x00000122   0x00000000   Code   RO        13730    .ARM.Collect$$libinit$$0000001B  c_p.l(libinit2.o)
    0x00000122   0x00000000   Code   RO        13732    .ARM.Collect$$libinit$$0000001D  c_p.l(libinit2.o)
    0x00000122   0x00000000   Code   RO        13734    .ARM.Collect$$libinit$$0000001F  c_p.l(libinit2.o)
    0x00000122   0x00000000   Code   RO        13736    .ARM.Collect$$libinit$$00000021  c_p.l(libinit2.o)
    0x00000122   0x00000000   Code   RO        13738    .ARM.Collect$$libinit$$00000023  c_p.l(libinit2.o)
    0x00000122   0x00000000   Code   RO        13740    .ARM.Collect$$libinit$$00000025  c_p.l(libinit2.o)
    0x00000122   0x00000000   Code   RO        13744    .ARM.Collect$$libinit$$0000002C  c_p.l(libinit2.o)
    0x00000122   0x00000000   Code   RO        13746    .ARM.Collect$$libinit$$0000002E  c_p.l(libinit2.o)
    0x00000122   0x00000000   Code   RO        13748    .ARM.Collect$$libinit$$00000030  c_p.l(libinit2.o)
    0x00000122   0x00000000   Code   RO        13750    .ARM.Collect$$libinit$$00000032  c_p.l(libinit2.o)
    0x00000122   0x00000002   Code   RO        13751    .ARM.Collect$$libinit$$00000033  c_p.l(libinit2.o)
    0x00000124   0x00000002   Code   RO        13849    .ARM.Collect$$libshutdown$$00000000  c_p.l(libshutdown.o)
    0x00000126   0x00000000   Code   RO        13851    .ARM.Collect$$libshutdown$$00000002  c_p.l(libshutdown2.o)
    0x00000126   0x00000000   Code   RO        13853    .ARM.Collect$$libshutdown$$00000004  c_p.l(libshutdown2.o)
    0x00000126   0x00000000   Code   RO        13856    .ARM.Collect$$libshutdown$$00000007  c_p.l(libshutdown2.o)
    0x00000126   0x00000000   Code   RO        13859    .ARM.Collect$$libshutdown$$0000000A  c_p.l(libshutdown2.o)
    0x00000126   0x00000000   Code   RO        13861    .ARM.Collect$$libshutdown$$0000000C  c_p.l(libshutdown2.o)
    0x00000126   0x00000000   Code   RO        13864    .ARM.Collect$$libshutdown$$0000000F  c_p.l(libshutdown2.o)
    0x00000126   0x00000002   Code   RO        13865    .ARM.Collect$$libshutdown$$00000010  c_p.l(libshutdown2.o)
    0x00000128   0x00000000   Code   RO        13692    .ARM.Collect$$rtentry$$00000000  c_p.l(__rtentry.o)
    0x00000128   0x00000000   Code   RO        13757    .ARM.Collect$$rtentry$$00000002  c_p.l(__rtentry2.o)
    0x00000128   0x00000006   Code   RO        13769    .ARM.Collect$$rtentry$$00000004  c_p.l(__rtentry4.o)
    0x0000012e   0x00000008   Code   RO        13758    .ARM.Collect$$rtentry$$00000008  c_p.l(__rtentry2.o)
    0x00000136   0x00000004   Code   RO        13760    .ARM.Collect$$rtentry$$0000000A  c_p.l(__rtentry2.o)
    0x0000013a   0x00000000   Code   RO        13762    .ARM.Collect$$rtentry$$0000000C  c_p.l(__rtentry2.o)
    0x0000013a   0x00000008   Code   RO        13763    .ARM.Collect$$rtentry$$0000000D  c_p.l(__rtentry2.o)
    0x00000142   0x00000002   Code   RO        13810    .ARM.Collect$$rtexit$$00000000  c_p.l(rtexit.o)
    0x00000144   0x00000000   Code   RO        13825    .ARM.Collect$$rtexit$$00000002  c_p.l(rtexit2.o)
    0x00000144   0x00000004   Code   RO        13826    .ARM.Collect$$rtexit$$00000003  c_p.l(rtexit2.o)
    0x00000148   0x00000006   Code   RO        13827    .ARM.Collect$$rtexit$$00000004  c_p.l(rtexit2.o)
    0x0000014e   0x00000002   PAD
    0x00000150   0x00000078   Code   RO        12860    .emb_text           port.o
    0x000001c8   0x00000038   Code   RO        13675    .emb_text           c_p.l(rt_memcpy.o)
    0x00000200   0x00000044   Code   RO        12600    .text               startup_mkw01z4.o
    0x00000244   0x00000030   Code   RO        13669    .text               c_p.l(llmul.o)
    0x00000274   0x00000102   Code   RO        13671    .text               c_p.l(lludiv.o)
    0x00000376   0x00000002   PAD
    0x00000378   0x0000007c   Code   RO        13673    .text               c_p.l(assert.o)
    0x000003f4   0x00000006   Code   RO        13685    .text               c_p.l(heapauxi.o)
    0x000003fa   0x00000002   Code   RO        13689    .text               c_p.l(use_no_semi.o)
    0x000003fc   0x00000000   Code   RO        13691    .text               c_p.l(indicate_semi.o)
    0x000003fc   0x00000002   Code   RO         3288    i.PhyRxHandleDummyEvent  phyisr.o
    0x000003fe   0x00000002   Code   RO         3298    i.PhyTxHandleDummyEvent  phyisr.o
    0x00000400   0x00000010   Code   RO        12599    .ARM.__at_0x400     startup_mkw01z4.o
    0x00000410   0x00000082   Code   RO        13676    .text               c_p.l(rt_memcpy.o)
    0x00000492   0x00000012   Code   RO        13679    .text               c_p.l(aeabi_memset.o)
    0x000004a4   0x0000015a   Code   RO        13681    .text               c_p.l(aeabi_sdiv.o)
    0x000005fe   0x00000014   Code   RO        13701    .text               c_p.l(abort.o)
    0x00000612   0x00000014   Code   RO        13703    .text               c_p.l(assert_puts.o)
    0x00000626   0x00000040   Code   RO        13705    .text               c_p.l(rt_memclr.o)
    0x00000666   0x0000000c   Code   RO        13752    .text               c_p.l(sys_wrch.o)
    0x00000672   0x00000002   PAD
    0x00000674   0x0000000c   Code   RO        13754    .text               c_p.l(sys_exit.o)
    0x00000680   0x0000000c   Code   RO        13773    .text               c_p.l(defsig_abrt_outer.o)
    0x0000068c   0x0000003e   Code   RO        13781    .text               c_p.l(sys_stackheap_outer.o)
    0x000006ca   0x00000010   Code   RO        13786    .text               c_p.l(exit.o)
    0x000006da   0x0000000c   Code   RO        13788    .text               c_p.l(defsig_exit.o)
    0x000006e6   0x00000002   PAD
    0x000006e8   0x00000030   Code   RO        13790    .text               c_p.l(defsig_abrt_inner.o)
    0x00000718   0x00000008   Code   RO        13806    .text               c_p.l(libspace.o)
    0x00000720   0x00000034   Code   RO        13816    .text               c_p.l(defsig_general.o)
    0x00000754   0x0000003a   Code   RO        13868    .text               c_p.l(__dczerorl.o)
    0x0000078e   0x00000098   Code   RO            5    i.ASP_TelecSendRawData  asptemp.o
    0x00000826   0x00000016   Code   RO           11    i.Asp_EnableXCVRInterrupts  asptemp.o
    0x0000083c   0x00000158   Code   RO         3241    i.CCAPinHandler_Interrupt  phyisr.o
    0x00000994   0x00000010   Code   RO         8564    i.CLOCK_HAL_GetClkOutStat  fsl_mcg_hal.o
    0x000009a4   0x00000048   Code   RO         8566    i.CLOCK_HAL_GetFllClk  fsl_mcg_hal.o
    0x000009ec   0x00000054   Code   RO         8567    i.CLOCK_HAL_GetFllRefClk  fsl_mcg_hal.o
    0x00000a40   0x00000048   Code   RO         8569    i.CLOCK_HAL_GetInternalRefClk  fsl_mcg_hal.o
    0x00000a88   0x0000000c   Code   RO         8571    i.CLOCK_HAL_GetMcgExternalClkFreq  fsl_mcg_hal.o
    0x00000a94   0x0000004e   Code   RO         8572    i.CLOCK_HAL_GetOutClk  fsl_mcg_hal.o
    0x00000ae2   0x00000002   PAD
    0x00000ae4   0x00000018   Code   RO         7600    i.CLOCK_HAL_GetOutDiv1  fsl_clock_mkw01z4.o
    0x00000afc   0x00000018   Code   RO         7601    i.CLOCK_HAL_GetOutDiv4  fsl_clock_mkw01z4.o
    0x00000b14   0x0000005a   Code   RO         8573    i.CLOCK_HAL_GetPll0Clk  fsl_mcg_hal.o
    0x00000b6e   0x0000000c   Code   RO         8574    i.CLOCK_HAL_GetPll0RefFreq  fsl_mcg_hal.o
    0x00000b7a   0x00000018   Code   RO         8581    i.CLOCK_HAL_IsPllSelected  fsl_mcg_hal.o
    0x00000b92   0x00000054   Code   RO         8596    i.CLOCK_HAL_TestFllExternalRefFreq  fsl_mcg_hal.o
    0x00000be6   0x00000002   PAD
    0x00000be8   0x00000040   Code   RO         8597    i.CLOCK_HAL_TestFllFreq  fsl_mcg_hal.o
    0x00000c28   0x0000006c   Code   RO         7659    i.CLOCK_SYS_EnablePortClock  fsl_clock_mkw01z4.o
    0x00000c94   0x00000068   Code   RO         7662    i.CLOCK_SYS_EnableSpiClock  fsl_clock_mkw01z4.o
    0x00000cfc   0x00000068   Code   RO         7663    i.CLOCK_SYS_EnableTpmClock  fsl_clock_mkw01z4.o
    0x00000d64   0x0000001c   Code   RO         7668    i.CLOCK_SYS_GetBusClockFreq  fsl_clock_mkw01z4.o
    0x00000d80   0x00000022   Code   RO         7708    i.CLOCK_SYS_GetSpiFreq  fsl_clock_mkw01z4.o
    0x00000da2   0x00000002   PAD
    0x00000da4   0x00000024   Code   RO         7710    i.CLOCK_SYS_GetSystemClockFreq  fsl_clock_mkw01z4.o
    0x00000dc8   0x00000020   Code   RO        11080    i.FLib_MemCmp       functionlib.o
    0x00000de8   0x00000012   Code   RO        11084    i.FLib_MemCpy       functionlib.o
    0x00000dfa   0x00000002   PAD
    0x00000dfc   0x00000020   Code   RO         6231    i.GPIO_DRV_ClearPinIntFlag  fsl_gpio_driver.o
    0x00000e1c   0x00000020   Code   RO         6232    i.GPIO_DRV_ClearPinOutput  fsl_gpio_driver.o
    0x00000e3c   0x00000020   Code   RO         6238    i.GPIO_DRV_ReadPinInput  fsl_gpio_driver.o
    0x00000e5c   0x00000020   Code   RO         6240    i.GPIO_DRV_SetPinOutput  fsl_gpio_driver.o
    0x00000e7c   0x0000005c   Code   RO         6243    i.GPIO_HAL_ClearPinOutput  fsl_gpio_driver.o
    0x00000ed8   0x00000060   Code   RO         6247    i.GPIO_HAL_ReadPinInput  fsl_gpio_driver.o
    0x00000f38   0x0000007c   Code   RO         7325    i.GPIO_HAL_SetPinDir  fsl_gpio_hal.o
    0x00000fb4   0x0000005c   Code   RO         6251    i.GPIO_HAL_SetPinOutput  fsl_gpio_driver.o
    0x00001010   0x0000000c   Code   RO        11169    i.ListInit          genericlist.o
    0x0000101c   0x00000042   Code   RO        11171    i.ListRemoveHead    genericlist.o
    0x0000105e   0x0000001a   Code   RO        10968    i.ListRemoveHeadMsg  messaging.o
    0x00001078   0x00000060   Code   RO        11011    i.MEM_BufferAlloc   memmanager.o
    0x000010d8   0x00000018   Code   RO         2381    i.PD_MAC_SendMessage  phystatemachine.o
    0x000010f0   0x00000014   Code   RO         2382    i.PHY_EventSet      phystatemachine.o
    0x00001104   0x00000018   Code   RO         2383    i.PLME_MAC_SendMessage  phystatemachine.o
    0x0000111c   0x00000026   Code   RO         3270    i.PORTC_PORTD_IRQHandler  phyisr.o
    0x00001142   0x00000002   PAD
    0x00001144   0x00000068   Code   RO         6262    i.PORT_HAL_ClearPinIntFlag  fsl_gpio_driver.o
    0x000011ac   0x0000006c   Code   RO          577    i.PORT_HAL_IsPinIntPending  sx123xdrv.o
    0x00001218   0x00000068   Code   RO         5365    i.PORT_HAL_SetMuxMode  pin_mux.o
    0x00001280   0x00000068   Code   RO          581    i.PORT_HAL_SetPinIntMode  sx123xdrv.o
    0x000012e8   0x00000044   Code   RO         2145    i.PhyAbort          phyplmedata.o
    0x0000132c   0x00000014   Code   RO         1526    i.PhyHwInit         phypacketprocessor.o
    0x00001340   0x00000024   Code   RO         2396    i.PhyIsIdleRx       phystatemachine.o
    0x00001364   0x0000000c   Code   RO         3285    i.PhyIsrPassRxParams  phyisr.o
    0x00001370   0x0000007c   Code   RO         3286    i.PhyPassTxParams   phyisr.o
    0x000013ec   0x000000ec   Code   RO         2146    i.PhyPdDataRequest  phyplmedata.o
    0x000014d8   0x0000004c   Code   RO         1828    i.PhyPib_EnableAFC  phypib.o
    0x00001524   0x0000006c   Code   RO         1829    i.PhyPib_InitOnStartUp  phypib.o
    0x00001590   0x00000064   Code   RO         1830    i.PhyPib_RFUpdateModulationParameters  phypib.o
    0x000015f4   0x00000010   Code   RO         1831    i.PhyPib_RFUpdatePowerStep  phypib.o
    0x00001604   0x00000010   Code   RO         1832    i.PhyPib_RFUpdatePreambleLength  phypib.o
    0x00001614   0x00000050   Code   RO         1833    i.PhyPib_RFUpdateRFfrequency  phypib.o
    0x00001664   0x0000010c   Code   RO         2147    i.PhyPlmeCcaEdRequest  phyplmedata.o
    0x00001770   0x00000070   Code   RO         2148    i.PhyPlmeRxRequest  phyplmedata.o
    0x000017e0   0x00000018   Code   RO         3287    i.PhyPpGetState     phyisr.o
    0x000017f8   0x00000044   Code   RO         2149    i.PhyPrepareTx      phyplmedata.o
    0x0000183c   0x00000148   Code   RO         3289    i.PhyRxHandleFifoLevelEvent  phyisr.o
    0x00001984   0x0000009c   Code   RO         3290    i.PhyRxHandlePHREvent  phyisr.o
    0x00001a20   0x0000026c   Code   RO         3291    i.PhyRxHandlePayloadReadyEvent  phyisr.o
    0x00001c8c   0x0000004c   Code   RO         3292    i.PhyRxHandleSyncAddresEvent  phyisr.o
    0x00001cd8   0x00000018   Code   RO         3293    i.PhySetState       phyisr.o
    0x00001cf0   0x00000014   Code   RO         2791    i.PhyTimeDisableEventTimeout  phytime.o
    0x00001d04   0x00000014   Code   RO         2792    i.PhyTimeDisableEventTrigger  phytime.o
    0x00001d18   0x00000014   Code   RO         2793    i.PhyTimeDisableRxTimeout  phytime.o
    0x00001d2c   0x00000014   Code   RO         2794    i.PhyTimeDisableWaitTimeout  phytime.o
    0x00001d40   0x00000028   Code   RO         2795    i.PhyTimeEventRxTimeout_Handler  phytime.o
    0x00001d68   0x00000028   Code   RO         2796    i.PhyTimeEventTimeout_Handler  phytime.o
    0x00001d90   0x00000028   Code   RO         2797    i.PhyTimeEventTrigger_Handler  phytime.o
    0x00001db8   0x00000028   Code   RO         2798    i.PhyTimeEventWaitTimeout_Handler  phytime.o
    0x00001de0   0x0000000c   Code   RO         2799    i.PhyTimeGetEventTimeout  phytime.o
    0x00001dec   0x0000002c   Code   RO         3294    i.PhyTimeHandleEventRxTimeout  phyisr.o
    0x00001e18   0x00000068   Code   RO         3295    i.PhyTimeHandleEventTimeout  phyisr.o
    0x00001e80   0x0000003c   Code   RO         3296    i.PhyTimeHandleEventTrigger  phyisr.o
    0x00001ebc   0x00000018   Code   RO         3297    i.PhyTimeHandleEventWaitTimeout  phyisr.o
    0x00001ed4   0x0000001a   Code   RO         2800    i.PhyTimeReadClock  phytime.o
    0x00001eee   0x00000002   PAD
    0x00001ef0   0x00000078   Code   RO         2801    i.PhyTimeReadClockTicks  phytime.o
    0x00001f68   0x00000080   Code   RO         2802    i.PhyTimeSetEventTimeout  phytime.o
    0x00001fe8   0x00000074   Code   RO         2803    i.PhyTimeSetEventTrigger  phytime.o
    0x0000205c   0x00000080   Code   RO         2804    i.PhyTimeSetRxTimeout  phytime.o
    0x000020dc   0x0000009c   Code   RO         2818    i.PhyTimerInit      phytime.o
    0x00002178   0x0000002c   Code   RO         3299    i.PhyTxHandleFifoLevelEvent  phyisr.o
    0x000021a4   0x00000184   Code   RO         3300    i.PhyTxPacketSentEvent  phyisr.o
    0x00002328   0x0000001a   Code   RO          978    i.Phy_ClearFifo     phyextended.o
    0x00002342   0x00000002   PAD
    0x00002344   0x00000044   Code   RO         3301    i.Phy_CrcAddByte    phyisr.o
    0x00002388   0x00000024   Code   RO          979    i.Phy_EnableAfcAuto  phyextended.o
    0x000023ac   0x00000026   Code   RO          981    i.Phy_EnableAfcLowBeta  phyextended.o
    0x000023d2   0x00000002   PAD
    0x000023d4   0x00000064   Code   RO         2401    i.Phy_EnterIdle     phystatemachine.o
    0x00002438   0x00000034   Code   RO         3302    i.Phy_GetEnergyLevel  phyisr.o
    0x0000246c   0x00000010   Code   RO          986    i.Phy_GetRssi       phyextended.o
    0x0000247c   0x00000050   Code   RO         2402    i.Phy_HandlePdDataReq  phystatemachine.o
    0x000024cc   0x0000002c   Code   RO         2403    i.Phy_HandlePlmeCcaReq  phystatemachine.o
    0x000024f8   0x0000005c   Code   RO         2404    i.Phy_HandlePlmeEdReq  phystatemachine.o
    0x00002554   0x0000002a   Code   RO         1535    i.Phy_IndirectQueueChecksum  phypacketprocessor.o
    0x0000257e   0x00000002   PAD
    0x00002580   0x00000050   Code   RO         2405    i.Phy_Init          phystatemachine.o
    0x000025d0   0x0000012c   Code   RO         3303    i.Phy_IsrRxFilterDest  phyisr.o
    0x000026fc   0x0000002c   Code   RO         3304    i.Phy_LqiConvert    phyisr.o
    0x00002728   0x000001f0   Code   RO         3305    i.Phy_RxFrameFilter  phyisr.o
    0x00002918   0x0000001c   Code   RO         3306    i.Phy_RxHandleFilterFail  phyisr.o
    0x00002934   0x00000034   Code   RO         3307    i.Phy_RxRestart     phyisr.o
    0x00002968   0x00000016   Code   RO          989    i.Phy_SetBitrate    phyextended.o
    0x0000297e   0x00000022   Code   RO          990    i.Phy_SetCarrierFreq  phyextended.o
    0x000029a0   0x00000046   Code   RO          992    i.Phy_SetDccFreq    phyextended.o
    0x000029e6   0x00000046   Code   RO          993    i.Phy_SetDccFreqAfc  phyextended.o
    0x00002a2c   0x00000020   Code   RO          994    i.Phy_SetFifoThreshold  phyextended.o
    0x00002a4c   0x00000016   Code   RO          995    i.Phy_SetFreqDeviation  phyextended.o
    0x00002a62   0x0000000e   Code   RO         1005    i.Phy_SetLowBetaAfcOffset  phyextended.o
    0x00002a70   0x00000046   Code   RO         1006    i.Phy_SetModulationShaping  phyextended.o
    0x00002ab6   0x0000002e   Code   RO         1007    i.Phy_SetModulationType  phyextended.o
    0x00002ae4   0x0000000e   Code   RO         1014    i.Phy_SetOperationModeFast  phyextended.o
    0x00002af2   0x00000020   Code   RO         1017    i.Phy_SetPowerStep  phyextended.o
    0x00002b12   0x00000016   Code   RO         1018    i.Phy_SetPreambleSize  phyextended.o
    0x00002b28   0x0000000e   Code   RO         1019    i.Phy_SetRssiThreshold  phyextended.o
    0x00002b36   0x00000088   Code   RO         1020    i.Phy_SetRxFilterBw  phyextended.o
    0x00002bbe   0x00000088   Code   RO         1021    i.Phy_SetRxFilterBwAfc  phyextended.o
    0x00002c46   0x00000042   Code   RO         3308    i.Phy_SetRxOnUntilNextEvent  phyisr.o
    0x00002c88   0x00000168   Code   RO         2407    i.Phy_SetSequenceTiming  phystatemachine.o
    0x00002df0   0x00000278   Code   RO         2408    i.Phy_Task          phystatemachine.o
    0x00003068   0x00000028   Code   RO         2409    i.Phy_TaskInitialize  phystatemachine.o
    0x00003090   0x00000044   Code   RO         2821    i.Phy_TimeDivider   phytime.o
    0x000030d4   0x00000054   Code   RO         2822    i.Phy_TimeMultiplicator  phytime.o
    0x00003128   0x00000024   Code   RO         3309    i.Phy_XCVRRxWarmupTime  phyisr.o
    0x0000314c   0x00000020   Code   RO         3310    i.Phy_XCVRTxWarmupTime  phyisr.o
    0x0000316c   0x0000000e   Code   RO         2410    i.Radio_Phy_DummyEvent  phystatemachine.o
    0x0000317a   0x00000002   PAD
    0x0000317c   0x00000054   Code   RO         2411    i.Radio_Phy_PdDataConfirm  phystatemachine.o
    0x000031d0   0x00000010   Code   RO         2412    i.Radio_Phy_PdDataIndication  phystatemachine.o
    0x000031e0   0x0000001c   Code   RO         2413    i.Radio_Phy_PlmeCcaConfirm  phystatemachine.o
    0x000031fc   0x0000001c   Code   RO         2414    i.Radio_Phy_PlmeEdConfirm  phystatemachine.o
    0x00003218   0x00000010   Code   RO         2417    i.Radio_Phy_TimeRxTimeoutIndication  phystatemachine.o
    0x00003228   0x0000002c   Code   RO         7736    i.SIM_HAL_EnableClock  fsl_clock_mkw01z4.o
    0x00003254   0x0000000e   Code   RO         4122    i.SPI_HAL_Enable    spi.o
    0x00003262   0x00000010   Code   RO         7081    i.SPI_HAL_Init      fsl_spi_hal.o
    0x00003272   0x0000000c   Code   RO         4132    i.SPI_HAL_IsReadBuffFullPending  spi.o
    0x0000327e   0x00000006   Code   RO         4135    i.SPI_HAL_ReadDataLow  spi.o
    0x00003284   0x00000096   Code   RO         7090    i.SPI_HAL_SetBaud   fsl_spi_hal.o
    0x0000331a   0x00000012   Code   RO         4139    i.SPI_HAL_SetMasterSlave  spi.o
    0x0000332c   0x0000002c   Code   RO         7107    i.SPI_HAL_WriteDataBlocking  fsl_spi_hal.o
    0x00003358   0x00000002   Code   RO        12861    i.SVC_Handler       port.o
    0x0000335a   0x00000002   PAD
    0x0000335c   0x00000010   Code   RO        13646    i.SysTick_Handler   freertos_tick_config.o
    0x0000336c   0x0000015c   Code   RO        12608    i.SystemCoreClockUpdate  system_mkw01z4.o
    0x000034c8   0x0000006c   Code   RO        12609    i.SystemInit        system_mkw01z4.o
    0x00003534   0x000000e8   Code   RO         2823    i.TPM0_IRQHandler   phytime.o
    0x0000361c   0x0000012c   Code   RO        11385    i.TPM_DRV_Init      fsl_tpm_driver.o
    0x00003748   0x00000080   Code   RO         2824    i.TPM_HAL_ClearChnInt  phytime.o
    0x000037c8   0x00000080   Code   RO         2825    i.TPM_HAL_DisableChnInt  phytime.o
    0x00003848   0x00000080   Code   RO         2826    i.TPM_HAL_EnableChnInt  phytime.o
    0x000038c8   0x00000088   Code   RO         2827    i.TPM_HAL_GetChnStatus  phytime.o
    0x00003950   0x00000014   Code   RO         2828    i.TPM_HAL_GetCounterVal  phytime.o
    0x00003964   0x00000018   Code   RO         2829    i.TPM_HAL_GetTimerOverflowStatus  phytime.o
    0x0000397c   0x00000088   Code   RO         2830    i.TPM_HAL_IsChnIntEnabled  phytime.o
    0x00003a04   0x00000034   Code   RO        12050    i.TPM_HAL_Reset     fsl_tpm_hal.o
    0x00003a38   0x00000084   Code   RO         2831    i.TPM_HAL_SetChnCountVal  phytime.o
    0x00003abc   0x00000088   Code   RO         2832    i.TPM_HAL_SetChnMsnbaElsnbaVal  phytime.o
    0x00003b44   0x0000002c   Code   RO        12052    i.TPM_HAL_SetClockMode  fsl_tpm_hal.o
    0x00003b70   0x0000001e   Code   RO          585    i.XCVRDrv_ConfigureCLKO  sx123xdrv.o
    0x00003b8e   0x0000002c   Code   RO          586    i.XCVRDrv_ConfigureDIOPins  sx123xdrv.o
    0x00003bba   0x00000002   PAD
    0x00003bbc   0x000000d8   Code   RO         3311    i.XCVRDrv_FillFifo  phyisr.o
    0x00003c94   0x00000010   Code   RO          895    i.XCVRDrv_IRQ_DIO0_Clear  sx123xdrv.o
    0x00003ca4   0x00000014   Code   RO          877    i.XCVRDrv_IRQ_DIO0_Detected  sx123xdrv.o
    0x00003cb8   0x00000014   Code   RO          859    i.XCVRDrv_IRQ_DIO0_Disable  sx123xdrv.o
    0x00003ccc   0x00000018   Code   RO          841    i.XCVRDrv_IRQ_DIO0_Enable  sx123xdrv.o
    0x00003ce4   0x0000000c   Code   RO          901    i.XCVRDrv_IRQ_DIO1_Clear  sx123xdrv.o
    0x00003cf0   0x00000014   Code   RO          883    i.XCVRDrv_IRQ_DIO1_Detected  sx123xdrv.o
    0x00003d04   0x00000014   Code   RO          865    i.XCVRDrv_IRQ_DIO1_Disable  sx123xdrv.o
    0x00003d18   0x00000018   Code   RO          847    i.XCVRDrv_IRQ_DIO1_Enable  sx123xdrv.o
    0x00003d30   0x0000000a   Code   RO          907    i.XCVRDrv_IRQ_DIO4_Clear  sx123xdrv.o
    0x00003d3a   0x00000002   PAD
    0x00003d3c   0x00000014   Code   RO          889    i.XCVRDrv_IRQ_DIO4_Detected  sx123xdrv.o
    0x00003d50   0x00000014   Code   RO          871    i.XCVRDrv_IRQ_DIO4_Disable  sx123xdrv.o
    0x00003d64   0x00000018   Code   RO          853    i.XCVRDrv_IRQ_DIO4_Enable  sx123xdrv.o
    0x00003d7c   0x00000020   Code   RO          587    i.XCVRDrv_RFdefaultInit  sx123xdrv.o
    0x00003d9c   0x00000050   Code   RO          590    i.XCVRDrv_ReadBytesFromFifoLSB  sx123xdrv.o
    0x00003dec   0x0000000a   Code   RO          591    i.XCVRDrv_ReadFifo  sx123xdrv.o
    0x00003df6   0x0000003c   Code   RO          592    i.XCVRDrv_ReadRegister  sx123xdrv.o
    0x00003e32   0x00000002   PAD
    0x00003e34   0x00000054   Code   RO          593    i.XCVRDrv_Reset     sx123xdrv.o
    0x00003e88   0x00000050   Code   RO          595    i.XCVRDrv_WriteBytesToFifoLSB  sx123xdrv.o
    0x00003ed8   0x0000000e   Code   RO          596    i.XCVRDrv_WriteFifo  sx123xdrv.o
    0x00003ee6   0x0000003c   Code   RO          597    i.XCVRDrv_WriteFifoLSB  sx123xdrv.o
    0x00003f22   0x00000036   Code   RO          598    i.XCVRDrv_WriteRegister  sx123xdrv.o
    0x00003f58   0x00000038   Code   RO         3312    i.XCVRHandlerInterrupt  phyisr.o
    0x00003f90   0x0000002c   Code   RO          913    i.XCVR_Init         sx123xdrv.o
    0x00003fbc   0x0000001c   Code   RO          377    i.__ARM_common_switch8  asptemp.o
    0x00003fd8   0x00000018   Code   RO        11399    i.__NVIC_EnableIRQ  fsl_tpm_driver.o
    0x00003ff0   0x00000078   Code   RO         2833    i.__NVIC_SetPriority  phytime.o
    0x00004068   0x00000006   Code   RO        12156    i.__get_IPSR        cmsis_os2.o
    0x0000406e   0x00000006   Code   RO        12157    i.__get_PRIMASK     cmsis_os2.o
    0x00004074   0x00000018   Code   RO        12098    i._mutex_acquire    clib_arm.o
    0x0000408c   0x0000000c   Code   RO        12099    i._mutex_free       clib_arm.o
    0x00004098   0x00000018   Code   RO        12100    i._mutex_initialize  clib_arm.o
    0x000040b0   0x00000014   Code   RO        12101    i._mutex_release    clib_arm.o
    0x000040c4   0x00000008   Code   RO        12102    i._platform_post_stackheap_init  clib_arm.o
    0x000040cc   0x00000054   Code   RO         5400    i.configure_spi_pins  pin_mux.o
    0x00004120   0x00000090   Code   RO         5403    i.configure_xcvr_pins  pin_mux.o
    0x000041b0   0x0000001a   Code   RO         3869    i.main              app.o
    0x000041ca   0x00000002   PAD
    0x000041cc   0x00000038   Code   RO        12158    i.osDelay           cmsis_os2.o
    0x00004204   0x00000068   Code   RO        12163    i.osEventFlagsNew   cmsis_os2.o
    0x0000426c   0x0000005c   Code   RO        12164    i.osEventFlagsSet   cmsis_os2.o
    0x000042c8   0x000000ac   Code   RO        12165    i.osEventFlagsWait  cmsis_os2.o
    0x00004374   0x00000054   Code   RO        12167    i.osKernelGetState  cmsis_os2.o
    0x000043c8   0x00000048   Code   RO        12172    i.osKernelInitialize  cmsis_os2.o
    0x00004410   0x00000044   Code   RO        12175    i.osKernelStart     cmsis_os2.o
    0x00004454   0x0000007c   Code   RO        12178    i.osMessageQueueGet  cmsis_os2.o
    0x000044d0   0x000000a4   Code   RO        12183    i.osMessageQueueNew  cmsis_os2.o
    0x00004574   0x0000008c   Code   RO        12186    i.osMutexAcquire    cmsis_os2.o
    0x00004600   0x00000040   Code   RO        12187    i.osMutexDelete     cmsis_os2.o
    0x00004640   0x000000c0   Code   RO        12189    i.osMutexNew        cmsis_os2.o
    0x00004700   0x00000064   Code   RO        12190    i.osMutexRelease    cmsis_os2.o
    0x00004764   0x00000068   Code   RO        12200    i.osThreadFlagsSet  cmsis_os2.o
    0x000047cc   0x000000e8   Code   RO        12208    i.osThreadNew       cmsis_os2.o
    0x000048b4   0x00000028   Code   RO        12103    i.os_kernel_is_active  clib_arm.o
    0x000048dc   0x0000007c   Code   RO        13145    i.prvAddCurrentTaskToDelayedList  tasks.o
    0x00004958   0x000000ac   Code   RO        13146    i.prvAddNewTaskToReadyList  tasks.o
    0x00004a04   0x0000005c   Code   RO        13502    i.prvCheckForValidListAndQueue  timers.o
    0x00004a60   0x00000068   Code   RO        13147    i.prvCheckTasksWaitingTermination  tasks.o
    0x00004ac8   0x0000002c   Code   RO        12938    i.prvCopyDataFromQueue  queue.o
    0x00004af4   0x00000080   Code   RO        12939    i.prvCopyDataToQueue  queue.o
    0x00004b74   0x0000002a   Code   RO        13148    i.prvDeleteTCB      tasks.o
    0x00004b9e   0x00000002   PAD
    0x00004ba0   0x0000002c   Code   RO        13503    i.prvGetNextExpireTime  timers.o
    0x00004bcc   0x00000018   Code   RO        13149    i.prvIdleTask       tasks.o
    0x00004be4   0x0000001e   Code   RO        12940    i.prvInitialiseMutex  queue.o
    0x00004c02   0x0000002c   Code   RO        12941    i.prvInitialiseNewQueue  queue.o
    0x00004c2e   0x00000096   Code   RO        13150    i.prvInitialiseNewTask  tasks.o
    0x00004cc4   0x00000064   Code   RO        13151    i.prvInitialiseTaskLists  tasks.o
    0x00004d28   0x00000068   Code   RO        12809    i.prvInsertBlockIntoFreeList  heap_5.o
    0x00004d90   0x00000054   Code   RO        13505    i.prvInsertTimerInActiveList  timers.o
    0x00004de4   0x0000001c   Code   RO        12942    i.prvIsQueueEmpty   queue.o
    0x00004e00   0x0000001e   Code   RO        12943    i.prvIsQueueFull    queue.o
    0x00004e1e   0x00000002   PAD
    0x00004e20   0x0000004c   Code   RO        13506    i.prvProcessExpiredTimer  timers.o
    0x00004e6c   0x000000dc   Code   RO        13507    i.prvProcessReceivedCommands  timers.o
    0x00004f48   0x0000006c   Code   RO        13508    i.prvProcessTimerOrBlockTask  timers.o
    0x00004fb4   0x00000038   Code   RO        13153    i.prvResetNextTaskUnblockTime  tasks.o
    0x00004fec   0x0000002c   Code   RO        13509    i.prvSampleTimeNow  timers.o
    0x00005018   0x00000024   Code   RO        12862    i.prvSetupTimerInterrupt  port.o
    0x0000503c   0x00000080   Code   RO        13510    i.prvSwitchTimerLists  timers.o
    0x000050bc   0x00000006   Code   RO        12863    i.prvTaskExitError  port.o
    0x000050c2   0x00000022   Code   RO        12668    i.prvTestWaitCondition  event_groups.o
    0x000050e4   0x0000001a   Code   RO        13511    i.prvTimerTask      timers.o
    0x000050fe   0x0000008e   Code   RO        12944    i.prvUnlockQueue    queue.o
    0x0000518c   0x000000c8   Code   RO        12810    i.pvPortMalloc      heap_5.o
    0x00005254   0x00000020   Code   RO        13156    i.pvTaskIncrementMutexHeldCount  tasks.o
    0x00005274   0x00000020   Code   RO        12864    i.pxPortInitialiseStack  port.o
    0x00005294   0x00000044   Code   RO         3892    i.signal_func       thread.o
    0x000052d8   0x0000001c   Code   RO         4961    i.spi_master_configure_serialization_lsb  spi.o
    0x000052f4   0x0000001c   Code   RO         4967    i.spi_master_configure_serialization_msb  spi.o
    0x00005310   0x00000070   Code   RO         4150    i.spi_master_init   spi.o
    0x00005380   0x0000006c   Code   RO         4151    i.spi_master_transfer  spi.o
    0x000053ec   0x00000028   Code   RO        12765    i.uxListRemove      list.o
    0x00005414   0x0000001c   Code   RO        13164    i.uxTaskResetEventItemValue  tasks.o
    0x00005430   0x00000018   Code   RO        12220    i.vApplicationGetIdleTaskMemory  cmsis_os2.o
    0x00005448   0x00000018   Code   RO        12221    i.vApplicationGetTimerTaskMemory  cmsis_os2.o
    0x00005460   0x00000002   Code   RO        12222    i.vApplicationStackOverflowHook  cmsis_os2.o
    0x00005462   0x00000010   Code   RO        12672    i.vEventGroupSetBitsCallback  event_groups.o
    0x00005472   0x0000001a   Code   RO        12766    i.vListInitialise   list.o
    0x0000548c   0x00000006   Code   RO        12767    i.vListInitialiseItem  list.o
    0x00005492   0x00000036   Code   RO        12768    i.vListInsert       list.o
    0x000054c8   0x00000018   Code   RO        12769    i.vListInsertEnd    list.o
    0x000054e0   0x000000b4   Code   RO        12811    i.vPortDefineHeapRegions  heap_5.o
    0x00005594   0x0000001c   Code   RO        12866    i.vPortEnterCritical  port.o
    0x000055b0   0x0000001c   Code   RO        12867    i.vPortExitCritical  port.o
    0x000055cc   0x00000050   Code   RO        12812    i.vPortFree         heap_5.o
    0x0000561c   0x00000018   Code   RO        12868    i.vPortYield        port.o
    0x00005634   0x00000016   Code   RO        12950    i.vQueueDelete      queue.o
    0x0000564a   0x0000004c   Code   RO        12952    i.vQueueWaitForMessageRestricted  queue.o
    0x00005696   0x00000026   Code   RO        13165    i.vTaskDelay        tasks.o
    0x000056bc   0x0000000c   Code   RO        13170    i.vTaskMissedYield  tasks.o
    0x000056c8   0x00000020   Code   RO        13172    i.vTaskPlaceOnEventList  tasks.o
    0x000056e8   0x0000002c   Code   RO        13173    i.vTaskPlaceOnEventListRestricted  tasks.o
    0x00005714   0x00000030   Code   RO        13174    i.vTaskPlaceOnUnorderedEventList  tasks.o
    0x00005744   0x0000008c   Code   RO        13175    i.vTaskPriorityInherit  tasks.o
    0x000057d0   0x00000018   Code   RO        13179    i.vTaskSetTimeOutState  tasks.o
    0x000057e8   0x00000088   Code   RO        13180    i.vTaskStartScheduler  tasks.o
    0x00005870   0x00000010   Code   RO        13182    i.vTaskSuspendAll   tasks.o
    0x00005880   0x000000ac   Code   RO        13183    i.vTaskSwitchContext  tasks.o
    0x0000592c   0x00000020   Code   RO        12675    i.xEventGroupCreate  event_groups.o
    0x0000594c   0x0000001c   Code   RO        12676    i.xEventGroupCreateStatic  event_groups.o
    0x00005968   0x000000a6   Code   RO        12678    i.xEventGroupSetBits  event_groups.o
    0x00005a0e   0x00000002   PAD
    0x00005a10   0x00000020   Code   RO        12679    i.xEventGroupSetBitsFromISR  event_groups.o
    0x00005a30   0x000000ca   Code   RO        12681    i.xEventGroupWaitBits  event_groups.o
    0x00005afa   0x00000002   PAD
    0x00005afc   0x00000038   Code   RO        12869    i.xPortStartScheduler  port.o
    0x00005b34   0x00000024   Code   RO        12870    i.xPortSysTickHandler  port.o
    0x00005b58   0x0000001e   Code   RO        12955    i.xQueueCreateMutex  queue.o
    0x00005b76   0x00000026   Code   RO        12956    i.xQueueCreateMutexStatic  queue.o
    0x00005b9c   0x00000042   Code   RO        12957    i.xQueueGenericCreate  queue.o
    0x00005bde   0x0000002a   Code   RO        12958    i.xQueueGenericCreateStatic  queue.o
    0x00005c08   0x00000148   Code   RO        12959    i.xQueueGenericReceive  queue.o
    0x00005d50   0x00000078   Code   RO        12960    i.xQueueGenericReset  queue.o
    0x00005dc8   0x000000fc   Code   RO        12961    i.xQueueGenericSend  queue.o
    0x00005ec4   0x0000007c   Code   RO        12962    i.xQueueGenericSendFromISR  queue.o
    0x00005f40   0x00000032   Code   RO        12965    i.xQueueGiveMutexRecursive  queue.o
    0x00005f72   0x00000078   Code   RO        12969    i.xQueueReceiveFromISR  queue.o
    0x00005fea   0x00000038   Code   RO        12970    i.xQueueTakeMutexRecursive  queue.o
    0x00006022   0x00000002   PAD
    0x00006024   0x00000060   Code   RO        13184    i.xTaskCheckForTimeOut  tasks.o
    0x00006084   0x00000062   Code   RO        13185    i.xTaskCreate       tasks.o
    0x000060e6   0x00000044   Code   RO        13186    i.xTaskCreateStatic  tasks.o
    0x0000612a   0x00000002   PAD
    0x0000612c   0x000000b0   Code   RO        13187    i.xTaskGenericNotify  tasks.o
    0x000061dc   0x000000e4   Code   RO        13188    i.xTaskGenericNotifyFromISR  tasks.o
    0x000062c0   0x0000000c   Code   RO        13189    i.xTaskGetCurrentTaskHandle  tasks.o
    0x000062cc   0x00000024   Code   RO        13190    i.xTaskGetSchedulerState  tasks.o
    0x000062f0   0x0000000c   Code   RO        13191    i.xTaskGetTickCount  tasks.o
    0x000062fc   0x00000120   Code   RO        13193    i.xTaskIncrementTick  tasks.o
    0x0000641c   0x00000060   Code   RO        13196    i.xTaskPriorityDisinherit  tasks.o
    0x0000647c   0x00000080   Code   RO        13197    i.xTaskRemoveFromEventList  tasks.o
    0x000064fc   0x00000068   Code   RO        13198    i.xTaskRemoveFromUnorderedEventList  tasks.o
    0x00006564   0x000000e0   Code   RO        13199    i.xTaskResumeAll    tasks.o
    0x00006644   0x00000064   Code   RO        13516    i.xTimerCreateTimerTask  timers.o
    0x000066a8   0x00000068   Code   RO        13517    i.xTimerGenericCommand  timers.o
    0x00006710   0x00000034   Code   RO        13523    i.xTimerPendFunctionCallFromISR  timers.o
    0x00006744   0x00000052   Data   RO          599    .constdata          sx123xdrv.o
    0x00006796   0x00000001   Data   RO         1536    .constdata          phypacketprocessor.o
    0x00006797   0x00000001   PAD
    0x00006798   0x0000005c   Data   RO         1845    .constdata          phypib.o
    0x000067f4   0x00000112   Data   RO         3313    .constdata          phyisr.o
    0x00006906   0x00000002   PAD
    0x00006908   0x00000008   Data   RO         4152    .constdata          spi.o
    0x00006910   0x0000002d   Data   RO         6302    .constdata          fsl_gpio_driver.o
    0x0000693d   0x00000012   Data   RO         7762    .constdata          fsl_clock_mkw01z4.o
    0x0000694f   0x00000001   PAD
    0x00006950   0x00000030   Data   RO         8602    .constdata          fsl_mcg_hal.o
    0x00006980   0x0000000f   Data   RO        11400    .constdata          fsl_tpm_driver.o
    0x0000698f   0x00000001   PAD
    0x00006990   0x0000000c   Data   RO        12053    .constdata          fsl_tpm_hal.o
    0x0000699c   0x00000041   Data   RO         7763    .conststring        fsl_clock_mkw01z4.o
    0x000069dd   0x00000003   PAD
    0x000069e0   0x00000020   Data   RO        13866    Region$$Table       anon$$obj.o


    Execution Region RW_IRAM1 (Base: 0x1ffff000, Size: 0x00003f28, Max: 0x00004000, ABSOLUTE, COMPRESSED[0x00000024])

    Base Addr    Size         Type   Attr      Idx    E Section Name        Object

    0x1ffff000   0x0000001f   Data   RW         2421    .data               phystatemachine.o
    0x1ffff01f   0x00000001   PAD
    0x1ffff020   0x00000035   Data   RW         2835    .data               phytime.o
    0x1ffff055   0x00000003   PAD
    0x1ffff058   0x00000024   Data   RW         3314    .data               phyisr.o
    0x1ffff07c   0x0000000c   Data   RW         3893    .data               thread.o
    0x1ffff088   0x00000002   Data   RW         4154    .data               spi.o
    0x1ffff08a   0x00000002   PAD
    0x1ffff08c   0x00000010   Data   RW         8603    .data               fsl_mcg_hal.o
    0x1ffff09c   0x00000012   Data   RW        11020    .data               memmanager.o
    0x1ffff0ae   0x00000001   Data   RW        12105    .data               clib_arm.o
    0x1ffff0af   0x00000001   PAD
    0x1ffff0b0   0x00000014   Data   RW        12224    .data               cmsis_os2.o
    0x1ffff0c4   0x00000004   Data   RW        12610    .data               system_mkw01z4.o
    0x1ffff0c8   0x00000018   Data   RW        12815    .data               heap_5.o
    0x1ffff0e0   0x00000004   Data   RW        12871    .data               port.o
    0x1ffff0e4   0x0000003c   Data   RW        13202    .data               tasks.o
    0x1ffff120   0x00000014   Data   RW        13525    .data               timers.o
    0x1ffff134   0x0000001c   Zero   RW         1844    .bss                phypib.o
    0x1ffff150   0x00000180   Zero   RW         2419    .bss                phystatemachine.o
    0x1ffff2d0   0x00000e70   Zero   RW        11018    .bss                memmanager.o
    0x20000140   0x000023f8   Zero   RW        12223    .bss                cmsis_os2.o
    0x20002538   0x000004c4   Zero   RW        13201    .bss                tasks.o
    0x200029fc   0x000000c8   Zero   RW        13524    .bss                timers.o
    0x20002ac4   0x00000060   Zero   RW        13807    .bss                c_p.l(libspace.o)
    0x20002b24   0x00000004   PAD
    0x20002b28   0x00000300   Zero   RW        12597    HEAP                startup_mkw01z4.o
    0x20002e28   0x00000100   Zero   RW        12596    STACK               startup_mkw01z4.o


==============================================================================

Image component sizes


      Code (inc. data)   RO Data    RW Data    ZI Data      Debug   Object Name

        26          0          0          0          0       4227   app.o
       202          0          0          0          0     240687   asptemp.o
       128          6          0          1          0       4196   clib_arm.o
      1830        102          0         20       9208      24658   cmsis_os2.o
       510          6          0          0          0       6522   event_groups.o
        16          4          0          0          0        466   freertos_tick_config.o
       506        254         83          0          0       7211   fsl_clock_mkw01z4.o
       512        272         45          0          0       6841   fsl_gpio_driver.o
       124         60          0          0          0     188697   fsl_gpio_hal.o
       608         62         48         16          0      11166   fsl_mcg_hal.o
       210          0          0          0          0       2741   fsl_spi_hal.o
       324        114         15          0          0      14130   fsl_tpm_driver.o
        96          4         12          0          0       5599   fsl_tpm_hal.o
        50          0          0          0          0       1268   functionlib.o
        78          0          0          0          0       1828   genericlist.o
       564         60          0         24          0       4332   heap_5.o
       150          0          0          0          0       3266   list.o
        96         10          0         18       3696       2194   memmanager.o
        26          0          0          0          0        648   messaging.o
       850          0          0          0          0     195937   phyextended.o
      3860        406        274         36          0      21014   phyisr.o
        62          0          1          0          0       9612   phypacketprocessor.o
       396         54         92          0         28       6262   phypib.o
       752         60          0          0          0       4357   phyplmedata.o
      1718        130          0         31        384      16326   phystatemachine.o
      2398        726          0         53          0      29527   phytime.o
       332         94          0          0          0       1699   pin_mux.o
       368         56          0          4          0       6764   port.o
      1770          0          0          0          0      16896   queue.o
       326         34          8          2          0      11937   spi.o
        84         48        192          0       1024        940   startup_mkw01z4.o
      1034        198         82          0          0      16835   sx123xdrv.o
       456         52          0          4          0       1519   system_mkw01z4.o
      3060        430          0         60       1220      26223   tasks.o
        68          4          0         12          0        972   thread.o
      1078        110          0         20        200       9947   timers.o

    ----------------------------------------------------------------------
     24710       3356        892        308      15760     907444   Object Totals
         0          0         32          0          0          0   (incl. Generated)
        42          0          8          7          0          0   (incl. Padding)

    ----------------------------------------------------------------------

      Code (inc. data)   RO Data    RW Data    ZI Data      Debug   Library Member Name

        58          0          0          0          0          0   __dczerorl.o
         8          0          0          0          0         68   __main.o
         0          0          0          0          0          0   __rtentry.o
        20          0          0          0          0          0   __rtentry2.o
         6          0          0          0          0          0   __rtentry4.o
        60          8          0          0          0          0   __scatter.o
        28          0          0          0          0          0   __scatter_zi.o
        20          0          0          0          0         68   abort.o
        18          0          0          0          0         68   aeabi_memset.o
       346          0          0          0          0         92   aeabi_sdiv.o
       124         42          0          0          0         68   assert.o
        20          0          0          0          0         68   assert_puts.o
        48         34          0          0          0         68   defsig_abrt_inner.o
        12          0          0          0          0         68   defsig_abrt_outer.o
        12          0          0          0          0         68   defsig_exit.o
        52          0          0          0          0         72   defsig_general.o
        16          0          0          0          0         68   exit.o
         6          0          0          0          0        136   heapauxi.o
         0          0          0          0          0          0   indicate_semi.o
         2          0          0          0          0          0   libinit.o
         2          0          0          0          0          0   libinit2.o
         2          0          0          0          0          0   libshutdown.o
         2          0          0          0          0          0   libshutdown2.o
         8          4          0          0         96         68   libspace.o
        48          0          0          0          0         72   llmul.o
       258          0          0          0          0         88   lludiv.o
        64          0          0          0          0        108   rt_memclr.o
       186          0          0          0          0        144   rt_memcpy.o
         2          0          0          0          0          0   rtexit.o
        10          0          0          0          0          0   rtexit2.o
        12          4          0          0          0         60   sys_exit.o
        62          0          0          0          0         80   sys_stackheap_outer.o
        12          0          0          0          0         68   sys_wrch.o
         2          0          0          0          0         68   use_no_semi.o

    ----------------------------------------------------------------------
      1534         92          0          0        100       1668   Library Totals
         8          0          0          0          4          0   (incl. Padding)

    ----------------------------------------------------------------------

      Code (inc. data)   RO Data    RW Data    ZI Data      Debug   Library Name

      1526         92          0          0         96       1668   c_p.l

    ----------------------------------------------------------------------
      1534         92          0          0        100       1668   Library Totals

    ----------------------------------------------------------------------

==============================================================================


      Code (inc. data)   RO Data    RW Data    ZI Data      Debug   

     26244       3448        892        308      15860     894788   Grand Totals
     26244       3448        892         36      15860     894788   ELF Image Totals (compressed)
     26244       3448        892         36          0          0   ROM Totals

==============================================================================

    Total RO  Size (Code + RO Data)                27136 (  26.50kB)
    Total RW  Size (RW Data + ZI Data)             16168 (  15.79kB)
    Total ROM Size (Code + RO Data + RW Data)      27172 (  26.54kB)

==============================================================================

