Component: ARM Compiler 5.06 update 4 (build 422) Tool: armlink [4d35d2]

==============================================================================

Section Cross References

    asptemp.o(i.APP_ASP_SapHandler) refers to asptemp.o(i.__ARM_common_switch8) for __ARM_common_switch8
    asptemp.o(i.APP_ASP_SapHandler) refers to asptemp.o(i.Asp_XcvrWriteReq) for Asp_XcvrWriteReq
    asptemp.o(i.APP_ASP_SapHandler) refers to asptemp.o(i.Asp_XcvrReadReq) for Asp_XcvrReadReq
    asptemp.o(i.APP_ASP_SapHandler) refers to asptemp.o(i.Asp_SetFADState) for Asp_SetFADState
    asptemp.o(i.APP_ASP_SapHandler) refers to asptemp.o(i.Asp_SetFADThreshold) for Asp_SetFADThreshold
    asptemp.o(i.APP_ASP_SapHandler) refers to asptemp.o(i.Asp_SetANTXState) for Asp_SetANTXState
    asptemp.o(i.APP_ASP_SapHandler) refers to asptemp.o(i.Asp_GetANTXState) for Asp_GetANTXState
    asptemp.o(i.APP_ASP_SapHandler) refers to asptemp.o(i.Asp_SetPowerLevel) for Asp_SetPowerLevel
    asptemp.o(i.APP_ASP_SapHandler) refers to asptemp.o(i.Asp_GetPowerLevel) for Asp_GetPowerLevel
    asptemp.o(i.APP_ASP_SapHandler) refers to asptemp.o(i.ASP_TelecSetFreq) for ASP_TelecSetFreq
    asptemp.o(i.APP_ASP_SapHandler) refers to asptemp.o(i.ASP_TelecSendRawData) for ASP_TelecSendRawData
    asptemp.o(i.APP_ASP_SapHandler) refers to asptemp.o(i.ASP_TelecTest) for ASP_TelecTest
    asptemp.o(i.APP_ASP_SapHandler) refers to asptemp.o(i.Asp_SetLQIMode) for Asp_SetLQIMode
    asptemp.o(i.APP_ASP_SapHandler) refers to asptemp.o(i.Asp_GetRSSILevel) for Asp_GetRSSILevel
    asptemp.o(i.ASP_TelecSendRawData) refers to phyplmedata.o(i.PhyAbort) for PhyAbort
    asptemp.o(i.ASP_TelecSendRawData) refers to phystatemachine.o(i.Phy_SetSequenceTiming) for Phy_SetSequenceTiming
    asptemp.o(i.ASP_TelecSendRawData) refers to phyplmedata.o(i.PhyPdDataRequest) for PhyPdDataRequest
    asptemp.o(i.ASP_TelecSendRawData) refers to sx123xdrv.o(i.XCVRDrv_IRQ_DIO0_Disable) for XCVRDrv_IRQ_DIO0_Disable
    asptemp.o(i.ASP_TelecSendRawData) refers to sx123xdrv.o(i.XCVRDrv_ReadRegister) for XCVRDrv_ReadRegister
    asptemp.o(i.ASP_TelecSetFreq) refers to phyplmedata.o(i.PhyAbort) for PhyAbort
    asptemp.o(i.ASP_TelecSetFreq) refers to phypib.o(i.PhyPib_SetCurrentChannel) for PhyPib_SetCurrentChannel
    asptemp.o(i.ASP_TelecTest) refers to asptemp.o(i.__ARM_common_switch8) for __ARM_common_switch8
    asptemp.o(i.ASP_TelecTest) refers to phyplmedata.o(i.PhyAbort) for PhyAbort
    asptemp.o(i.ASP_TelecTest) refers to phyextended.o(i.Phy_SetOperationMode) for Phy_SetOperationMode
    asptemp.o(i.ASP_TelecTest) refers to phyisr.o(i.PhySetState) for PhySetState
    asptemp.o(i.ASP_TelecTest) refers to sx123xdrv.o(i.XCVRDrv_WriteRegister) for XCVRDrv_WriteRegister
    asptemp.o(i.ASP_TelecTest) refers to phyextended.o(i.Phy_SetDataMode) for Phy_SetDataMode
    asptemp.o(i.ASP_TelecTest) refers to sx123xdrv.o(i.XCVRDrv_ConfigureDIOPins) for XCVRDrv_ConfigureDIOPins
    asptemp.o(i.ASP_TelecTest) refers to asptemp.o(i.Asp_EnableXCVRInterrupts) for Asp_EnableXCVRInterrupts
    asptemp.o(i.ASP_TelecTest) refers to sx123xdrv.o(i.XCVRDrv_ReadRegister) for XCVRDrv_ReadRegister
    asptemp.o(i.ASP_TelecTest) refers to asptemp.o(i.Asp_DisableXCVRInterrupts) for Asp_DisableXCVRInterrupts
    asptemp.o(i.ASP_TelecTest) refers to asptemp.o(.data) for u8Freq_DevMsb
    asptemp.o(i.Asp_DisablePABoost) refers to phyplmedata.o(i.PhyAbort) for PhyAbort
    asptemp.o(i.Asp_DisablePABoost) refers to phyextended.o(i.Phy_PABoostCfg) for Phy_PABoostCfg
    asptemp.o(i.Asp_DisableXCVRInterrupts) refers to sx123xdrv.o(i.XCVRDrv_IRQ_DIO0_Disable) for XCVRDrv_IRQ_DIO0_Disable
    asptemp.o(i.Asp_DisableXCVRInterrupts) refers to sx123xdrv.o(i.XCVRDrv_IRQ_DIO1_Disable) for XCVRDrv_IRQ_DIO1_Disable
    asptemp.o(i.Asp_DisableXCVRInterrupts) refers to sx123xdrv.o(i.XCVRDrv_IRQ_DIO4_Disable) for XCVRDrv_IRQ_DIO4_Disable
    asptemp.o(i.Asp_EnablePABoost) refers to phyplmedata.o(i.PhyAbort) for PhyAbort
    asptemp.o(i.Asp_EnablePABoost) refers to phyextended.o(i.Phy_PABoostCfg) for Phy_PABoostCfg
    asptemp.o(i.Asp_EnableXCVRInterrupts) refers to sx123xdrv.o(i.XCVRDrv_IRQ_DIO1_Enable) for XCVRDrv_IRQ_DIO1_Enable
    asptemp.o(i.Asp_EnableXCVRInterrupts) refers to sx123xdrv.o(i.XCVRDrv_IRQ_DIO0_Enable) for XCVRDrv_IRQ_DIO0_Enable
    asptemp.o(i.Asp_EnableXCVRInterrupts) refers to sx123xdrv.o(i.XCVRDrv_IRQ_DIO4_Enable) for XCVRDrv_IRQ_DIO4_Enable
    asptemp.o(i.Asp_GetPowerLevel) refers to sx123xdrv.o(i.XCVRDrv_ReadRegister) for XCVRDrv_ReadRegister
    asptemp.o(i.Asp_GetRSSILevel) refers to phyextended.o(i.Phy_GetRssi) for Phy_GetRssi
    asptemp.o(i.Asp_ListenRequest) refers to phyisr.o(i.PhyPpGetState) for PhyPpGetState
    asptemp.o(i.Asp_ListenRequest) refers to phyextended.o(i.Phy_SetListenResRx) for Phy_SetListenResRx
    asptemp.o(i.Asp_ListenRequest) refers to phyextended.o(i.Phy_SetListenCoefRx) for Phy_SetListenCoefRx
[...]
    __rt_entry_postli_1                      0x0000013f   Thumb Code     0  __rtentry2.o(.ARM.Collect$$rtentry$$0000000C)
    __rt_exit                                0x00000147   Thumb Code     0  rtexit.o(.ARM.Collect$$rtexit$$00000000)
    __rt_exit_ls                             0x00000149   Thumb Code     0  rtexit2.o(.ARM.Collect$$rtexit$$00000003)
    __rt_exit_prels_1                        0x00000149   Thumb Code     0  rtexit2.o(.ARM.Collect$$rtexit$$00000002)
    __rt_exit_exit                           0x0000014d   Thumb Code     0  rtexit2.o(.ARM.Collect$$rtexit$$00000004)
    __asm___6_port_c_39a90d8d__prvPortStartFirstTask 0x00000155   Thumb Code    36  port.o(.emb_text)
    ulSetInterruptMaskFromISR                0x0000017d   Thumb Code     8  port.o(.emb_text)
    vClearInterruptMaskFromISR               0x00000185   Thumb Code     6  port.o(.emb_text)
    PendSV_Handler                           0x0000018b   Thumb Code    62  port.o(.emb_text)
    __aeabi_memcpy4                          0x000001cd   Thumb Code    56  rt_memcpy.o(.emb_text)
    __aeabi_memcpy8                          0x000001cd   Thumb Code     0  rt_memcpy.o(.emb_text)
    init_data_bss                            0x00000205   Thumb Code     2  startup_mkw01z4.o(.text)
    Reset_Handler                            0x00000207   Thumb Code    12  startup_mkw01z4.o(.text)
    NMI_Handler                              0x00000213   Thumb Code     2  startup_mkw01z4.o(.text)
    HardFault_Handler                        0x00000215   Thumb Code     2  startup_mkw01z4.o(.text)
    ADC0_IRQHandler                          0x0000021d   Thumb Code     0  startup_mkw01z4.o(.text)
    CMP0_IRQHandler                          0x0000021d   Thumb Code     0  startup_mkw01z4.o(.text)
    DAC0_IRQHandler                          0x0000021d   Thumb Code     0  startup_mkw01z4.o(.text)
    DMA0_IRQHandler                          0x0000021d   Thumb Code     0  startup_mkw01z4.o(.text)
    DMA1_IRQHandler                          0x0000021d   Thumb Code     0  startup_mkw01z4.o(.text)
    DMA2_IRQHandler                          0x0000021d   Thumb Code     0  startup_mkw01z4.o(.text)
    DMA3_IRQHandler                          0x0000021d   Thumb Code     0  startup_mkw01z4.o(.text)
    DefaultISR                               0x0000021d   Thumb Code     0  startup_mkw01z4.o(.text)
    FTFA_IRQHandler                          0x0000021d   Thumb Code     0  startup_mkw01z4.o(.text)
    I2C0_IRQHandler                          0x0000021d   Thumb Code     0  startup_mkw01z4.o(.text)
    I2C1_IRQHandler                          0x0000021d   Thumb Code     0  startup_mkw01z4.o(.text)
    I2S0_IRQHandler                          0x0000021d   Thumb Code     0  startup_mkw01z4.o(.text)
    LLWU_IRQHandler                          0x0000021d   Thumb Code     0  startup_mkw01z4.o(.text)
    LPTMR0_IRQHandler                        0x0000021d   Thumb Code     0  startup_mkw01z4.o(.text)
    LVD_LVW_IRQHandler                       0x0000021d   Thumb Code     0  startup_mkw01z4.o(.text)
    MCG_IRQHandler                           0x0000021d   Thumb Code     0  startup_mkw01z4.o(.text)
    PIT_IRQHandler                           0x0000021d   Thumb Code     0  startup_mkw01z4.o(.text)
    PORTA_IRQHandler                         0x0000021d   Thumb Code     0  startup_mkw01z4.o(.text)
    RTC_IRQHandler                           0x0000021d   Thumb Code     0  startup_mkw01z4.o(.text)
    RTC_Seconds_IRQHandler                   0x0000021d   Thumb Code     0  startup_mkw01z4.o(.text)
    Reserved20_IRQHandler                    0x0000021d   Thumb Code     0  startup_mkw01z4.o(.text)
    Reserved40_IRQHandler                    0x0000021d   Thumb Code     0  startup_mkw01z4.o(.text)
    Reserved45_IRQHandler                    0x0000021d   Thumb Code     0  startup_mkw01z4.o(.text)
    SPI0_IRQHandler                          0x0000021d   Thumb Code     0  startup_mkw01z4.o(.text)
    SPI1_IRQHandler                          0x0000021d   Thumb Code     0  startup_mkw01z4.o(.text)
    TPM1_IRQHandler                          0x0000021d   Thumb Code     0  startup_mkw01z4.o(.text)
    TPM2_IRQHandler                          0x0000021d   Thumb Code     0  startup_mkw01z4.o(.text)
    TSI0_IRQHandler                          0x0000021d   Thumb Code     0  startup_mkw01z4.o(.text)
    UART0_IRQHandler                         0x0000021d   Thumb Code     0  startup_mkw01z4.o(.text)
    UART1_IRQHandler                         0x0000021d   Thumb Code     0  startup_mkw01z4.o(.text)
    UART2_IRQHandler                         0x0000021d   Thumb Code     0  startup_mkw01z4.o(.text)
    __user_initial_stackheap                 0x00000221   Thumb Code     0  startup_mkw01z4.o(.text)
    clock                                    0x00000245   Thumb Code    14  sys_clock.o(.text)
    _clock_init                              0x00000253   Thumb Code    12  sys_clock.o(.text)
    __aeabi_lmul                             0x00000265   Thumb Code    48  llmul.o(.text)
    _ll_mul                                  0x00000265   Thumb Code     0  llmul.o(.text)
    __aeabi_uldivmod                         0x00000295   Thumb Code   258  lludiv.o(.text)
    _ll_udiv                                 0x00000295   Thumb Code     0  lludiv.o(.text)
    __aeabi_memset                           0x00000397   Thumb Code    18  aeabi_memset.o(.text)
    __use_two_region_memory                  0x000003a9   Thumb Code     2  heapauxi.o(.text)
    __rt_heap_escrow$2region                 0x000003ab   Thumb Code     2  heapauxi.o(.text)
    __rt_heap_expand$2region                 0x000003ad   Thumb Code     2  heapauxi.o(.text)
    __I$use$semihosting                      0x000003af   Thumb Code     0  use_no_semi.o(.text)
    __use_no_semihosting_swi                 0x000003af   Thumb Code     2  use_no_semi.o(.text)
    __semihosting_library_function           0x000003b1   Thumb Code     0  indicate_semi.o(.text)
    abort                                    0x000003b1   Thumb Code    20  abort.o(.text)
    __assert_puts                            0x000003c5   Thumb Code    20  assert_puts.o(.text)
    _ttywrch                                 0x000003d9   Thumb Code    12  sys_wrch.o(.text)
    _sys_exit                                0x000003e5   Thumb Code     8  sys_exit.o(.text)
    __rt_SIGABRT                             0x000003f1   Thumb Code    12  defsig_abrt_outer.o(.text)
    Asp_GetANTXState                         0x000003fd   Thumb Code     4  asptemp.o(i.Asp_GetANTXState)
    __aeabi_assert                           0x00000411   Thumb Code    82  assert.o(.text)
    __assert                                 0x00000411   Thumb Code     0  assert.o(.text)
    __aeabi_memcpy                           0x0000048d   Thumb Code   130  rt_memcpy.o(.text)
    __rt_memcpy                              0x0000048d   Thumb Code     0  rt_memcpy.o(.text)
    __aeabi_uidiv                            0x0000050f   Thumb Code     0  aeabi_sdiv.o(.text)
    __aeabi_uidivmod                         0x0000050f   Thumb Code    20  aeabi_sdiv.o(.text)
    __aeabi_idiv                             0x00000523   Thumb Code     0  aeabi_sdiv.o(.text)
    __aeabi_idivmod                          0x00000523   Thumb Code   326  aeabi_sdiv.o(.text)
    _memset_w                                0x00000669   Thumb Code    26  rt_memclr.o(.text)
    _memset                                  0x00000683   Thumb Code    30  rt_memclr.o(.text)
    __aeabi_memclr                           0x000006a1   Thumb Code     4  rt_memclr.o(.text)
    __rt_memclr                              0x000006a1   Thumb Code     0  rt_memclr.o(.text)
    __aeabi_memclr4                          0x000006a5   Thumb Code     0  rt_memclr.o(.text)
    __aeabi_memclr8                          0x000006a5   Thumb Code     0  rt_memclr.o(.text)
    __rt_memclr_w                            0x000006a5   Thumb Code     4  rt_memclr.o(.text)
    __user_setup_stackheap                   0x000006a9   Thumb Code    62  sys_stackheap_outer.o(.text)
    exit                                     0x000006e7   Thumb Code    16  exit.o(.text)
    __sig_exit                               0x000006f7   Thumb Code    12  defsig_exit.o(.text)
    __rt_SIGABRT_inner                       0x00000705   Thumb Code    14  defsig_abrt_inner.o(.text)
    __user_libspace                          0x00000735   Thumb Code     8  libspace.o(.text)
    __user_perproc_libspace                  0x00000735   Thumb Code     0  libspace.o(.text)
    __default_signal_display                 0x0000073d   Thumb Code    52  defsig_general.o(.text)
    __decompress                             0x00000771   Thumb Code     0  __dczerorl.o(.text)
    __decompress0                            0x00000771   Thumb Code    58  __dczerorl.o(.text)
    APP_ASP_SapHandler                       0x000007ab   Thumb Code   194  asptemp.o(i.APP_ASP_SapHandler)
    ASP_TelecSendRawData                     0x0000086d   Thumb Code   152  asptemp.o(i.ASP_TelecSendRawData)
    ASP_TelecSetFreq                         0x00000905   Thumb Code    26  asptemp.o(i.ASP_TelecSetFreq)
    ASP_TelecTest                            0x00000921   Thumb Code   276  asptemp.o(i.ASP_TelecTest)
    Asp_DisableXCVRInterrupts                0x00000a41   Thumb Code    16  asptemp.o(i.Asp_DisableXCVRInterrupts)
    Asp_EnableXCVRInterrupts                 0x00000a51   Thumb Code    22  asptemp.o(i.Asp_EnableXCVRInterrupts)
    Asp_GetPowerLevel                        0x00000a67   Thumb Code    14  asptemp.o(i.Asp_GetPowerLevel)
    Asp_GetRSSILevel                         0x00000a75   Thumb Code     8  asptemp.o(i.Asp_GetRSSILevel)
    Asp_SetANTXState                         0x00000a7d   Thumb Code     6  asptemp.o(i.Asp_SetANTXState)
    Asp_SetFADState                          0x00000a83   Thumb Code     6  asptemp.o(i.Asp_SetFADState)
    Asp_SetFADThreshold                      0x00000a89   Thumb Code     6  asptemp.o(i.Asp_SetFADThreshold)
    Asp_SetLQIMode                           0x00000a8f   Thumb Code     6  asptemp.o(i.Asp_SetLQIMode)
    Asp_SetPowerLevel                        0x00000a95   Thumb Code    32  asptemp.o(i.Asp_SetPowerLevel)
    Asp_XcvrReadReq                          0x00000ab5   Thumb Code    36  asptemp.o(i.Asp_XcvrReadReq)
    Asp_XcvrWriteReq                         0x00000ad9   Thumb Code    36  asptemp.o(i.Asp_XcvrWriteReq)
    CCAPinHandler_Interrupt                  0x00000afd   Thumb Code   318  phyisr.o(i.CCAPinHandler_Interrupt)
    CLOCK_HAL_GetFllClk                      0x00000c65   Thumb Code    68  fsl_mcg_hal.o(i.CLOCK_HAL_GetFllClk)
    CLOCK_HAL_GetFllRefClk                   0x00000cad   Thumb Code    72  fsl_mcg_hal.o(i.CLOCK_HAL_GetFllRefClk)
    CLOCK_HAL_GetInternalRefClk              0x00000d01   Thumb Code    58  fsl_mcg_hal.o(i.CLOCK_HAL_GetInternalRefClk)
    CLOCK_HAL_GetOutClk                      0x00000d55   Thumb Code    78  fsl_mcg_hal.o(i.CLOCK_HAL_GetOutClk)
    CLOCK_HAL_GetPll0Clk                     0x00000dd5   Thumb Code    90  fsl_mcg_hal.o(i.CLOCK_HAL_GetPll0Clk)
    CLOCK_HAL_GetPll0RefFreq                 0x00000e2f   Thumb Code    12  fsl_mcg_hal.o(i.CLOCK_HAL_GetPll0RefFreq)
    CLOCK_HAL_TestFllExternalRefFreq         0x00000e53   Thumb Code    84  fsl_mcg_hal.o(i.CLOCK_HAL_TestFllExternalRefFreq)
    CLOCK_HAL_TestFllFreq                    0x00000ea9   Thumb Code    50  fsl_mcg_hal.o(i.CLOCK_HAL_TestFllFreq)
    CLOCK_SYS_EnableSpiClock                 0x00000ee9   Thumb Code    34  fsl_clock_mkw01z4.o(i.CLOCK_SYS_EnableSpiClock)
    CLOCK_SYS_EnableTpmClock                 0x00000f51   Thumb Code    32  fsl_clock_mkw01z4.o(i.CLOCK_SYS_EnableTpmClock)
    CLOCK_SYS_GetBusClockFreq                0x00000fb9   Thumb Code    24  fsl_clock_mkw01z4.o(i.CLOCK_SYS_GetBusClockFreq)
    CLOCK_SYS_GetSpiFreq                     0x00000fd5   Thumb Code    34  fsl_clock_mkw01z4.o(i.CLOCK_SYS_GetSpiFreq)
    CLOCK_SYS_GetSystemClockFreq             0x00000ff9   Thumb Code    26  fsl_clock_mkw01z4.o(i.CLOCK_SYS_GetSystemClockFreq)
    FLib_MemCmp                              0x0000101d   Thumb Code    32  functionlib.o(i.FLib_MemCmp)
    FLib_MemCpy                              0x0000103d   Thumb Code    18  functionlib.o(i.FLib_MemCpy)
    GPIO_DRV_ClearPinIntFlag                 0x00001051   Thumb Code    26  fsl_gpio_driver.o(i.GPIO_DRV_ClearPinIntFlag)
    GPIO_DRV_ClearPinOutput                  0x00001071   Thumb Code    26  fsl_gpio_driver.o(i.GPIO_DRV_ClearPinOutput)
    GPIO_DRV_ReadPinInput                    0x00001091   Thumb Code    26  fsl_gpio_driver.o(i.GPIO_DRV_ReadPinInput)
    GPIO_DRV_SetPinOutput                    0x000010b1   Thumb Code    26  fsl_gpio_driver.o(i.GPIO_DRV_SetPinOutput)
    GPIO_HAL_SetPinDir                       0x0000118d   Thumb Code    64  fsl_gpio_hal.o(i.GPIO_HAL_SetPinDir)
    ListInit                                 0x00001265   Thumb Code    12  genericlist.o(i.ListInit)
    ListRemoveHead                           0x00001271   Thumb Code    66  genericlist.o(i.ListRemoveHead)
    ListRemoveHeadMsg                        0x000012b3   Thumb Code    26  messaging.o(i.ListRemoveHeadMsg)
    MEM_BufferAlloc                          0x000012cd   Thumb Code    86  memmanager.o(i.MEM_BufferAlloc)
    PHY_EventSet                             0x00001345   Thumb Code    16  phystatemachine.o(i.PHY_EventSet)
    PORTC_PORTD_IRQHandler                   0x00001371   Thumb Code    38  phyisr.o(i.PORTC_PORTD_IRQHandler)
    PhyAbort                                 0x0000153d   Thumb Code    52  phyplmedata.o(i.PhyAbort)
    PhyHwInit                                0x00001581   Thumb Code    20  phypacketprocessor.o(i.PhyHwInit)
    PhyIsIdleRx                              0x00001595   Thumb Code    30  phystatemachine.o(i.PhyIsIdleRx)
    PhyIsrPassRxParams                       0x000015b9   Thumb Code     6  phyisr.o(i.PhyIsrPassRxParams)
    PhyPassTxParams                          0x000015c5   Thumb Code   112  phyisr.o(i.PhyPassTxParams)
    PhyPdDataRequest                         0x00001641   Thumb Code   226  phyplmedata.o(i.PhyPdDataRequest)
    PhyPib_EnableAFC                         0x0000172d   Thumb Code    70  phypib.o(i.PhyPib_EnableAFC)
    PhyPib_InitOnStartUp                     0x00001779   Thumb Code    94  phypib.o(i.PhyPib_InitOnStartUp)
    PhyPib_RFUpdateModulationParameters      0x000017e5   Thumb Code    94  phypib.o(i.PhyPib_RFUpdateModulationParameters)
    PhyPib_RFUpdatePowerStep                 0x00001849   Thumb Code    12  phypib.o(i.PhyPib_RFUpdatePowerStep)
    PhyPib_RFUpdatePreambleLength            0x00001859   Thumb Code    12  phypib.o(i.PhyPib_RFUpdatePreambleLength)
    PhyPib_RFUpdateRFfrequency               0x00001869   Thumb Code    60  phypib.o(i.PhyPib_RFUpdateRFfrequency)
    PhyPib_SetCurrentChannel                 0x000018b9   Thumb Code    42  phypib.o(i.PhyPib_SetCurrentChannel)
    PhyPib_SetTransmitPower                  0x000018e9   Thumb Code    36  phypib.o(i.PhyPib_SetTransmitPower)
    PhyPlmeCcaEdRequest                      0x00001911   Thumb Code   258  phyplmedata.o(i.PhyPlmeCcaEdRequest)
    PhyPlmeRxRequest                         0x00001a1d   Thumb Code    96  phyplmedata.o(i.PhyPlmeRxRequest)
    PhyPpGetState                            0x00001a8d   Thumb Code    18  phyisr.o(i.PhyPpGetState)
    PhyPrepareTx                             0x00001aa5   Thumb Code    60  phyplmedata.o(i.PhyPrepareTx)
    PhyRxHandleDummyEvent                    0x00001ae9   Thumb Code     2  phyisr.o(i.PhyRxHandleDummyEvent)
    PhyRxHandleFifoLevelEvent                0x00001aed   Thumb Code   302  phyisr.o(i.PhyRxHandleFifoLevelEvent)
    PhyRxHandlePHREvent                      0x00001c35   Thumb Code   142  phyisr.o(i.PhyRxHandlePHREvent)
    PhyRxHandlePayloadReadyEvent             0x00001cd1   Thumb Code   554  phyisr.o(i.PhyRxHandlePayloadReadyEvent)
    PhyRxHandleSyncAddresEvent               0x00001f3d   Thumb Code    58  phyisr.o(i.PhyRxHandleSyncAddresEvent)
    PhySetState                              0x00001f89   Thumb Code    18  phyisr.o(i.PhySetState)
    PhyTimeDisableEventTimeout               0x00001fa1   Thumb Code    14  phytime.o(i.PhyTimeDisableEventTimeout)
    PhyTimeDisableEventTrigger               0x00001fb5   Thumb Code    14  phytime.o(i.PhyTimeDisableEventTrigger)
    PhyTimeDisableRxTimeout                  0x00001fc9   Thumb Code    14  phytime.o(i.PhyTimeDisableRxTimeout)
    PhyTimeDisableWaitTimeout                0x00001fdd   Thumb Code    14  phytime.o(i.PhyTimeDisableWaitTimeout)
    PhyTimeEventRxTimeout_Handler            0x00001ff1   Thumb Code    34  phytime.o(i.PhyTimeEventRxTimeout_Handler)
    PhyTimeEventTimeout_Handler              0x00002019   Thumb Code    34  phytime.o(i.PhyTimeEventTimeout_Handler)
    PhyTimeEventTrigger_Handler              0x00002041   Thumb Code    34  phytime.o(i.PhyTimeEventTrigger_Handler)
    PhyTimeEventWaitTimeout_Handler          0x00002069   Thumb Code    34  phytime.o(i.PhyTimeEventWaitTimeout_Handler)
    PhyTimeGetEventTimeout                   0x00002091   Thumb Code     8  phytime.o(i.PhyTimeGetEventTimeout)
    PhyTimeHandleEventRxTimeout              0x0000209d   Thumb Code    34  phyisr.o(i.PhyTimeHandleEventRxTimeout)
    PhyTimeHandleEventTimeout                0x000020c9   Thumb Code    78  phyisr.o(i.PhyTimeHandleEventTimeout)
    PhyTimeHandleEventTrigger                0x00002131   Thumb Code    56  phyisr.o(i.PhyTimeHandleEventTrigger)
    PhyTimeHandleEventWaitTimeout            0x0000216d   Thumb Code    18  phyisr.o(i.PhyTimeHandleEventWaitTimeout)
    PhyTimeReadClock                         0x00002185   Thumb Code    26  phytime.o(i.PhyTimeReadClock)
    PhyTimeReadClockTicks                    0x000021a1   Thumb Code   112  phytime.o(i.PhyTimeReadClockTicks)
    PhyTimeSetEventTimeout                   0x00002219   Thumb Code   120  phytime.o(i.PhyTimeSetEventTimeout)
    PhyTimeSetEventTrigger                   0x00002299   Thumb Code   106  phytime.o(i.PhyTimeSetEventTrigger)
    PhyTimeSetRxTimeout                      0x0000230d   Thumb Code   120  phytime.o(i.PhyTimeSetRxTimeout)
    PhyTimerInit                             0x0000238d   Thumb Code   142  phytime.o(i.PhyTimerInit)
    PhyTxHandleDummyEvent                    0x00002429   Thumb Code     2  phyisr.o(i.PhyTxHandleDummyEvent)
    PhyTxHandleFifoLevelEvent                0x0000242d   Thumb Code    30  phyisr.o(i.PhyTxHandleFifoLevelEvent)
    PhyTxPacketSentEvent                     0x00002459   Thumb Code   360  phyisr.o(i.PhyTxPacketSentEvent)
    Phy_ClearFifo                            0x000025dd   Thumb Code    26  phyextended.o(i.Phy_ClearFifo)
    Phy_CrcAddByte                           0x000025f9   Thumb Code    60  phyisr.o(i.Phy_CrcAddByte)
    Phy_EnableAfcAuto                        0x0000263d   Thumb Code    36  phyextended.o(i.Phy_EnableAfcAuto)
    Phy_EnableAfcLowBeta                     0x00002661   Thumb Code    38  phyextended.o(i.Phy_EnableAfcLowBeta)
    Phy_GetEnergyLevel                       0x000026ed   Thumb Code    46  phyisr.o(i.Phy_GetEnergyLevel)
    Phy_GetRssi                              0x00002721   Thumb Code    16  phyextended.o(i.Phy_GetRssi)
    Phy_IndirectQueueChecksum                0x00002809   Thumb Code    42  phypacketprocessor.o(i.Phy_IndirectQueueChecksum)
    Phy_Init                                 0x00002835   Thumb Code    82  phystatemachine.o(i.Phy_Init)
    Phy_IsrRxFilterDest                      0x0000289d   Thumb Code   274  phyisr.o(i.Phy_IsrRxFilterDest)
    Phy_LqiConvert                           0x000029c9   Thumb Code    36  phyisr.o(i.Phy_LqiConvert)
    Phy_RxFrameFilter                        0x000029f5   Thumb Code   456  phyisr.o(i.Phy_RxFrameFilter)
    Phy_RxHandleFilterFail                   0x00002be5   Thumb Code    24  phyisr.o(i.Phy_RxHandleFilterFail)
    Phy_RxRestart                            0x00002c01   Thumb Code    48  phyisr.o(i.Phy_RxRestart)
    Phy_SetBitrate                           0x00002c35   Thumb Code    22  phyextended.o(i.Phy_SetBitrate)
    Phy_SetCarrierFreq                       0x00002c4b   Thumb Code    34  phyextended.o(i.Phy_SetCarrierFreq)
    Phy_SetDataMode                          0x00002c6d   Thumb Code    50  phyextended.o(i.Phy_SetDataMode)
    Phy_SetDccFreq                           0x00002c9f   Thumb Code    70  phyextended.o(i.Phy_SetDccFreq)
    Phy_SetDccFreqAfc                        0x00002ce5   Thumb Code    70  phyextended.o(i.Phy_SetDccFreqAfc)
    Phy_SetFifoThreshold                     0x00002d2b   Thumb Code    32  phyextended.o(i.Phy_SetFifoThreshold)
    Phy_SetFreqDeviation                     0x00002d4b   Thumb Code    22  phyextended.o(i.Phy_SetFreqDeviation)
    Phy_SetLowBetaAfcOffset                  0x00002d61   Thumb Code    14  phyextended.o(i.Phy_SetLowBetaAfcOffset)
    Phy_SetModulationShaping                 0x00002d6f   Thumb Code    70  phyextended.o(i.Phy_SetModulationShaping)
    Phy_SetModulationType                    0x00002db5   Thumb Code    46  phyextended.o(i.Phy_SetModulationType)
    Phy_SetOperationMode                     0x00002de3   Thumb Code    78  phyextended.o(i.Phy_SetOperationMode)
    Phy_SetOperationModeFast                 0x00002e31   Thumb Code    14  phyextended.o(i.Phy_SetOperationModeFast)
    Phy_SetPowerStep                         0x00002e3f   Thumb Code    32  phyextended.o(i.Phy_SetPowerStep)
    Phy_SetPreambleSize                      0x00002e5f   Thumb Code    22  phyextended.o(i.Phy_SetPreambleSize)
    Phy_SetRssiThreshold                     0x00002e75   Thumb Code    14  phyextended.o(i.Phy_SetRssiThreshold)
    Phy_SetRxFilterBw                        0x00002e83   Thumb Code   136  phyextended.o(i.Phy_SetRxFilterBw)
    Phy_SetRxFilterBwAfc                     0x00002f0b   Thumb Code   136  phyextended.o(i.Phy_SetRxFilterBwAfc)
    Phy_SetSequenceTiming                    0x00002fd5   Thumb Code   356  phystatemachine.o(i.Phy_SetSequenceTiming)
    Phy_TimeDivider                          0x000033c5   Thumb Code    64  phytime.o(i.Phy_TimeDivider)
    Phy_TimeMultiplicator                    0x00003409   Thumb Code    80  phytime.o(i.Phy_TimeMultiplicator)
    Phy_XCVRRxWarmupTime                     0x0000345d   Thumb Code    30  phyisr.o(i.Phy_XCVRRxWarmupTime)
    Phy_XCVRTxWarmupTime                     0x00003481   Thumb Code    26  phyisr.o(i.Phy_XCVRTxWarmupTime)
    Radio_Phy_DummyEvent                     0x000034a1   Thumb Code    14  phystatemachine.o(i.Radio_Phy_DummyEvent)
    Radio_Phy_PdDataConfirm                  0x000034b1   Thumb Code    78  phystatemachine.o(i.Radio_Phy_PdDataConfirm)
    Radio_Phy_PdDataIndication               0x00003505   Thumb Code    16  phystatemachine.o(i.Radio_Phy_PdDataIndication)
    Radio_Phy_PlmeCcaConfirm                 0x00003515   Thumb Code    22  phystatemachine.o(i.Radio_Phy_PlmeCcaConfirm)
    Radio_Phy_PlmeEdConfirm                  0x00003531   Thumb Code    22  phystatemachine.o(i.Radio_Phy_PlmeEdConfirm)
    Radio_Phy_TimeRxTimeoutIndication        0x0000354d   Thumb Code    16  phystatemachine.o(i.Radio_Phy_TimeRxTimeoutIndication)
    SPI_HAL_Init                             0x00003597   Thumb Code    16  fsl_spi_hal.o(i.SPI_HAL_Init)
    SPI_HAL_SetBaud                          0x000035b9   Thumb Code   150  fsl_spi_hal.o(i.SPI_HAL_SetBaud)
    SPI_HAL_WriteDataBlocking                0x00003661   Thumb Code    44  fsl_spi_hal.o(i.SPI_HAL_WriteDataBlocking)
    SVC_Handler                              0x0000368d   Thumb Code     2  port.o(i.SVC_Handler)
    Send_Command                             0x00003691   Thumb Code    62  thread.o(i.Send_Command)
    SysTick_Handler                          0x000036dd   Thumb Code    12  freertos_tick_config.o(i.SysTick_Handler)
    SystemCoreClockUpdate                    0x000036ed   Thumb Code   320  system_mkw01z4.o(i.SystemCoreClockUpdate)
    SystemInit                               0x00003849   Thumb Code    94  system_mkw01z4.o(i.SystemInit)
    TPM0_IRQHandler                          0x000038b5   Thumb Code   224  phytime.o(i.TPM0_IRQHandler)
    TPM_DRV_Init                             0x0000399d   Thumb Code   192  fsl_tpm_driver.o(i.TPM_DRV_Init)
    TPM_HAL_Reset                            0x00003d85   Thumb Code    48  fsl_tpm_hal.o(i.TPM_HAL_Reset)
    TPM_HAL_SetClockMode                     0x00003ec5   Thumb Code    44  fsl_tpm_hal.o(i.TPM_HAL_SetClockMode)
    XCVRDrv_ConfigureCLKO                    0x00003ef1   Thumb Code    30  sx123xdrv.o(i.XCVRDrv_ConfigureCLKO)
    XCVRDrv_ConfigureDIOPins                 0x00003f0f   Thumb Code    44  sx123xdrv.o(i.XCVRDrv_ConfigureDIOPins)
    XCVRDrv_FillFifo                         0x00003f3d   Thumb Code   198  phyisr.o(i.XCVRDrv_FillFifo)
    XCVRDrv_IRQ_DIO0_Clear                   0x00004015   Thumb Code    10  sx123xdrv.o(i.XCVRDrv_IRQ_DIO0_Clear)
    XCVRDrv_IRQ_DIO0_Detected                0x00004025   Thumb Code    14  sx123xdrv.o(i.XCVRDrv_IRQ_DIO0_Detected)
    XCVRDrv_IRQ_DIO0_Disable                 0x00004039   Thumb Code    16  sx123xdrv.o(i.XCVRDrv_IRQ_DIO0_Disable)
    XCVRDrv_IRQ_DIO0_Enable                  0x0000404d   Thumb Code    18  sx123xdrv.o(i.XCVRDrv_IRQ_DIO0_Enable)
    XCVRDrv_IRQ_DIO1_Clear                   0x00004065   Thumb Code    12  sx123xdrv.o(i.XCVRDrv_IRQ_DIO1_Clear)
    XCVRDrv_IRQ_DIO1_Detected                0x00004071   Thumb Code    14  sx123xdrv.o(i.XCVRDrv_IRQ_DIO1_Detected)
    XCVRDrv_IRQ_DIO1_Disable                 0x00004085   Thumb Code    16  sx123xdrv.o(i.XCVRDrv_IRQ_DIO1_Disable)
    XCVRDrv_IRQ_DIO1_Enable                  0x00004099   Thumb Code    18  sx123xdrv.o(i.XCVRDrv_IRQ_DIO1_Enable)
    XCVRDrv_IRQ_DIO4_Clear                   0x000040b1   Thumb Code    10  sx123xdrv.o(i.XCVRDrv_IRQ_DIO4_Clear)
    XCVRDrv_IRQ_DIO4_Detected                0x000040bd   Thumb Code    14  sx123xdrv.o(i.XCVRDrv_IRQ_DIO4_Detected)
    XCVRDrv_IRQ_DIO4_Disable                 0x000040d1   Thumb Code    16  sx123xdrv.o(i.XCVRDrv_IRQ_DIO4_Disable)
    XCVRDrv_IRQ_DIO4_Enable                  0x000040e5   Thumb Code    18  sx123xdrv.o(i.XCVRDrv_IRQ_DIO4_Enable)
    XCVRDrv_RFdefaultInit                    0x000040fd   Thumb Code    28  sx123xdrv.o(i.XCVRDrv_RFdefaultInit)
    XCVRDrv_ReadBytesFromFifoLSB             0x0000411d   Thumb Code    80  sx123xdrv.o(i.XCVRDrv_ReadBytesFromFifoLSB)
    XCVRDrv_ReadFifo                         0x0000416d   Thumb Code    10  sx123xdrv.o(i.XCVRDrv_ReadFifo)
    XCVRDrv_ReadRegister                     0x00004177   Thumb Code    60  sx123xdrv.o(i.XCVRDrv_ReadRegister)
    XCVRDrv_Reset                            0x000041b5   Thumb Code    74  sx123xdrv.o(i.XCVRDrv_Reset)
    XCVRDrv_WriteBytesToFifoLSB              0x00004209   Thumb Code    80  sx123xdrv.o(i.XCVRDrv_WriteBytesToFifoLSB)
    XCVRDrv_WriteFifo                        0x00004259   Thumb Code    14  sx123xdrv.o(i.XCVRDrv_WriteFifo)
    XCVRDrv_WriteFifoLSB                     0x00004267   Thumb Code    60  sx123xdrv.o(i.XCVRDrv_WriteFifoLSB)
    XCVRDrv_WriteRegister                    0x000042a3   Thumb Code    54  sx123xdrv.o(i.XCVRDrv_WriteRegister)
    XCVRHandlerInterrupt                     0x000042d9   Thumb Code    44  phyisr.o(i.XCVRHandlerInterrupt)
    XCVR_Init                                0x00004311   Thumb Code    32  sx123xdrv.o(i.XCVR_Init)
    __ARM_common_switch8                     0x00004331   Thumb Code    28  asptemp.o(i.__ARM_common_switch8)
    _mutex_acquire                           0x000043e9   Thumb Code    24  clib_arm.o(i._mutex_acquire)
    _mutex_free                              0x00004401   Thumb Code    12  clib_arm.o(i._mutex_free)
    _mutex_initialize                        0x0000440d   Thumb Code    24  clib_arm.o(i._mutex_initialize)
    _mutex_release                           0x00004425   Thumb Code    20  clib_arm.o(i._mutex_release)
    _platform_post_stackheap_init            0x00004439   Thumb Code     8  clib_arm.o(i._platform_post_stackheap_init)
    configure_spi_pins                       0x00004441   Thumb Code    66  pin_mux.o(i.configure_spi_pins)
    configure_xcvr_pins                      0x00004491   Thumb Code   110  pin_mux.o(i.configure_xcvr_pins)
    main                                     0x00004511   Thumb Code    30  app.o(i.main)
    main_thread                              0x00004531   Thumb Code    50  thread.o(i.main_thread)
    osDelay                                  0x00004575   Thumb Code    50  cmsis_os2.o(i.osDelay)
    osEventFlagsNew                          0x000045ad   Thumb Code   100  cmsis_os2.o(i.osEventFlagsNew)
    osEventFlagsSet                          0x00004615   Thumb Code    86  cmsis_os2.o(i.osEventFlagsSet)
    osEventFlagsWait                         0x00004671   Thumb Code   166  cmsis_os2.o(i.osEventFlagsWait)
    osKernelGetState                         0x0000471d   Thumb Code    80  cmsis_os2.o(i.osKernelGetState)
    osKernelInitialize                       0x00004771   Thumb Code    64  cmsis_os2.o(i.osKernelInitialize)
    osKernelStart                            0x000047b9   Thumb Code    62  cmsis_os2.o(i.osKernelStart)
    osMessageQueueGet                        0x000047fd   Thumb Code   120  cmsis_os2.o(i.osMessageQueueGet)
    osMessageQueueNew                        0x00004879   Thumb Code   158  cmsis_os2.o(i.osMessageQueueNew)
    osMessageQueuePut                        0x0000491d   Thumb Code   122  cmsis_os2.o(i.osMessageQueuePut)
    osMutexAcquire                           0x0000499d   Thumb Code   134  cmsis_os2.o(i.osMutexAcquire)
    osMutexDelete                            0x00004a29   Thumb Code    58  cmsis_os2.o(i.osMutexDelete)
    osMutexNew                               0x00004a69   Thumb Code   186  cmsis_os2.o(i.osMutexNew)
    osMutexRelease                           0x00004b29   Thumb Code    96  cmsis_os2.o(i.osMutexRelease)
    osThreadFlagsSet                         0x00004b8d   Thumb Code   100  cmsis_os2.o(i.osThreadFlagsSet)
    osThreadFlagsWait                        0x00004bf5   Thumb Code   174  cmsis_os2.o(i.osThreadFlagsWait)
    osThreadNew                              0x00004ca9   Thumb Code   226  cmsis_os2.o(i.osThreadNew)
    osThreadYield                            0x00004d91   Thumb Code    42  cmsis_os2.o(i.osThreadYield)
    panic                                    0x00004de9   Thumb Code     2  panic.o(i.panic)
    pvPortMalloc                             0x0000569d   Thumb Code   178  heap_5.o(i.pvPortMalloc)
    pvTaskIncrementMutexHeldCount            0x00005765   Thumb Code    28  tasks.o(i.pvTaskIncrementMutexHeldCount)
    pxPortInitialiseStack                    0x00005785   Thumb Code    26  port.o(i.pxPortInitialiseStack)
    signal_func                              0x000057a5   Thumb Code    64  thread.o(i.signal_func)
    spi_master_configure_serialization_lsb   0x000057e9   Thumb Code    24  spi.o(i.spi_master_configure_serialization_lsb)
    spi_master_configure_serialization_msb   0x00005805   Thumb Code    22  spi.o(i.spi_master_configure_serialization_msb)
    spi_master_init                          0x00005821   Thumb Code    92  spi.o(i.spi_master_init)
    spi_master_transfer                      0x00005891   Thumb Code   104  spi.o(i.spi_master_transfer)
    uxListRemove                             0x000058fd   Thumb Code    40  list.o(i.uxListRemove)
    uxTaskResetEventItemValue                0x00005925   Thumb Code    24  tasks.o(i.uxTaskResetEventItemValue)
    vApplicationGetIdleTaskMemory            0x00005941   Thumb Code    14  cmsis_os2.o(i.vApplicationGetIdleTaskMemory)
    vApplicationGetTimerTaskMemory           0x00005959   Thumb Code    14  cmsis_os2.o(i.vApplicationGetTimerTaskMemory)
    vApplicationStackOverflowHook            0x00005971   Thumb Code     2  cmsis_os2.o(i.vApplicationStackOverflowHook)
    vEventGroupSetBitsCallback               0x00005973   Thumb Code    16  event_groups.o(i.vEventGroupSetBitsCallback)
    vListInitialise                          0x00005983   Thumb Code    26  list.o(i.vListInitialise)
    vListInitialiseItem                      0x0000599d   Thumb Code     6  list.o(i.vListInitialiseItem)
    vListInsert                              0x000059a3   Thumb Code    54  list.o(i.vListInsert)
    vListInsertEnd                           0x000059d9   Thumb Code    24  list.o(i.vListInsertEnd)
    vPortDefineHeapRegions                   0x000059f1   Thumb Code   160  heap_5.o(i.vPortDefineHeapRegions)
    vPortEnterCritical                       0x00005aa5   Thumb Code    22  port.o(i.vPortEnterCritical)
    vPortExitCritical                        0x00005ac1   Thumb Code    22  port.o(i.vPortExitCritical)
    vPortFree                                0x00005add   Thumb Code    70  heap_5.o(i.vPortFree)
    vPortYield                               0x00005b2d   Thumb Code    18  port.o(i.vPortYield)
    vQueueDelete                             0x00005b45   Thumb Code    22  queue.o(i.vQueueDelete)
    vQueueWaitForMessageRestricted           0x00005b5b   Thumb Code    76  queue.o(i.vQueueWaitForMessageRestricted)
    vTaskDelay                               0x00005ba7   Thumb Code    38  tasks.o(i.vTaskDelay)
    vTaskMissedYield                         0x00005bcd   Thumb Code     8  tasks.o(i.vTaskMissedYield)
    vTaskPlaceOnEventList                    0x00005bd9   Thumb Code    28  tasks.o(i.vTaskPlaceOnEventList)
    vTaskPlaceOnEventListRestricted          0x00005bf9   Thumb Code    38  tasks.o(i.vTaskPlaceOnEventListRestricted)
    vTaskPlaceOnUnorderedEventList           0x00005c25   Thumb Code    42  tasks.o(i.vTaskPlaceOnUnorderedEventList)
    vTaskPriorityInherit                     0x00005c55   Thumb Code   128  tasks.o(i.vTaskPriorityInherit)
    vTaskSetTimeOutState                     0x00005ce1   Thumb Code    14  tasks.o(i.vTaskSetTimeOutState)
    vTaskStartScheduler                      0x00005cf9   Thumb Code   106  tasks.o(i.vTaskStartScheduler)
    vTaskSuspendAll                          0x00005d81   Thumb Code    12  tasks.o(i.vTaskSuspendAll)
    vTaskSwitchContext                       0x00005d91   Thumb Code   146  tasks.o(i.vTaskSwitchContext)
    xEventGroupCreate                        0x00005e3d   Thumb Code    32  event_groups.o(i.xEventGroupCreate)
    xEventGroupCreateStatic                  0x00005e5d   Thumb Code    28  event_groups.o(i.xEventGroupCreateStatic)
    xEventGroupSetBits                       0x00005e79   Thumb Code   166  event_groups.o(i.xEventGroupSetBits)
    xEventGroupSetBitsFromISR                0x00005f21   Thumb Code    26  event_groups.o(i.xEventGroupSetBitsFromISR)
    xEventGroupWaitBits                      0x00005f41   Thumb Code   202  event_groups.o(i.xEventGroupWaitBits)
    xPortStartScheduler                      0x0000600d   Thumb Code    48  port.o(i.xPortStartScheduler)
    xPortSysTickHandler                      0x00006045   Thumb Code    32  port.o(i.xPortSysTickHandler)
    xQueueCreateMutex                        0x00006069   Thumb Code    30  queue.o(i.xQueueCreateMutex)
    xQueueCreateMutexStatic                  0x00006087   Thumb Code    38  queue.o(i.xQueueCreateMutexStatic)
    xQueueGenericCreate                      0x000060ad   Thumb Code    66  queue.o(i.xQueueGenericCreate)
    xQueueGenericCreateStatic                0x000060ef   Thumb Code    42  queue.o(i.xQueueGenericCreateStatic)
    xQueueGenericReceive                     0x00006119   Thumb Code   328  queue.o(i.xQueueGenericReceive)
    xQueueGenericReset                       0x00006261   Thumb Code   120  queue.o(i.xQueueGenericReset)
    xQueueGenericSend                        0x000062d9   Thumb Code   252  queue.o(i.xQueueGenericSend)
    xQueueGenericSendFromISR                 0x000063d5   Thumb Code   124  queue.o(i.xQueueGenericSendFromISR)
    xQueueGiveMutexRecursive                 0x00006451   Thumb Code    50  queue.o(i.xQueueGiveMutexRecursive)
    xQueueReceiveFromISR                     0x00006483   Thumb Code   120  queue.o(i.xQueueReceiveFromISR)
    xQueueTakeMutexRecursive                 0x000064fb   Thumb Code    56  queue.o(i.xQueueTakeMutexRecursive)
    xTaskCheckForTimeOut                     0x00006535   Thumb Code    86  tasks.o(i.xTaskCheckForTimeOut)
    xTaskCreate                              0x00006595   Thumb Code    98  tasks.o(i.xTaskCreate)
    xTaskCreateStatic                        0x000065f7   Thumb Code    68  tasks.o(i.xTaskCreateStatic)
    xTaskGenericNotify                       0x0000663d   Thumb Code   164  tasks.o(i.xTaskGenericNotify)
    xTaskGenericNotifyFromISR                0x000066ed   Thumb Code   204  tasks.o(i.xTaskGenericNotifyFromISR)
    xTaskGetCurrentTaskHandle                0x000067d1   Thumb Code     6  tasks.o(i.xTaskGetCurrentTaskHandle)
    xTaskGetSchedulerState                   0x000067dd   Thumb Code    28  tasks.o(i.xTaskGetSchedulerState)
    xTaskGetTickCount                        0x00006801   Thumb Code     6  tasks.o(i.xTaskGetTickCount)
    xTaskIncrementTick                       0x0000680d   Thumb Code   242  tasks.o(i.xTaskIncrementTick)
    xTaskNotifyWait                          0x0000692d   Thumb Code   138  tasks.o(i.xTaskNotifyWait)
    xTaskPriorityDisinherit                  0x000069bd   Thumb Code    88  tasks.o(i.xTaskPriorityDisinherit)
    xTaskRemoveFromEventList                 0x00006a1d   Thumb Code   102  tasks.o(i.xTaskRemoveFromEventList)
    xTaskRemoveFromUnorderedEventList        0x00006a9d   Thumb Code    88  tasks.o(i.xTaskRemoveFromUnorderedEventList)
    xTaskResumeAll                           0x00006b05   Thumb Code   192  tasks.o(i.xTaskResumeAll)
    xTimerCreateTimerTask                    0x00006be5   Thumb Code    80  timers.o(i.xTimerCreateTimerTask)
    xTimerGenericCommand                     0x00006c49   Thumb Code   100  timers.o(i.xTimerGenericCommand)
    xTimerPendFunctionCallFromISR            0x00006cb1   Thumb Code    46  timers.o(i.xTimerPendFunctionCallFromISR)
    XCVRDefaultRegisterValues                0x00006ce4   Data          82  sx123xdrv.o(.constdata)
    gPhyIndirectQueueSize_c                  0x00006d36   Data           1  phypacketprocessor.o(.constdata)
    phyPibRFConstants                        0x00006d38   Data          48  phypib.o(.constdata)
    gTurnaroundTimeTable                     0x00006d68   Data           2  phypib.o(.constdata)
    gPhyMaxChannelNumber                     0x00006d6a   Data           2  phypib.o(.constdata)
    gMacScanChannelMask                      0x00006d6c   Data          40  phypib.o(.constdata)
    gUseRtos_c                               0x00006d94   Data           1  phystatemachine.o(.constdata)
    frmCtrlTable                             0x00006d95   Data          16  phyisr.o(.constdata)
    phyKeyIdModeToAshLengthTable             0x00006da5   Data           4  phyisr.o(.constdata)
    lookUpTable                              0x00006da9   Data         254  phyisr.o(.constdata)
    g_spiBase                                0x00006ea8   Data           8  spi.o(.constdata)
    g_gpioBase                               0x00006eb0   Data          20  fsl_gpio_driver.o(.constdata)
    g_portBase                               0x00006ec4   Data          20  fsl_gpio_driver.o(.constdata)
    g_portIrqId                              0x00006ed8   Data           5  fsl_gpio_driver.o(.constdata)
    g_tpmBase                                0x00006f20   Data          12  fsl_tpm_driver.o(.constdata)
    g_tpmIrqId                               0x00006f2c   Data           3  fsl_tpm_driver.o(.constdata)
    g_tpmChannelCount                        0x00006f30   Data          12  fsl_tpm_hal.o(.constdata)
    Region$$Table$$Base                      0x00006f80   Number         0  anon$$obj.o(Region$$Table)
    Region$$Table$$Limit                     0x00006fa0   Number         0  anon$$obj.o(Region$$Table)
    tid_Phy_Task                             0x1ffff004   Data           4  phystatemachine.o(.data)
    gPhyEvent                                0x1ffff008   Data           4  phystatemachine.o(.data)
    gPhyTaskHandler                          0x1ffff00c   Data           4  phystatemachine.o(.data)
    evt_id                                   0x1ffff010   Data           4  phystatemachine.o(.data)
    thread_id                                0x1ffff014   Data           4  phystatemachine.o(.data)
    rflags                                   0x1ffff018   Data           4  phystatemachine.o(.data)
    ev                                       0x1ffff01c   Data           4  phystatemachine.o(.data)
    ackBuffer                                0x1ffff020   Data           3  phystatemachine.o(.data)
    gpfPhyTimeNotify                         0x1ffff028   Data           4  phytime.o(.data)
    gpfPendingRxEvent                        0x1ffff07c   Data           4  phyisr.o(.data)
    gpfPendingTxEvent                        0x1ffff080   Data           4  phyisr.o(.data)
    tid_Send_Command                         0x1ffff084   Data           4  thread.o(.data)
    tid_clock                                0x1ffff088   Data           4  thread.o(.data)
    mid_MsgQueue                             0x1ffff08c   Data           4  thread.o(.data)
    mSpiLowSpeed                             0x1ffff090   Data           1  spi.o(.data)
    mSpiHighSpeed                            0x1ffff091   Data           1  spi.o(.data)
    g_xtal0ClkFreq                           0x1ffff094   Data           4  fsl_mcg_hal.o(.data)
    g_xtalRtcClkFreq                         0x1ffff098   Data           4  fsl_mcg_hal.o(.data)
    g_fastInternalRefClkFreq                 0x1ffff09c   Data           4  fsl_mcg_hal.o(.data)
    g_slowInternalRefClkFreq                 0x1ffff0a0   Data           4  fsl_mcg_hal.o(.data)
    poolInfo                                 0x1ffff0a4   Data          16  memmanager.o(.data)
    gFreeMessagesCount                       0x1ffff0b4   Data           2  memmanager.o(.data)
    SystemCoreClock                          0x1ffff0cc   Data           4  system_mkw01z4.o(.data)
    pxCurrentTCB                             0x1ffff0ec   Data           4  tasks.o(.data)
    gPhyPib                                  0x1ffff140   Data          28  phypib.o(.bss)
    phyLocal                                 0x1ffff160   Data         104  phystatemachine.o(.bss)
    rxData                                   0x1ffff1c8   Data         254  phystatemachine.o(.bss)
    ackDataReq                               0x1ffff2c8   Data          24  phystatemachine.o(.bss)
    memHeap                                  0x1ffff2e0   Data        3648  memmanager.o(.bss)
    memPools                                 0x20000120   Data          48  memmanager.o(.bss)
    __libspace_start                         0x20002ad4   Data          96  libspace.o(.bss)
    __temporary_stack_top$libspace           0x20002b34   Data           0  libspace.o(.bss)



==============================================================================

Memory Map of the image

  Image Entry point : 0x000000c1

  Load Region LR_IROM1 (Base: 0x00000000, Size: 0x000070e0, Max: 0x00020000, ABSOLUTE, COMPRESSED[0x00006fc4])

    Execution Region ER_IROM1 (Base: 0x00000000, Size: 0x00006fa0, Max: 0x00020000, ABSOLUTE)

    Base Addr    Size         Type   Attr      Idx    E Section Name        Object

    0x00000000   0x000000c0   Data   RO        12177    RESET               startup_mkw01z4.o
    0x000000c0   0x00000008   Code   RO        13266  * !!!main             c_p.l(__main.o)
    0x000000c8   0x0000003c   Code   RO        13449    !!!scatter          c_p.l(__scatter.o)
    0x00000104   0x0000001c   Code   RO        13451    !!handler_zi        c_p.l(__scatter_zi.o)
    0x00000120   0x00000002   Code   RO        13382    .ARM.Collect$$libinit$$00000000  c_p.l(libinit.o)
    0x00000122   0x00000000   Code   RO        13287    .ARM.Collect$$libinit$$00000002  c_p.l(libinit2.o)
    0x00000122   0x00000000   Code   RO        13289    .ARM.Collect$$libinit$$00000004  c_p.l(libinit2.o)
    0x00000122   0x00000000   Code   RO        13292    .ARM.Collect$$libinit$$0000000A  c_p.l(libinit2.o)
    0x00000122   0x00000000   Code   RO        13294    .ARM.Collect$$libinit$$0000000C  c_p.l(libinit2.o)
    0x00000122   0x00000000   Code   RO        13296    .ARM.Collect$$libinit$$0000000E  c_p.l(libinit2.o)
    0x00000122   0x00000000   Code   RO        13299    .ARM.Collect$$libinit$$00000011  c_p.l(libinit2.o)
    0x00000122   0x00000000   Code   RO        13301    .ARM.Collect$$libinit$$00000013  c_p.l(libinit2.o)
    0x00000122   0x00000000   Code   RO        13303    .ARM.Collect$$libinit$$00000015  c_p.l(libinit2.o)
    0x00000122   0x00000000   Code   RO        13305    .ARM.Collect$$libinit$$00000017  c_p.l(libinit2.o)
    0x00000122   0x00000000   Code   RO        13307    .ARM.Collect$$libinit$$00000019  c_p.l(libinit2.o)
    0x00000122   0x00000000   Code   RO        13309    .ARM.Collect$$libinit$$0000001B  c_p.l(libinit2.o)
    0x00000122   0x00000000   Code   RO        13311    .ARM.Collect$$libinit$$0000001D  c_p.l(libinit2.o)
    0x00000122   0x00000000   Code   RO        13313    .ARM.Collect$$libinit$$0000001F  c_p.l(libinit2.o)
    0x00000122   0x00000004   Code   RO        13314    .ARM.Collect$$libinit$$00000020  c_p.l(libinit2.o)
    0x00000126   0x00000000   Code   RO        13315    .ARM.Collect$$libinit$$00000021  c_p.l(libinit2.o)
    0x00000126   0x00000000   Code   RO        13317    .ARM.Collect$$libinit$$00000023  c_p.l(libinit2.o)
    0x00000126   0x00000000   Code   RO        13319    .ARM.Collect$$libinit$$00000025  c_p.l(libinit2.o)
    0x00000126   0x00000000   Code   RO        13323    .ARM.Collect$$libinit$$0000002C  c_p.l(libinit2.o)
    0x00000126   0x00000000   Code   RO        13325    .ARM.Collect$$libinit$$0000002E  c_p.l(libinit2.o)
    0x00000126   0x00000000   Code   RO        13327    .ARM.Collect$$libinit$$00000030  c_p.l(libinit2.o)
    0x00000126   0x00000000   Code   RO        13329    .ARM.Collect$$libinit$$00000032  c_p.l(libinit2.o)
    0x00000126   0x00000002   Code   RO        13330    .ARM.Collect$$libinit$$00000033  c_p.l(libinit2.o)
    0x00000128   0x00000002   Code   RO        13428    .ARM.Collect$$libshutdown$$00000000  c_p.l(libshutdown.o)
    0x0000012a   0x00000000   Code   RO        13430    .ARM.Collect$$libshutdown$$00000002  c_p.l(libshutdown2.o)
    0x0000012a   0x00000000   Code   RO        13432    .ARM.Collect$$libshutdown$$00000004  c_p.l(libshutdown2.o)
    0x0000012a   0x00000000   Code   RO        13435    .ARM.Collect$$libshutdown$$00000007  c_p.l(libshutdown2.o)
    0x0000012a   0x00000000   Code   RO        13438    .ARM.Collect$$libshutdown$$0000000A  c_p.l(libshutdown2.o)
    0x0000012a   0x00000000   Code   RO        13440    .ARM.Collect$$libshutdown$$0000000C  c_p.l(libshutdown2.o)
    0x0000012a   0x00000000   Code   RO        13443    .ARM.Collect$$libshutdown$$0000000F  c_p.l(libshutdown2.o)
    0x0000012a   0x00000002   Code   RO        13444    .ARM.Collect$$libshutdown$$00000010  c_p.l(libshutdown2.o)
    0x0000012c   0x00000000   Code   RO        13271    .ARM.Collect$$rtentry$$00000000  c_p.l(__rtentry.o)
    0x0000012c   0x00000000   Code   RO        13336    .ARM.Collect$$rtentry$$00000002  c_p.l(__rtentry2.o)
    0x0000012c   0x00000006   Code   RO        13348    .ARM.Collect$$rtentry$$00000004  c_p.l(__rtentry4.o)
    0x00000132   0x00000008   Code   RO        13337    .ARM.Collect$$rtentry$$00000008  c_p.l(__rtentry2.o)
    0x0000013a   0x00000004   Code   RO        13339    .ARM.Collect$$rtentry$$0000000A  c_p.l(__rtentry2.o)
    0x0000013e   0x00000000   Code   RO        13341    .ARM.Collect$$rtentry$$0000000C  c_p.l(__rtentry2.o)
    0x0000013e   0x00000008   Code   RO        13342    .ARM.Collect$$rtentry$$0000000D  c_p.l(__rtentry2.o)
    0x00000146   0x00000002   Code   RO        13389    .ARM.Collect$$rtexit$$00000000  c_p.l(rtexit.o)
    0x00000148   0x00000000   Code   RO        13404    .ARM.Collect$$rtexit$$00000002  c_p.l(rtexit2.o)
    0x00000148   0x00000004   Code   RO        13405    .ARM.Collect$$rtexit$$00000003  c_p.l(rtexit2.o)
    0x0000014c   0x00000006   Code   RO        13406    .ARM.Collect$$rtexit$$00000004  c_p.l(rtexit2.o)
    0x00000152   0x00000002   PAD
    0x00000154   0x00000078   Code   RO        12439    .emb_text           port.o
    0x000001cc   0x00000038   Code   RO        13254    .emb_text           c_p.l(rt_memcpy.o)
    0x00000204   0x00000040   Code   RO        12179    .text               startup_mkw01z4.o
    0x00000244   0x00000020   Code   RO        13245    .text               c_p.l(sys_clock.o)
    0x00000264   0x00000030   Code   RO        13248    .text               c_p.l(llmul.o)
    0x00000294   0x00000102   Code   RO        13250    .text               c_p.l(lludiv.o)
    0x00000396   0x00000012   Code   RO        13258    .text               c_p.l(aeabi_memset.o)
    0x000003a8   0x00000006   Code   RO        13264    .text               c_p.l(heapauxi.o)
    0x000003ae   0x00000002   Code   RO        13268    .text               c_p.l(use_no_semi.o)
    0x000003b0   0x00000000   Code   RO        13270    .text               c_p.l(indicate_semi.o)
    0x000003b0   0x00000014   Code   RO        13280    .text               c_p.l(abort.o)
    0x000003c4   0x00000014   Code   RO        13282    .text               c_p.l(assert_puts.o)
    0x000003d8   0x0000000c   Code   RO        13331    .text               c_p.l(sys_wrch.o)
    0x000003e4   0x0000000c   Code   RO        13333    .text               c_p.l(sys_exit.o)
    0x000003f0   0x0000000c   Code   RO        13352    .text               c_p.l(defsig_abrt_outer.o)
    0x000003fc   0x00000004   Code   RO           12    i.Asp_GetANTXState  asptemp.o
    0x00000400   0x00000010   Code   RO        12178    .ARM.__at_0x400     startup_mkw01z4.o
    0x00000410   0x0000007c   Code   RO        13252    .text               c_p.l(assert.o)
    0x0000048c   0x00000082   Code   RO        13255    .text               c_p.l(rt_memcpy.o)
    0x0000050e   0x0000015a   Code   RO        13260    .text               c_p.l(aeabi_sdiv.o)
    0x00000668   0x00000040   Code   RO        13284    .text               c_p.l(rt_memclr.o)
    0x000006a8   0x0000003e   Code   RO        13360    .text               c_p.l(sys_stackheap_outer.o)
    0x000006e6   0x00000010   Code   RO        13365    .text               c_p.l(exit.o)
    0x000006f6   0x0000000c   Code   RO        13367    .text               c_p.l(defsig_exit.o)
    0x00000702   0x00000002   PAD
    0x00000704   0x00000030   Code   RO        13369    .text               c_p.l(defsig_abrt_inner.o)
    0x00000734   0x00000008   Code   RO        13385    .text               c_p.l(libspace.o)
    0x0000073c   0x00000034   Code   RO        13395    .text               c_p.l(defsig_general.o)
    0x00000770   0x0000003a   Code   RO        13447    .text               c_p.l(__dczerorl.o)
    0x000007aa   0x000000c2   Code   RO            3    i.APP_ASP_SapHandler  asptemp.o
    0x0000086c   0x00000098   Code   RO            5    i.ASP_TelecSendRawData  asptemp.o
    0x00000904   0x0000001a   Code   RO            6    i.ASP_TelecSetFreq  asptemp.o
    0x0000091e   0x00000002   PAD
    0x00000920   0x00000120   Code   RO            7    i.ASP_TelecTest     asptemp.o
    0x00000a40   0x00000010   Code   RO            9    i.Asp_DisableXCVRInterrupts  asptemp.o
    0x00000a50   0x00000016   Code   RO           11    i.Asp_EnableXCVRInterrupts  asptemp.o
    0x00000a66   0x0000000e   Code   RO           13    i.Asp_GetPowerLevel  asptemp.o
    0x00000a74   0x00000008   Code   RO           14    i.Asp_GetRSSILevel  asptemp.o
    0x00000a7c   0x00000006   Code   RO           16    i.Asp_SetANTXState  asptemp.o
    0x00000a82   0x00000006   Code   RO           19    i.Asp_SetFADState   asptemp.o
    0x00000a88   0x00000006   Code   RO           20    i.Asp_SetFADThreshold  asptemp.o
    0x00000a8e   0x00000006   Code   RO           21    i.Asp_SetLQIMode    asptemp.o
    0x00000a94   0x00000020   Code   RO           23    i.Asp_SetPowerLevel  asptemp.o
    0x00000ab4   0x00000024   Code   RO           28    i.Asp_XcvrReadReq   asptemp.o
    0x00000ad8   0x00000024   Code   RO           29    i.Asp_XcvrWriteReq  asptemp.o
    0x00000afc   0x00000158   Code   RO         3241    i.CCAPinHandler_Interrupt  phyisr.o
    0x00000c54   0x00000010   Code   RO         8146    i.CLOCK_HAL_GetClkOutStat  fsl_mcg_hal.o
    0x00000c64   0x00000048   Code   RO         8148    i.CLOCK_HAL_GetFllClk  fsl_mcg_hal.o
    0x00000cac   0x00000054   Code   RO         8149    i.CLOCK_HAL_GetFllRefClk  fsl_mcg_hal.o
    0x00000d00   0x00000048   Code   RO         8151    i.CLOCK_HAL_GetInternalRefClk  fsl_mcg_hal.o
    0x00000d48   0x0000000c   Code   RO         8153    i.CLOCK_HAL_GetMcgExternalClkFreq  fsl_mcg_hal.o
    0x00000d54   0x0000004e   Code   RO         8154    i.CLOCK_HAL_GetOutClk  fsl_mcg_hal.o
    0x00000da2   0x00000002   PAD
    0x00000da4   0x00000018   Code   RO         7182    i.CLOCK_HAL_GetOutDiv1  fsl_clock_mkw01z4.o
    0x00000dbc   0x00000018   Code   RO         7183    i.CLOCK_HAL_GetOutDiv4  fsl_clock_mkw01z4.o
    0x00000dd4   0x0000005a   Code   RO         8155    i.CLOCK_HAL_GetPll0Clk  fsl_mcg_hal.o
    0x00000e2e   0x0000000c   Code   RO         8156    i.CLOCK_HAL_GetPll0RefFreq  fsl_mcg_hal.o
    0x00000e3a   0x00000018   Code   RO         8163    i.CLOCK_HAL_IsPllSelected  fsl_mcg_hal.o
    0x00000e52   0x00000054   Code   RO         8178    i.CLOCK_HAL_TestFllExternalRefFreq  fsl_mcg_hal.o
    0x00000ea6   0x00000002   PAD
    0x00000ea8   0x00000040   Code   RO         8179    i.CLOCK_HAL_TestFllFreq  fsl_mcg_hal.o
    0x00000ee8   0x00000068   Code   RO         7244    i.CLOCK_SYS_EnableSpiClock  fsl_clock_mkw01z4.o
    0x00000f50   0x00000068   Code   RO         7245    i.CLOCK_SYS_EnableTpmClock  fsl_clock_mkw01z4.o
    0x00000fb8   0x0000001c   Code   RO         7250    i.CLOCK_SYS_GetBusClockFreq  fsl_clock_mkw01z4.o
    0x00000fd4   0x00000022   Code   RO         7290    i.CLOCK_SYS_GetSpiFreq  fsl_clock_mkw01z4.o
    0x00000ff6   0x00000002   PAD
    0x00000ff8   0x00000024   Code   RO         7292    i.CLOCK_SYS_GetSystemClockFreq  fsl_clock_mkw01z4.o
    0x0000101c   0x00000020   Code   RO        10659    i.FLib_MemCmp       functionlib.o
    0x0000103c   0x00000012   Code   RO        10663    i.FLib_MemCpy       functionlib.o
    0x0000104e   0x00000002   PAD
    0x00001050   0x00000020   Code   RO         5813    i.GPIO_DRV_ClearPinIntFlag  fsl_gpio_driver.o
    0x00001070   0x00000020   Code   RO         5814    i.GPIO_DRV_ClearPinOutput  fsl_gpio_driver.o
    0x00001090   0x00000020   Code   RO         5820    i.GPIO_DRV_ReadPinInput  fsl_gpio_driver.o
    0x000010b0   0x00000020   Code   RO         5822    i.GPIO_DRV_SetPinOutput  fsl_gpio_driver.o
    0x000010d0   0x0000005c   Code   RO         5825    i.GPIO_HAL_ClearPinOutput  fsl_gpio_driver.o
    0x0000112c   0x00000060   Code   RO         5829    i.GPIO_HAL_ReadPinInput  fsl_gpio_driver.o
    0x0000118c   0x0000007c   Code   RO         6907    i.GPIO_HAL_SetPinDir  fsl_gpio_hal.o
    0x00001208   0x0000005c   Code   RO         5833    i.GPIO_HAL_SetPinOutput  fsl_gpio_driver.o
    0x00001264   0x0000000c   Code   RO        10748    i.ListInit          genericlist.o
    0x00001270   0x00000042   Code   RO        10750    i.ListRemoveHead    genericlist.o
    0x000012b2   0x0000001a   Code   RO        10547    i.ListRemoveHeadMsg  messaging.o
    0x000012cc   0x00000060   Code   RO        10590    i.MEM_BufferAlloc   memmanager.o
    0x0000132c   0x00000018   Code   RO         2381    i.PD_MAC_SendMessage  phystatemachine.o
    0x00001344   0x00000014   Code   RO         2382    i.PHY_EventSet      phystatemachine.o
    0x00001358   0x00000018   Code   RO         2383    i.PLME_MAC_SendMessage  phystatemachine.o
    0x00001370   0x00000026   Code   RO         3270    i.PORTC_PORTD_IRQHandler  phyisr.o
    0x00001396   0x00000002   PAD
    0x00001398   0x00000068   Code   RO         5844    i.PORT_HAL_ClearPinIntFlag  fsl_gpio_driver.o
    0x00001400   0x0000006c   Code   RO          577    i.PORT_HAL_IsPinIntPending  sx123xdrv.o
    0x0000146c   0x00000068   Code   RO         5281    i.PORT_HAL_SetMuxMode  pin_mux.o
    0x000014d4   0x00000068   Code   RO          581    i.PORT_HAL_SetPinIntMode  sx123xdrv.o
    0x0000153c   0x00000044   Code   RO         2145    i.PhyAbort          phyplmedata.o
    0x00001580   0x00000014   Code   RO         1526    i.PhyHwInit         phypacketprocessor.o
    0x00001594   0x00000024   Code   RO         2396    i.PhyIsIdleRx       phystatemachine.o
    0x000015b8   0x0000000c   Code   RO         3285    i.PhyIsrPassRxParams  phyisr.o
    0x000015c4   0x0000007c   Code   RO         3286    i.PhyPassTxParams   phyisr.o
    0x00001640   0x000000ec   Code   RO         2146    i.PhyPdDataRequest  phyplmedata.o
    0x0000172c   0x0000004c   Code   RO         1828    i.PhyPib_EnableAFC  phypib.o
    0x00001778   0x0000006c   Code   RO         1829    i.PhyPib_InitOnStartUp  phypib.o
    0x000017e4   0x00000064   Code   RO         1830    i.PhyPib_RFUpdateModulationParameters  phypib.o
    0x00001848   0x00000010   Code   RO         1831    i.PhyPib_RFUpdatePowerStep  phypib.o
    0x00001858   0x00000010   Code   RO         1832    i.PhyPib_RFUpdatePreambleLength  phypib.o
    0x00001868   0x00000050   Code   RO         1833    i.PhyPib_RFUpdateRFfrequency  phypib.o
    0x000018b8   0x00000030   Code   RO         1836    i.PhyPib_SetCurrentChannel  phypib.o
    0x000018e8   0x00000028   Code   RO         1840    i.PhyPib_SetTransmitPower  phypib.o
    0x00001910   0x0000010c   Code   RO         2147    i.PhyPlmeCcaEdRequest  phyplmedata.o
    0x00001a1c   0x00000070   Code   RO         2148    i.PhyPlmeRxRequest  phyplmedata.o
    0x00001a8c   0x00000018   Code   RO         3287    i.PhyPpGetState     phyisr.o
    0x00001aa4   0x00000044   Code   RO         2149    i.PhyPrepareTx      phyplmedata.o
    0x00001ae8   0x00000002   Code   RO         3288    i.PhyRxHandleDummyEvent  phyisr.o
    0x00001aea   0x00000002   PAD
    0x00001aec   0x00000148   Code   RO         3289    i.PhyRxHandleFifoLevelEvent  phyisr.o
    0x00001c34   0x0000009c   Code   RO         3290    i.PhyRxHandlePHREvent  phyisr.o
    0x00001cd0   0x0000026c   Code   RO         3291    i.PhyRxHandlePayloadReadyEvent  phyisr.o
    0x00001f3c   0x0000004c   Code   RO         3292    i.PhyRxHandleSyncAddresEvent  phyisr.o
    0x00001f88   0x00000018   Code   RO         3293    i.PhySetState       phyisr.o
    0x00001fa0   0x00000014   Code   RO         2791    i.PhyTimeDisableEventTimeout  phytime.o
    0x00001fb4   0x00000014   Code   RO         2792    i.PhyTimeDisableEventTrigger  phytime.o
    0x00001fc8   0x00000014   Code   RO         2793    i.PhyTimeDisableRxTimeout  phytime.o
    0x00001fdc   0x00000014   Code   RO         2794    i.PhyTimeDisableWaitTimeout  phytime.o
    0x00001ff0   0x00000028   Code   RO         2795    i.PhyTimeEventRxTimeout_Handler  phytime.o
    0x00002018   0x00000028   Code   RO         2796    i.PhyTimeEventTimeout_Handler  phytime.o
    0x00002040   0x00000028   Code   RO         2797    i.PhyTimeEventTrigger_Handler  phytime.o
    0x00002068   0x00000028   Code   RO         2798    i.PhyTimeEventWaitTimeout_Handler  phytime.o
    0x00002090   0x0000000c   Code   RO         2799    i.PhyTimeGetEventTimeout  phytime.o
    0x0000209c   0x0000002c   Code   RO         3294    i.PhyTimeHandleEventRxTimeout  phyisr.o
    0x000020c8   0x00000068   Code   RO         3295    i.PhyTimeHandleEventTimeout  phyisr.o
    0x00002130   0x0000003c   Code   RO         3296    i.PhyTimeHandleEventTrigger  phyisr.o
    0x0000216c   0x00000018   Code   RO         3297    i.PhyTimeHandleEventWaitTimeout  phyisr.o
    0x00002184   0x0000001a   Code   RO         2800    i.PhyTimeReadClock  phytime.o
    0x0000219e   0x00000002   PAD
    0x000021a0   0x00000078   Code   RO         2801    i.PhyTimeReadClockTicks  phytime.o
    0x00002218   0x00000080   Code   RO         2802    i.PhyTimeSetEventTimeout  phytime.o
    0x00002298   0x00000074   Code   RO         2803    i.PhyTimeSetEventTrigger  phytime.o
    0x0000230c   0x00000080   Code   RO         2804    i.PhyTimeSetRxTimeout  phytime.o
    0x0000238c   0x0000009c   Code   RO         2818    i.PhyTimerInit      phytime.o
    0x00002428   0x00000002   Code   RO         3298    i.PhyTxHandleDummyEvent  phyisr.o
    0x0000242a   0x00000002   PAD
    0x0000242c   0x0000002c   Code   RO         3299    i.PhyTxHandleFifoLevelEvent  phyisr.o
    0x00002458   0x00000184   Code   RO         3300    i.PhyTxPacketSentEvent  phyisr.o
    0x000025dc   0x0000001a   Code   RO          978    i.Phy_ClearFifo     phyextended.o
    0x000025f6   0x00000002   PAD
    0x000025f8   0x00000044   Code   RO         3301    i.Phy_CrcAddByte    phyisr.o
    0x0000263c   0x00000024   Code   RO          979    i.Phy_EnableAfcAuto  phyextended.o
    0x00002660   0x00000026   Code   RO          981    i.Phy_EnableAfcLowBeta  phyextended.o
    0x00002686   0x00000002   PAD
    0x00002688   0x00000064   Code   RO         2401    i.Phy_EnterIdle     phystatemachine.o
    0x000026ec   0x00000034   Code   RO         3302    i.Phy_GetEnergyLevel  phyisr.o
    0x00002720   0x00000010   Code   RO          986    i.Phy_GetRssi       phyextended.o
    0x00002730   0x00000050   Code   RO         2402    i.Phy_HandlePdDataReq  phystatemachine.o
    0x00002780   0x0000002c   Code   RO         2403    i.Phy_HandlePlmeCcaReq  phystatemachine.o
    0x000027ac   0x0000005c   Code   RO         2404    i.Phy_HandlePlmeEdReq  phystatemachine.o
    0x00002808   0x0000002a   Code   RO         1535    i.Phy_IndirectQueueChecksum  phypacketprocessor.o
    0x00002832   0x00000002   PAD
    0x00002834   0x00000068   Code   RO         2405    i.Phy_Init          phystatemachine.o
    0x0000289c   0x0000012c   Code   RO         3303    i.Phy_IsrRxFilterDest  phyisr.o
    0x000029c8   0x0000002c   Code   RO         3304    i.Phy_LqiConvert    phyisr.o
    0x000029f4   0x000001f0   Code   RO         3305    i.Phy_RxFrameFilter  phyisr.o
    0x00002be4   0x0000001c   Code   RO         3306    i.Phy_RxHandleFilterFail  phyisr.o
    0x00002c00   0x00000034   Code   RO         3307    i.Phy_RxRestart     phyisr.o
    0x00002c34   0x00000016   Code   RO          989    i.Phy_SetBitrate    phyextended.o
    0x00002c4a   0x00000022   Code   RO          990    i.Phy_SetCarrierFreq  phyextended.o
    0x00002c6c   0x00000032   Code   RO          991    i.Phy_SetDataMode   phyextended.o
    0x00002c9e   0x00000046   Code   RO          992    i.Phy_SetDccFreq    phyextended.o
    0x00002ce4   0x00000046   Code   RO          993    i.Phy_SetDccFreqAfc  phyextended.o
    0x00002d2a   0x00000020   Code   RO          994    i.Phy_SetFifoThreshold  phyextended.o
    0x00002d4a   0x00000016   Code   RO          995    i.Phy_SetFreqDeviation  phyextended.o
    0x00002d60   0x0000000e   Code   RO         1005    i.Phy_SetLowBetaAfcOffset  phyextended.o
    0x00002d6e   0x00000046   Code   RO         1006    i.Phy_SetModulationShaping  phyextended.o
    0x00002db4   0x0000002e   Code   RO         1007    i.Phy_SetModulationType  phyextended.o
    0x00002de2   0x0000004e   Code   RO         1013    i.Phy_SetOperationMode  phyextended.o
    0x00002e30   0x0000000e   Code   RO         1014    i.Phy_SetOperationModeFast  phyextended.o
    0x00002e3e   0x00000020   Code   RO         1017    i.Phy_SetPowerStep  phyextended.o
    0x00002e5e   0x00000016   Code   RO         1018    i.Phy_SetPreambleSize  phyextended.o
    0x00002e74   0x0000000e   Code   RO         1019    i.Phy_SetRssiThreshold  phyextended.o
    0x00002e82   0x00000088   Code   RO         1020    i.Phy_SetRxFilterBw  phyextended.o
    0x00002f0a   0x00000088   Code   RO         1021    i.Phy_SetRxFilterBwAfc  phyextended.o
    0x00002f92   0x00000042   Code   RO         3308    i.Phy_SetRxOnUntilNextEvent  phyisr.o
    0x00002fd4   0x00000168   Code   RO         2407    i.Phy_SetSequenceTiming  phystatemachine.o
    0x0000313c   0x00000260   Code   RO         2408    i.Phy_Task          phystatemachine.o
    0x0000339c   0x00000028   Code   RO         2409    i.Phy_TaskInitialize  phystatemachine.o
    0x000033c4   0x00000044   Code   RO         2821    i.Phy_TimeDivider   phytime.o
    0x00003408   0x00000054   Code   RO         2822    i.Phy_TimeMultiplicator  phytime.o
    0x0000345c   0x00000024   Code   RO         3309    i.Phy_XCVRRxWarmupTime  phyisr.o
    0x00003480   0x00000020   Code   RO         3310    i.Phy_XCVRTxWarmupTime  phyisr.o
    0x000034a0   0x0000000e   Code   RO         2410    i.Radio_Phy_DummyEvent  phystatemachine.o
    0x000034ae   0x00000002   PAD
    0x000034b0   0x00000054   Code   RO         2411    i.Radio_Phy_PdDataConfirm  phystatemachine.o
    0x00003504   0x00000010   Code   RO         2412    i.Radio_Phy_PdDataIndication  phystatemachine.o
    0x00003514   0x0000001c   Code   RO         2413    i.Radio_Phy_PlmeCcaConfirm  phystatemachine.o
    0x00003530   0x0000001c   Code   RO         2414    i.Radio_Phy_PlmeEdConfirm  phystatemachine.o
    0x0000354c   0x00000010   Code   RO         2417    i.Radio_Phy_TimeRxTimeoutIndication  phystatemachine.o
    0x0000355c   0x0000002c   Code   RO         7318    i.SIM_HAL_EnableClock  fsl_clock_mkw01z4.o
    0x00003588   0x0000000e   Code   RO         4122    i.SPI_HAL_Enable    spi.o
    0x00003596   0x00000010   Code   RO         6663    i.SPI_HAL_Init      fsl_spi_hal.o
    0x000035a6   0x0000000c   Code   RO         4132    i.SPI_HAL_IsReadBuffFullPending  spi.o
    0x000035b2   0x00000006   Code   RO         4135    i.SPI_HAL_ReadDataLow  spi.o
    0x000035b8   0x00000096   Code   RO         6672    i.SPI_HAL_SetBaud   fsl_spi_hal.o
    0x0000364e   0x00000012   Code   RO         4139    i.SPI_HAL_SetMasterSlave  spi.o
    0x00003660   0x0000002c   Code   RO         6689    i.SPI_HAL_WriteDataBlocking  fsl_spi_hal.o
    0x0000368c   0x00000002   Code   RO        12440    i.SVC_Handler       port.o
    0x0000368e   0x00000002   PAD
    0x00003690   0x0000004c   Code   RO         3890    i.Send_Command      thread.o
    0x000036dc   0x00000010   Code   RO        13225    i.SysTick_Handler   freertos_tick_config.o
    0x000036ec   0x0000015c   Code   RO        12187    i.SystemCoreClockUpdate  system_mkw01z4.o
    0x00003848   0x0000006c   Code   RO        12188    i.SystemInit        system_mkw01z4.o
    0x000038b4   0x000000e8   Code   RO         2823    i.TPM0_IRQHandler   phytime.o
    0x0000399c   0x0000012c   Code   RO        10964    i.TPM_DRV_Init      fsl_tpm_driver.o
    0x00003ac8   0x00000080   Code   RO         2824    i.TPM_HAL_ClearChnInt  phytime.o
    0x00003b48   0x00000080   Code   RO         2825    i.TPM_HAL_DisableChnInt  phytime.o
    0x00003bc8   0x00000080   Code   RO         2826    i.TPM_HAL_EnableChnInt  phytime.o
    0x00003c48   0x00000088   Code   RO         2827    i.TPM_HAL_GetChnStatus  phytime.o
    0x00003cd0   0x00000014   Code   RO         2828    i.TPM_HAL_GetCounterVal  phytime.o
    0x00003ce4   0x00000018   Code   RO         2829    i.TPM_HAL_GetTimerOverflowStatus  phytime.o
    0x00003cfc   0x00000088   Code   RO         2830    i.TPM_HAL_IsChnIntEnabled  phytime.o
    0x00003d84   0x00000034   Code   RO        11629    i.TPM_HAL_Reset     fsl_tpm_hal.o
    0x00003db8   0x00000084   Code   RO         2831    i.TPM_HAL_SetChnCountVal  phytime.o
    0x00003e3c   0x00000088   Code   RO         2832    i.TPM_HAL_SetChnMsnbaElsnbaVal  phytime.o
    0x00003ec4   0x0000002c   Code   RO        11631    i.TPM_HAL_SetClockMode  fsl_tpm_hal.o
    0x00003ef0   0x0000001e   Code   RO          585    i.XCVRDrv_ConfigureCLKO  sx123xdrv.o
    0x00003f0e   0x0000002c   Code   RO          586    i.XCVRDrv_ConfigureDIOPins  sx123xdrv.o
    0x00003f3a   0x00000002   PAD
    0x00003f3c   0x000000d8   Code   RO         3311    i.XCVRDrv_FillFifo  phyisr.o
    0x00004014   0x00000010   Code   RO          895    i.XCVRDrv_IRQ_DIO0_Clear  sx123xdrv.o
    0x00004024   0x00000014   Code   RO          877    i.XCVRDrv_IRQ_DIO0_Detected  sx123xdrv.o
    0x00004038   0x00000014   Code   RO          859    i.XCVRDrv_IRQ_DIO0_Disable  sx123xdrv.o
    0x0000404c   0x00000018   Code   RO          841    i.XCVRDrv_IRQ_DIO0_Enable  sx123xdrv.o
    0x00004064   0x0000000c   Code   RO          901    i.XCVRDrv_IRQ_DIO1_Clear  sx123xdrv.o
    0x00004070   0x00000014   Code   RO          883    i.XCVRDrv_IRQ_DIO1_Detected  sx123xdrv.o
    0x00004084   0x00000014   Code   RO          865    i.XCVRDrv_IRQ_DIO1_Disable  sx123xdrv.o
    0x00004098   0x00000018   Code   RO          847    i.XCVRDrv_IRQ_DIO1_Enable  sx123xdrv.o
    0x000040b0   0x0000000a   Code   RO          907    i.XCVRDrv_IRQ_DIO4_Clear  sx123xdrv.o
    0x000040ba   0x00000002   PAD
    0x000040bc   0x00000014   Code   RO          889    i.XCVRDrv_IRQ_DIO4_Detected  sx123xdrv.o
    0x000040d0   0x00000014   Code   RO          871    i.XCVRDrv_IRQ_DIO4_Disable  sx123xdrv.o
    0x000040e4   0x00000018   Code   RO          853    i.XCVRDrv_IRQ_DIO4_Enable  sx123xdrv.o
    0x000040fc   0x00000020   Code   RO          587    i.XCVRDrv_RFdefaultInit  sx123xdrv.o
    0x0000411c   0x00000050   Code   RO          590    i.XCVRDrv_ReadBytesFromFifoLSB  sx123xdrv.o
    0x0000416c   0x0000000a   Code   RO          591    i.XCVRDrv_ReadFifo  sx123xdrv.o
    0x00004176   0x0000003c   Code   RO          592    i.XCVRDrv_ReadRegister  sx123xdrv.o
    0x000041b2   0x00000002   PAD
    0x000041b4   0x00000054   Code   RO          593    i.XCVRDrv_Reset     sx123xdrv.o
    0x00004208   0x00000050   Code   RO          595    i.XCVRDrv_WriteBytesToFifoLSB  sx123xdrv.o
    0x00004258   0x0000000e   Code   RO          596    i.XCVRDrv_WriteFifo  sx123xdrv.o
    0x00004266   0x0000003c   Code   RO          597    i.XCVRDrv_WriteFifoLSB  sx123xdrv.o
    0x000042a2   0x00000036   Code   RO          598    i.XCVRDrv_WriteRegister  sx123xdrv.o
    0x000042d8   0x00000038   Code   RO         3312    i.XCVRHandlerInterrupt  phyisr.o
    0x00004310   0x00000020   Code   RO          913    i.XCVR_Init         sx123xdrv.o
    0x00004330   0x0000001c   Code   RO          377    i.__ARM_common_switch8  asptemp.o
    0x0000434c   0x00000018   Code   RO        10978    i.__NVIC_EnableIRQ  fsl_tpm_driver.o
    0x00004364   0x00000078   Code   RO         2833    i.__NVIC_SetPriority  phytime.o
    0x000043dc   0x00000006   Code   RO        11735    i.__get_IPSR        cmsis_os2.o
    0x000043e2   0x00000006   Code   RO        11736    i.__get_PRIMASK     cmsis_os2.o
    0x000043e8   0x00000018   Code   RO        11677    i._mutex_acquire    clib_arm.o
    0x00004400   0x0000000c   Code   RO        11678    i._mutex_free       clib_arm.o
    0x0000440c   0x00000018   Code   RO        11679    i._mutex_initialize  clib_arm.o
    0x00004424   0x00000014   Code   RO        11680    i._mutex_release    clib_arm.o
    0x00004438   0x00000008   Code   RO        11681    i._platform_post_stackheap_init  clib_arm.o
    0x00004440   0x00000050   Code   RO         5316    i.configure_spi_pins  pin_mux.o
    0x00004490   0x00000080   Code   RO         5319    i.configure_xcvr_pins  pin_mux.o
    0x00004510   0x0000001e   Code   RO         3869    i.main              app.o
    0x0000452e   0x00000002   PAD
    0x00004530   0x00000044   Code   RO         3891    i.main_thread       thread.o
    0x00004574   0x00000038   Code   RO        11737    i.osDelay           cmsis_os2.o
    0x000045ac   0x00000068   Code   RO        11742    i.osEventFlagsNew   cmsis_os2.o
    0x00004614   0x0000005c   Code   RO        11743    i.osEventFlagsSet   cmsis_os2.o
    0x00004670   0x000000ac   Code   RO        11744    i.osEventFlagsWait  cmsis_os2.o
    0x0000471c   0x00000054   Code   RO        11746    i.osKernelGetState  cmsis_os2.o
    0x00004770   0x00000048   Code   RO        11751    i.osKernelInitialize  cmsis_os2.o
    0x000047b8   0x00000044   Code   RO        11754    i.osKernelStart     cmsis_os2.o
    0x000047fc   0x0000007c   Code   RO        11757    i.osMessageQueueGet  cmsis_os2.o
    0x00004878   0x000000a4   Code   RO        11762    i.osMessageQueueNew  cmsis_os2.o
    0x0000491c   0x00000080   Code   RO        11763    i.osMessageQueuePut  cmsis_os2.o
    0x0000499c   0x0000008c   Code   RO        11765    i.osMutexAcquire    cmsis_os2.o
    0x00004a28   0x00000040   Code   RO        11766    i.osMutexDelete     cmsis_os2.o
    0x00004a68   0x000000c0   Code   RO        11768    i.osMutexNew        cmsis_os2.o
    0x00004b28   0x00000064   Code   RO        11769    i.osMutexRelease    cmsis_os2.o
    0x00004b8c   0x00000068   Code   RO        11779    i.osThreadFlagsSet  cmsis_os2.o
    0x00004bf4   0x000000b4   Code   RO        11780    i.osThreadFlagsWait  cmsis_os2.o
    0x00004ca8   0x000000e8   Code   RO        11787    i.osThreadNew       cmsis_os2.o
    0x00004d90   0x00000030   Code   RO        11792    i.osThreadYield     cmsis_os2.o
    0x00004dc0   0x00000028   Code   RO        11682    i.os_kernel_is_active  clib_arm.o
    0x00004de8   0x00000002   Code   RO        10643    i.panic             panic.o
    0x00004dea   0x00000002   PAD
    0x00004dec   0x0000007c   Code   RO        12724    i.prvAddCurrentTaskToDelayedList  tasks.o
    0x00004e68   0x000000ac   Code   RO        12725    i.prvAddNewTaskToReadyList  tasks.o
    0x00004f14   0x0000005c   Code   RO        13081    i.prvCheckForValidListAndQueue  timers.o
    0x00004f70   0x00000068   Code   RO        12726    i.prvCheckTasksWaitingTermination  tasks.o
    0x00004fd8   0x0000002c   Code   RO        12517    i.prvCopyDataFromQueue  queue.o
    0x00005004   0x00000080   Code   RO        12518    i.prvCopyDataToQueue  queue.o
    0x00005084   0x0000002a   Code   RO        12727    i.prvDeleteTCB      tasks.o
    0x000050ae   0x00000002   PAD
    0x000050b0   0x0000002c   Code   RO        13082    i.prvGetNextExpireTime  timers.o
    0x000050dc   0x00000018   Code   RO        12728    i.prvIdleTask       tasks.o
    0x000050f4   0x0000001e   Code   RO        12519    i.prvInitialiseMutex  queue.o
    0x00005112   0x0000002c   Code   RO        12520    i.prvInitialiseNewQueue  queue.o
    0x0000513e   0x00000096   Code   RO        12729    i.prvInitialiseNewTask  tasks.o
    0x000051d4   0x00000064   Code   RO        12730    i.prvInitialiseTaskLists  tasks.o
    0x00005238   0x00000068   Code   RO        12388    i.prvInsertBlockIntoFreeList  heap_5.o
    0x000052a0   0x00000054   Code   RO        13084    i.prvInsertTimerInActiveList  timers.o
    0x000052f4   0x0000001c   Code   RO        12521    i.prvIsQueueEmpty   queue.o
    0x00005310   0x0000001e   Code   RO        12522    i.prvIsQueueFull    queue.o
    0x0000532e   0x00000002   PAD
    0x00005330   0x0000004c   Code   RO        13085    i.prvProcessExpiredTimer  timers.o
    0x0000537c   0x000000dc   Code   RO        13086    i.prvProcessReceivedCommands  timers.o
    0x00005458   0x0000006c   Code   RO        13087    i.prvProcessTimerOrBlockTask  timers.o
    0x000054c4   0x00000038   Code   RO        12732    i.prvResetNextTaskUnblockTime  tasks.o
    0x000054fc   0x0000002c   Code   RO        13088    i.prvSampleTimeNow  timers.o
    0x00005528   0x00000024   Code   RO        12441    i.prvSetupTimerInterrupt  port.o
    0x0000554c   0x00000080   Code   RO        13089    i.prvSwitchTimerLists  timers.o
    0x000055cc   0x00000006   Code   RO        12442    i.prvTaskExitError  port.o
    0x000055d2   0x00000022   Code   RO        12247    i.prvTestWaitCondition  event_groups.o
    0x000055f4   0x0000001a   Code   RO        13090    i.prvTimerTask      timers.o
    0x0000560e   0x0000008e   Code   RO        12523    i.prvUnlockQueue    queue.o
    0x0000569c   0x000000c8   Code   RO        12389    i.pvPortMalloc      heap_5.o
    0x00005764   0x00000020   Code   RO        12735    i.pvTaskIncrementMutexHeldCount  tasks.o
    0x00005784   0x00000020   Code   RO        12443    i.pxPortInitialiseStack  port.o
    0x000057a4   0x00000044   Code   RO         3892    i.signal_func       thread.o
    0x000057e8   0x0000001c   Code   RO         4961    i.spi_master_configure_serialization_lsb  spi.o
    0x00005804   0x0000001c   Code   RO         4967    i.spi_master_configure_serialization_msb  spi.o
    0x00005820   0x00000070   Code   RO         4150    i.spi_master_init   spi.o
    0x00005890   0x0000006c   Code   RO         4151    i.spi_master_transfer  spi.o
    0x000058fc   0x00000028   Code   RO        12344    i.uxListRemove      list.o
    0x00005924   0x0000001c   Code   RO        12743    i.uxTaskResetEventItemValue  tasks.o
    0x00005940   0x00000018   Code   RO        11799    i.vApplicationGetIdleTaskMemory  cmsis_os2.o
    0x00005958   0x00000018   Code   RO        11800    i.vApplicationGetTimerTaskMemory  cmsis_os2.o
    0x00005970   0x00000002   Code   RO        11801    i.vApplicationStackOverflowHook  cmsis_os2.o
    0x00005972   0x00000010   Code   RO        12251    i.vEventGroupSetBitsCallback  event_groups.o
    0x00005982   0x0000001a   Code   RO        12345    i.vListInitialise   list.o
    0x0000599c   0x00000006   Code   RO        12346    i.vListInitialiseItem  list.o
    0x000059a2   0x00000036   Code   RO        12347    i.vListInsert       list.o
    0x000059d8   0x00000018   Code   RO        12348    i.vListInsertEnd    list.o
    0x000059f0   0x000000b4   Code   RO        12390    i.vPortDefineHeapRegions  heap_5.o
    0x00005aa4   0x0000001c   Code   RO        12445    i.vPortEnterCritical  port.o
    0x00005ac0   0x0000001c   Code   RO        12446    i.vPortExitCritical  port.o
    0x00005adc   0x00000050   Code   RO        12391    i.vPortFree         heap_5.o
    0x00005b2c   0x00000018   Code   RO        12447    i.vPortYield        port.o
    0x00005b44   0x00000016   Code   RO        12529    i.vQueueDelete      queue.o
    0x00005b5a   0x0000004c   Code   RO        12531    i.vQueueWaitForMessageRestricted  queue.o
    0x00005ba6   0x00000026   Code   RO        12744    i.vTaskDelay        tasks.o
    0x00005bcc   0x0000000c   Code   RO        12749    i.vTaskMissedYield  tasks.o
    0x00005bd8   0x00000020   Code   RO        12751    i.vTaskPlaceOnEventList  tasks.o
    0x00005bf8   0x0000002c   Code   RO        12752    i.vTaskPlaceOnEventListRestricted  tasks.o
    0x00005c24   0x00000030   Code   RO        12753    i.vTaskPlaceOnUnorderedEventList  tasks.o
    0x00005c54   0x0000008c   Code   RO        12754    i.vTaskPriorityInherit  tasks.o
    0x00005ce0   0x00000018   Code   RO        12758    i.vTaskSetTimeOutState  tasks.o
    0x00005cf8   0x00000088   Code   RO        12759    i.vTaskStartScheduler  tasks.o
    0x00005d80   0x00000010   Code   RO        12761    i.vTaskSuspendAll   tasks.o
    0x00005d90   0x000000ac   Code   RO        12762    i.vTaskSwitchContext  tasks.o
    0x00005e3c   0x00000020   Code   RO        12254    i.xEventGroupCreate  event_groups.o
    0x00005e5c   0x0000001c   Code   RO        12255    i.xEventGroupCreateStatic  event_groups.o
    0x00005e78   0x000000a6   Code   RO        12257    i.xEventGroupSetBits  event_groups.o
    0x00005f1e   0x00000002   PAD
    0x00005f20   0x00000020   Code   RO        12258    i.xEventGroupSetBitsFromISR  event_groups.o
    0x00005f40   0x000000ca   Code   RO        12260    i.xEventGroupWaitBits  event_groups.o
    0x0000600a   0x00000002   PAD
    0x0000600c   0x00000038   Code   RO        12448    i.xPortStartScheduler  port.o
    0x00006044   0x00000024   Code   RO        12449    i.xPortSysTickHandler  port.o
    0x00006068   0x0000001e   Code   RO        12534    i.xQueueCreateMutex  queue.o
    0x00006086   0x00000026   Code   RO        12535    i.xQueueCreateMutexStatic  queue.o
    0x000060ac   0x00000042   Code   RO        12536    i.xQueueGenericCreate  queue.o
    0x000060ee   0x0000002a   Code   RO        12537    i.xQueueGenericCreateStatic  queue.o
    0x00006118   0x00000148   Code   RO        12538    i.xQueueGenericReceive  queue.o
    0x00006260   0x00000078   Code   RO        12539    i.xQueueGenericReset  queue.o
    0x000062d8   0x000000fc   Code   RO        12540    i.xQueueGenericSend  queue.o
    0x000063d4   0x0000007c   Code   RO        12541    i.xQueueGenericSendFromISR  queue.o
    0x00006450   0x00000032   Code   RO        12544    i.xQueueGiveMutexRecursive  queue.o
    0x00006482   0x00000078   Code   RO        12548    i.xQueueReceiveFromISR  queue.o
    0x000064fa   0x00000038   Code   RO        12549    i.xQueueTakeMutexRecursive  queue.o
    0x00006532   0x00000002   PAD
    0x00006534   0x00000060   Code   RO        12763    i.xTaskCheckForTimeOut  tasks.o
    0x00006594   0x00000062   Code   RO        12764    i.xTaskCreate       tasks.o
    0x000065f6   0x00000044   Code   RO        12765    i.xTaskCreateStatic  tasks.o
    0x0000663a   0x00000002   PAD
    0x0000663c   0x000000b0   Code   RO        12766    i.xTaskGenericNotify  tasks.o
    0x000066ec   0x000000e4   Code   RO        12767    i.xTaskGenericNotifyFromISR  tasks.o
    0x000067d0   0x0000000c   Code   RO        12768    i.xTaskGetCurrentTaskHandle  tasks.o
    0x000067dc   0x00000024   Code   RO        12769    i.xTaskGetSchedulerState  tasks.o
    0x00006800   0x0000000c   Code   RO        12770    i.xTaskGetTickCount  tasks.o
    0x0000680c   0x00000120   Code   RO        12772    i.xTaskIncrementTick  tasks.o
    0x0000692c   0x00000090   Code   RO        12774    i.xTaskNotifyWait   tasks.o
    0x000069bc   0x00000060   Code   RO        12775    i.xTaskPriorityDisinherit  tasks.o
    0x00006a1c   0x00000080   Code   RO        12776    i.xTaskRemoveFromEventList  tasks.o
    0x00006a9c   0x00000068   Code   RO        12777    i.xTaskRemoveFromUnorderedEventList  tasks.o
    0x00006b04   0x000000e0   Code   RO        12778    i.xTaskResumeAll    tasks.o
    0x00006be4   0x00000064   Code   RO        13095    i.xTimerCreateTimerTask  timers.o
    0x00006c48   0x00000068   Code   RO        13096    i.xTimerGenericCommand  timers.o
    0x00006cb0   0x00000034   Code   RO        13102    i.xTimerPendFunctionCallFromISR  timers.o
    0x00006ce4   0x00000052   Data   RO          599    .constdata          sx123xdrv.o
    0x00006d36   0x00000001   Data   RO         1536    .constdata          phypacketprocessor.o
    0x00006d37   0x00000001   PAD
    0x00006d38   0x0000005c   Data   RO         1845    .constdata          phypib.o
    0x00006d94   0x00000001   Data   RO         2420    .constdata          phystatemachine.o
    0x00006d95   0x00000112   Data   RO         3313    .constdata          phyisr.o
    0x00006ea7   0x00000001   PAD
    0x00006ea8   0x00000008   Data   RO         4152    .constdata          spi.o
    0x00006eb0   0x0000002d   Data   RO         5884    .constdata          fsl_gpio_driver.o
    0x00006edd   0x00000012   Data   RO         7344    .constdata          fsl_clock_mkw01z4.o
    0x00006eef   0x00000001   PAD
    0x00006ef0   0x00000030   Data   RO         8184    .constdata          fsl_mcg_hal.o
    0x00006f20   0x0000000f   Data   RO        10979    .constdata          fsl_tpm_driver.o
    0x00006f2f   0x00000001   PAD
    0x00006f30   0x0000000c   Data   RO        11632    .constdata          fsl_tpm_hal.o
    0x00006f3c   0x00000041   Data   RO         7345    .conststring        fsl_clock_mkw01z4.o
    0x00006f7d   0x00000003   PAD
    0x00006f80   0x00000020   Data   RO        13445    Region$$Table       anon$$obj.o


    Execution Region RW_IRAM1 (Base: 0x1ffff000, Size: 0x00003c38, Max: 0x00004000, ABSOLUTE, COMPRESSED[0x00000024])

    Base Addr    Size         Type   Attr      Idx    E Section Name        Object

    0x1ffff000   0x00000002   Data   RW           70    .data               asptemp.o
    0x1ffff002   0x00000002   PAD
    0x1ffff004   0x0000001f   Data   RW         2421    .data               phystatemachine.o
    0x1ffff023   0x00000005   PAD
    0x1ffff028   0x00000035   Data   RW         2835    .data               phytime.o
    0x1ffff05d   0x00000003   PAD
    0x1ffff060   0x00000024   Data   RW         3314    .data               phyisr.o
    0x1ffff084   0x0000000c   Data   RW         3893    .data               thread.o
    0x1ffff090   0x00000002   Data   RW         4154    .data               spi.o
    0x1ffff092   0x00000002   PAD
    0x1ffff094   0x00000010   Data   RW         8185    .data               fsl_mcg_hal.o
    0x1ffff0a4   0x00000012   Data   RW        10599    .data               memmanager.o
    0x1ffff0b6   0x00000001   Data   RW        11684    .data               clib_arm.o
    0x1ffff0b7   0x00000001   PAD
    0x1ffff0b8   0x00000014   Data   RW        11803    .data               cmsis_os2.o
    0x1ffff0cc   0x00000004   Data   RW        12189    .data               system_mkw01z4.o
    0x1ffff0d0   0x00000018   Data   RW        12394    .data               heap_5.o
    0x1ffff0e8   0x00000004   Data   RW        12450    .data               port.o
    0x1ffff0ec   0x0000003c   Data   RW        12781    .data               tasks.o
    0x1ffff128   0x00000014   Data   RW        13104    .data               timers.o
    0x1ffff13c   0x00000004   Data   RW        13246    .data               c_p.l(sys_clock.o)
    0x1ffff140   0x0000001c   Zero   RW         1844    .bss                phypib.o
    0x1ffff15c   0x00000004   PAD
    0x1ffff160   0x00000180   Zero   RW         2419    .bss                phystatemachine.o
    0x1ffff2e0   0x00000e70   Zero   RW        10597    .bss                memmanager.o
    0x20000150   0x000023f8   Zero   RW        11802    .bss                cmsis_os2.o
    0x20002548   0x000004c4   Zero   RW        12780    .bss                tasks.o
    0x20002a0c   0x000000c8   Zero   RW        13103    .bss                timers.o
    0x20002ad4   0x00000060   Zero   RW        13386    .bss                c_p.l(libspace.o)
    0x20002b34   0x00000004   PAD
    0x20002b38   0x00000000   Zero   RW        12176    HEAP                startup_mkw01z4.o
    0x20002b38   0x00000100   Zero   RW        12175    STACK               startup_mkw01z4.o


==============================================================================

Image component sizes


      Code (inc. data)   RO Data    RW Data    ZI Data      Debug   Object Name

        30          0          0          0          0       4227   app.o
       880         50          0          2          0     249682   asptemp.o
       128          6          0          1          0       4196   clib_arm.o
      2186        120          0         20       9208      27090   cmsis_os2.o
       510          6          0          0          0       6522   event_groups.o
        16          4          0          0          0        466   freertos_tick_config.o
       398        178         83          0          0       6603   fsl_clock_mkw01z4.o
       512        272         45          0          0       6841   fsl_gpio_driver.o
       124         60          0          0          0     188697   fsl_gpio_hal.o
       608         62         48         16          0      11166   fsl_mcg_hal.o
       210          0          0          0          0       2741   fsl_spi_hal.o
       324        114         15          0          0      14130   fsl_tpm_driver.o
        96          4         12          0          0       5599   fsl_tpm_hal.o
        50          0          0          0          0       1268   functionlib.o
        78          0          0          0          0       1828   genericlist.o
       564         60          0         24          0       4332   heap_5.o
       150          0          0          0          0       3266   list.o
        96         10          0         18       3696       2194   memmanager.o
        26          0          0          0          0        648   messaging.o
         2          0          0          0          0       1200   panic.o
       978          0          0          0          0     197342   phyextended.o
      3860        406        274         36          0      21014   phyisr.o
        62          0          1          0          0       9612   phypacketprocessor.o
       484         64         92          0         28       7571   phypib.o
       752         60          0          0          0       4357   phyplmedata.o
      1718        124          1         31        384      16306   phystatemachine.o
      2398        726          0         53          0      29527   phytime.o
       312         98          0          0          0       1675   pin_mux.o
       368         56          0          4          0       6764   port.o
      1770          0          0          0          0      16896   queue.o
       326         34          8          2          0      11937   spi.o
        80         44        192          0        256        940   startup_mkw01z4.o
      1022        192         82          0          0      16831   sx123xdrv.o
       456         52          0          4          0       1519   system_mkw01z4.o
      3204        436          0         60       1220      27109   tasks.o
       212         36          0         12          0      12905   thread.o
      1078        110          0         20        200       9947   timers.o

    ----------------------------------------------------------------------
     26118       3384        892        316      14996     934948   Object Totals
         0          0         32          0          0          0   (incl. Generated)
        50          0          7         13          4          0   (incl. Padding)

    ----------------------------------------------------------------------

      Code (inc. data)   RO Data    RW Data    ZI Data      Debug   Library Member Name

        58          0          0          0          0          0   __dczerorl.o
         8          0          0          0          0         68   __main.o
         0          0          0          0          0          0   __rtentry.o
        20          0          0          0          0          0   __rtentry2.o
         6          0          0          0          0          0   __rtentry4.o
        60          8          0          0          0          0   __scatter.o
        28          0          0          0          0          0   __scatter_zi.o
        20          0          0          0          0         68   abort.o
        18          0          0          0          0         68   aeabi_memset.o
       346          0          0          0          0         92   aeabi_sdiv.o
       124         42          0          0          0         68   assert.o
        20          0          0          0          0         68   assert_puts.o
        48         34          0          0          0         68   defsig_abrt_inner.o
        12          0          0          0          0         68   defsig_abrt_outer.o
        12          0          0          0          0         68   defsig_exit.o
        52          0          0          0          0         72   defsig_general.o
        16          0          0          0          0         68   exit.o
         6          0          0          0          0        136   heapauxi.o
         0          0          0          0          0          0   indicate_semi.o
         2          0          0          0          0          0   libinit.o
         6          0          0          0          0          0   libinit2.o
         2          0          0          0          0          0   libshutdown.o
         2          0          0          0          0          0   libshutdown2.o
         8          4          0          0         96         68   libspace.o
        48          0          0          0          0         72   llmul.o
       258          0          0          0          0         88   lludiv.o
        64          0          0          0          0        108   rt_memclr.o
       186          0          0          0          0        144   rt_memcpy.o
         2          0          0          0          0          0   rtexit.o
        10          0          0          0          0          0   rtexit2.o
        32          6          0          4          0         76   sys_clock.o
        12          4          0          0          0         60   sys_exit.o
        62          0          0          0          0         80   sys_stackheap_outer.o
        12          0          0          0          0         68   sys_wrch.o
         2          0          0          0          0         68   use_no_semi.o

    ----------------------------------------------------------------------
      1566         98          0          4        100       1744   Library Totals
         4          0          0          0          4          0   (incl. Padding)

    ----------------------------------------------------------------------

      Code (inc. data)   RO Data    RW Data    ZI Data      Debug   Library Name

      1562         98          0          4         96       1744   c_p.l

    ----------------------------------------------------------------------
      1566         98          0          4        100       1744   Library Totals

    ----------------------------------------------------------------------

==============================================================================


      Code (inc. data)   RO Data    RW Data    ZI Data      Debug   

     27684       3482        892        320      15096     921268   Grand Totals
     27684       3482        892         36      15096     921268   ELF Image Totals (compressed)
     27684       3482        892         36          0          0   ROM Totals

==============================================================================

    Total RO  Size (Code + RO Data)                28576 (  27.91kB)
    Total RW  Size (RW Data + ZI Data)             15416 (  15.05kB)
    Total ROM Size (Code + RO Data + RW Data)      28612 (  27.94kB)

==============================================================================

